=== Starting P3-H Real Device Verification ===
Serial: 10ACBF2D3D000RS
Run dir: /Users/qlyf/Developer/reminder/docs/reviews/verification-runs/20260923T1726-p3h-independent-recheck/device-cold

--- 1. 安装候选 APK 与校验指纹 ---
Candidate APK SHA: 6fd03728a329f05e6a3676718779a161a0863ba6c76c99f2511072050c9fada0
Device already has matching APK: 6fd03728a329f05e6a3676718779a161a0863ba6c76c99f2511072050c9fada0
Device APK SHA:    6fd03728a329f05e6a3676718779a161a0863ba6c76c99f2511072050c9fada0
✓ APK 指纹匹配 PASS

--- 2. 平台适配模块 CDP 实机断言 ---
CDP Platform Evaluation Result:
{
  "ready": true,
  "hasPlatform": true,
  "hasAllContract": true,
  "contractLength": 9,
  "isNative": true,
  "hasSysBridge": true,
  "sysBridgeType": "object",
  "hasAppSettings": true,
  "appSettingsType": "object",
  "waitResult": true,
  "deferredPromptIsNull": true,
  "btnInstallHidden": true
}
✓ 平台适配与 PWA 契约实机检查 PASS

--- 3. 截屏与系统快照 ---
✓ 快照已保存

✓ 实机验证完成，结果已落盘：/Users/qlyf/Developer/reminder/docs/reviews/verification-runs/20260923T1726-p3h-independent-recheck/device-cold/device-verify-summary.json
