core wrapper functions
6515:  function maybePromptAndroidNotify() { if (appSetup) return appSetup.maybePromptAndroidNotify(); }
6516:  function noteFirstRemindSaved(it) { if (appSetup) return appSetup.noteFirstRemindSaved(it); }
6517:  function renderSetupEntry() { if (appSetup) return appSetup.renderSetupEntry(); }
6518:  function updateSetupEntry() { if (appSetup) return appSetup.updateSetupEntry(); }
6519:  function openSetupSheet() { if (appSetup) return appSetup.openSetupSheet(); }
6520:  function startSetupTestRun() { return appSetup ? appSetup.startSetupTestRun() : Promise.resolve(false); }
6521:  function stopSetupTestRun() { return appSetup ? appSetup.stopSetupTestRun() : Promise.resolve(0); }
6522:  function setupEvidenceHtml() { return appSetup ? appSetup.setupEvidenceHtml() : Promise.resolve(""); }
6523:  function setupStepsContext() { return appSetup ? appSetup.setupStepsContext() : {}; }
6524:  function renderSetupSheetBody() { if (appSetup) return appSetup.renderSetupSheetBody(); }
6525:  function runSetupStep(stepId) { return appSetup ? appSetup.runSetupStep(stepId) : Promise.resolve(); }
module implementation functions
34:  function maybePromptAndroidNotify() {
45:  function noteFirstRemindSaved(it) {
54:  function renderSetupEntry() {
75:  function openSetupSheet() {
85:  function currentTestRun() {
91:  function deliveryBelongsToRun(d, run) {
105:  async function startSetupTestRun() {
159:  async function stopSetupTestRun() {
226:  function testFeedbackButtonsHtml() {
248:  async function setupEvidenceHtml() {
292:  function setupStepsContext() {
303:  function renderSetupSheetBody() {
369:  function updateSetupEntry() {
382:  async function runSetupStep(stepId) {
setup selector ownership
lib/app-setup.js:39:    const row = $("#btnSetup");
lib/app-setup.js:71:    const btn = $("#setupEntry");
lib/app-setup.js:236:    return '<div class="setup-test-actions" id="setupTestFeedback">' +
lib/app-setup.js:328:      '<button type="button" class="chip" id="setupTestStart">' +
lib/app-setup.js:330:      '<button type="button" class="chip" id="setupTestStop">停止铃声 / 取消未触发的测试</button>' +
lib/app-setup.js:343:    $$("#setupTestFeedback .chip").forEach(ch => {
lib/app-setup.js:356:    const start = $("#setupTestStart");
lib/app-setup.js:358:    const stop = $("#setupTestStop");
lib/app-setup.js:370:    const row = $("#btnSetup");
lib/app-setup.js:427:    function bind() { if (bound) return; bound = true; const row = $("#btnSetup"); if (row) row.addEventListener("click", openSetupSheet); }
app-core.js:3970:    const setupRow = $("#btnSetup");
forbidden reverse dependencies
production order
lib/date-utils.js -> lib/ui-format.js -> lib/app-ui.js -> lib/app-ai.js -> lib/app-backup.js -> lib/app-diagnostics.js -> lib/app-setup.js -> lib/parse-cn.js -> lib/repeat.js -> lib/reminder.js -> lib/storage.js -> lib/feedback.js -> lib/delivery-evidence.js -> lib/native-reminders.js -> app-core.js
coverage
{
  "runtime": {
    "refs": [
      "AppAi",
      "AppAi.createAppAi",
      "AppAi.extractJsonObject",
      "AppAi.normalizeAiResult",
      "AppBackup",
      "AppBackup.createAppBackup",
      "AppDiagnostics",
      "AppDiagnostics.createAppDiagnostics",
      "AppSetup",
      "AppSetup.createAppSetup",
      "AppUi",
      "AppUi.createUi",
      "AppUi.safeExternalHref",
      "DatePrimitives",
      "DatePrimitives.addDays",
      "DatePrimitives.applyClock",
      "DatePrimitives.dayOfMonthIn",
      "DatePrimitives.endOfDay",
      "DatePrimitives.lastDayOfMonth",
      "DatePrimitives.nextDayOfMonth",
      "DatePrimitives.nextWeekend",
      "DatePrimitives.nthWeekdayInMonth",
      "DatePrimitives.nthWeekdayOfNextMonthByDay",
      "DatePrimitives.nthWeekdayOfNextMonthByInstant",
      "DatePrimitives.sameDay",
      "DatePrimitives.startOfDay",
      "DatePrimitives.weekdayOfNextWeek",
      "DeliveryEvidence",
      "DeliveryEvidence.entryRoundBase",
      "DeliveryEvidence.evidenceStatusFor",
      "DeliveryEvidence.mergeEvidence",
      "DeliveryEvidence.normalizeEvidence",
      "Feedback",
      "Feedback.UNDO_WINDOW_MS",
      "Feedback.actionSpec",
      "Feedback.captureSummary",
      "Feedback.reminderFeedback",
      "Feedback.saveFeedback",
      "NativeReminders.buildDesired",
      "NativeReminders.drainAlarmActions",
      "NativeReminders.getDeliveryEvidence",
      "NativeReminders.getPermissionState",
      "NativeReminders.initialize",
      "NativeReminders.isNativeAndroid",
      "NativeReminders.migrateItem",
      "NativeReminders.onAlarmAction",
      "NativeReminders.openExactAlarmSettings",
      "NativeReminders.reconcile",
      "NativeReminders.requestNotificationPermission",
      "NativeReminders.suppressPastReminderReplay",
      "NativeReminders.systemBridge",
      "UiFormat",
      "UiFormat.dayLabel",
      "UiFormat.escapeAttr",
      "UiFormat.escapeHtml",
      "UiFormat.fmtDate",
      "UiFormat.fmtTime",
      "UiFormat.pad",
      "UiFormat.parseLocalInput",
      "UiFormat.relDue",
      "UiFormat.renderMarkdown",
      "UiFormat.toLocalInput",
      "UiFormat.uid",
      "applyWindowTrigger",
      "cnInt",
      "deadlineStageKey",
      "hasIdb",
      "inQuietHours",
      "markReminded",
      "nextRepeatTrigger",
      "parseChineseTime",
      "quietEnd",
      "shouldRealert"
    ],
    "declared": [
      "AppAi",
      "AppAi.createAppAi",
      "AppAi.extractJsonObject",
      "AppAi.normalizeAiResult",
      "AppBackup",
      "AppBackup.createAppBackup",
      "AppDiagnostics",
      "AppDiagnostics.createAppDiagnostics",
      "AppSetup",
      "AppSetup.createAppSetup",
      "AppUi",
      "AppUi.createUi",
      "AppUi.safeExternalHref",
      "AttentionLib",
      "AttentionNativeReminders",
      "DatePrimitives",
      "DatePrimitives.addDays",
      "DatePrimitives.applyClock",
      "DatePrimitives.dayOfMonthIn",
      "DatePrimitives.endOfDay",
      "DatePrimitives.lastDayOfMonth",
      "DatePrimitives.nextDayOfMonth",
      "DatePrimitives.nextWeekend",
      "DatePrimitives.nthWeekdayInMonth",
      "DatePrimitives.nthWeekdayOfNextMonthByDay",
      "DatePrimitives.nthWeekdayOfNextMonthByInstant",
      "DatePrimitives.sameDay",
      "DatePrimitives.startOfDay",
      "DatePrimitives.weekdayOfNextWeek",
      "DeliveryEvidence",
      "DeliveryEvidence.entryRoundBase",
      "DeliveryEvidence.evidenceStatusFor",
      "DeliveryEvidence.mergeEvidence",
      "DeliveryEvidence.normalizeEvidence",
      "Feedback",
      "Feedback.TEST_FEEDBACK",
      "Feedback.UNDO_WINDOW_MS",
      "Feedback.actionSpec",
      "Feedback.captureSummary",
      "Feedback.reminderFeedback",
      "Feedback.saveFeedback",
      "Feedback.setupSteps",
      "Feedback.testFeedbackVerdict",
      "NativeReminders.buildDesired",
      "NativeReminders.drainAlarmActions",
      "NativeReminders.getDeliveryEvidence",
      "NativeReminders.getPermissionState",
      "NativeReminders.initialize",
      "NativeReminders.isNativeAndroid",
      "NativeReminders.migrateItem",
      "NativeReminders.onAlarmAction",
      "NativeReminders.openExactAlarmSettings",
      "NativeReminders.reconcile",
      "NativeReminders.requestNotificationPermission",
      "NativeReminders.suppressPastReminderReplay",
      "NativeReminders.systemBridge",
      "UiFormat",
      "UiFormat.dayLabel",
      "UiFormat.escapeAttr",
      "UiFormat.escapeHtml",
      "UiFormat.fmtDate",
      "UiFormat.fmtTime",
      "UiFormat.pad",
      "UiFormat.parseLocalInput",
      "UiFormat.relDue",
      "UiFormat.renderMarkdown",
      "UiFormat.toLocalInput",
      "UiFormat.uid",
      "applyWindowTrigger",
      "cnInt",
      "createStorage",
      "deadlineStageKey",
      "deadlineStagePoints",
      "hasIdb",
      "hasSpecificTimeWord",
      "inQuietHours",
      "markReminded",
      "nextRepeatPreview",
      "nextRepeatTrigger",
      "parseChineseTime",
      "quietEnd",
      "repeatLabel",
      "shouldRealert"
    ],
    "declaredTypeOf": {
      "AppAi": "object",
      "AppAi.createAppAi": "function",
      "AppAi.extractJsonObject": "function",
      "AppAi.normalizeAiResult": "function",
      "AppBackup": "object",
      "AppBackup.createAppBackup": "function",
      "AppDiagnostics": "object",
      "AppDiagnostics.createAppDiagnostics": "function",
      "AppSetup": "object",
      "AppSetup.createAppSetup": "function",
      "AppUi": "object",
      "AppUi.createUi": "function",
      "AppUi.safeExternalHref": "function",
      "AttentionLib": "object",
      "AttentionNativeReminders": "object",
      "DatePrimitives": "object",
      "DatePrimitives.addDays": "function",
      "DatePrimitives.applyClock": "function",
      "DatePrimitives.dayOfMonthIn": "function",
      "DatePrimitives.endOfDay": "function",
      "DatePrimitives.lastDayOfMonth": "function",
      "DatePrimitives.nextDayOfMonth": "function",
      "DatePrimitives.nextWeekend": "function",
      "DatePrimitives.nthWeekdayInMonth": "function",
      "DatePrimitives.nthWeekdayOfNextMonthByDay": "function",
      "DatePrimitives.nthWeekdayOfNextMonthByInstant": "function",
      "DatePrimitives.sameDay": "function",
      "DatePrimitives.startOfDay": "function",
      "DatePrimitives.weekdayOfNextWeek": "function",
      "DeliveryEvidence": "object",
      "DeliveryEvidence.entryRoundBase": "function",
      "DeliveryEvidence.evidenceStatusFor": "function",
      "DeliveryEvidence.mergeEvidence": "function",
      "DeliveryEvidence.normalizeEvidence": "function",
      "Feedback": "object",
      "Feedback.TEST_FEEDBACK": "array",
      "Feedback.UNDO_WINDOW_MS": "number",
      "Feedback.actionSpec": "function",
      "Feedback.captureSummary": "function",
      "Feedback.reminderFeedback": "function",
      "Feedback.saveFeedback": "function",
      "Feedback.setupSteps": "function",
      "Feedback.testFeedbackVerdict": "function",
      "NativeReminders.buildDesired": "function",
      "NativeReminders.drainAlarmActions": "function",
      "NativeReminders.getDeliveryEvidence": "function",
      "NativeReminders.getPermissionState": "function",
      "NativeReminders.initialize": "function",
      "NativeReminders.isNativeAndroid": "function",
      "NativeReminders.migrateItem": "function",
      "NativeReminders.onAlarmAction": "function",
      "NativeReminders.openExactAlarmSettings": "function",
      "NativeReminders.reconcile": "function",
      "NativeReminders.requestNotificationPermission": "function",
      "NativeReminders.suppressPastReminderReplay": "function",
      "NativeReminders.systemBridge": "function",
      "UiFormat": "object",
      "UiFormat.dayLabel": "function",
      "UiFormat.escapeAttr": "function",
      "UiFormat.escapeHtml": "function",
      "UiFormat.fmtDate": "function",
      "UiFormat.fmtTime": "function",
      "UiFormat.pad": "function",
      "UiFormat.parseLocalInput": "function",
      "UiFormat.relDue": "function",
      "UiFormat.renderMarkdown": "function",
      "UiFormat.toLocalInput": "function",
      "UiFormat.uid": "function",
      "applyWindowTrigger": "function",
      "cnInt": "function",
      "createStorage": "function",
      "deadlineStageKey": "function",
      "deadlineStagePoints": "function",
      "hasIdb": "function",
      "hasSpecificTimeWord": "function",
      "inQuietHours": "function",
      "markReminded": "function",
      "nextRepeatPreview": "function",
      "nextRepeatTrigger": "function",
      "parseChineseTime": "function",
      "quietEnd": "function",
      "repeatLabel": "function",
      "shouldRealert": "function"
    },
    "declaredTypes": [
      "array",
      "function",
      "number",
      "object"
    ],
    "undeclared": [],
    "guardedRefs": [
      "NativeReminders.drainAlarmActions",
      "NativeReminders.getDeliveryEvidence",
      "NativeReminders.getPermissionState",
      "NativeReminders.isNativeAndroid",
      "NativeReminders.migrateItem",
      "NativeReminders.onAlarmAction",
      "NativeReminders.reconcile",
      "NativeReminders.suppressPastReminderReplay",
      "NativeReminders.systemBridge",
      "hasIdb"
    ],
    "ambiguousRefs": [],
    "aliases": {
      "feedbackApi": "FeedbackLib"
    },
    "ambiguousAliases": [],
    "problems": [],
    "unusedDeclarations": [
      "AttentionLib",
      "AttentionNativeReminders",
      "Feedback.TEST_FEEDBACK",
      "Feedback.setupSteps",
      "Feedback.testFeedbackVerdict",
      "createStorage",
      "deadlineStagePoints",
      "hasSpecificTimeWord",
      "nextRepeatPreview",
      "repeatLabel"
    ]
  },
  "setup": {
    "local": "appSetup",
    "contract": "APP_SETUP_INSTANCE_CONTRACT",
    "used": [
      "bind",
      "maybePromptAndroidNotify",
      "noteFirstRemindSaved",
      "openSetupSheet",
      "renderSetupEntry",
      "renderSetupSheetBody",
      "runSetupStep",
      "setupEvidenceHtml",
      "setupStepsContext",
      "startSetupTestRun",
      "stopSetupTestRun",
      "updateSetupEntry"
    ],
    "declared": [
      "bind",
      "maybePromptAndroidNotify",
      "noteFirstRemindSaved",
      "openSetupSheet",
      "renderSetupEntry",
      "renderSetupSheetBody",
      "runSetupStep",
      "setupEvidenceHtml",
      "setupStepsContext",
      "startSetupTestRun",
      "stopSetupTestRun",
      "updateSetupEntry"
    ],
    "internalOnly": [],
    "missingInContract": [],
    "unusedInContract": []
  }
}
