[2026-09-26 09:44:37] [1790387077543] [ATTEMPT R3-a] === attempt R3-a start ===
[2026-09-26 09:44:38] [1790387077684] [ATTEMPT R3-a] mResumed: topResumedActivity=ActivityRecord{257007346 u0 space.alliswell.inbox/.MainActivity t152 d0}
[2026-09-26 09:44:38] [1790387078349] [ATTEMPT R3-a] pre: {"t": 1790387078310, "homeEmpty": false, "homeText": "还差 1 步，提醒才能准时响下一步：允许完全后台运行 (防冻结)›", "sheetOpen": false, "bgDone": true, "ignoring": false, "rr": {"c": 68, "last": 1790386891814}}
[2026-09-26 09:44:38] [1790387078418] [ATTEMPT R3-a] sampler started (250ms)
[2026-09-26 09:44:40] [1790387080075] [ATTEMPT R3-a] pressed HOME
[2026-09-26 09:44:59] [1790387099570] [ATTEMPT R3-a] Tswitch=1790387099534 tapping 允许后台耗电 at (258, 988)
[2026-09-26 09:45:04] [1790387104287] [ATTEMPT R3-a] after toggle checked=允许后台耗电
[2026-09-26 09:45:09] [1790387109195] [ATTEMPT R3-a] tapping recents card at (604, 388)
[2026-09-26 09:45:15] [1790387115524] [ATTEMPT R3-a] FATAL: recents did not return to app
[2026-09-26 09:48:19] [1790387299341] [ATTEMPT R3-a] === attempt R3-a start ===
[2026-09-26 09:48:19] [1790387299471] [ATTEMPT R3-a] mResumed: topResumedActivity=ActivityRecord{257007346 u0 space.alliswell.inbox/.MainActivity t152 d0}
[2026-09-26 09:48:20] [1790387300136] [ATTEMPT R3-a] pre: {"t": 1790387300086, "homeEmpty": false, "homeText": "还差 1 步，提醒才能准时响下一步：允许完全后台运行 (防冻结)›", "sheetOpen": false, "bgDone": true, "ignoring": false, "rr": {"c": 68, "last": 1790386891814}}
[2026-09-26 09:48:20] [1790387300199] [ATTEMPT R3-a] sampler started (250ms)
[2026-09-26 09:48:22] [1790387301841] [ATTEMPT R3-a] pressed HOME
[2026-09-26 09:48:41] [1790387321140] [ATTEMPT R3-a] Tswitch=1790387321091 tapping 允许后台耗电 at (258, 988)
[2026-09-26 09:48:46] [1790387325883] [ATTEMPT R3-a] after toggle checked=允许后台耗电
[2026-09-26 09:48:51] [1790387330845] [ATTEMPT R3-a] tapping recents card snapshot at (604, 258)
[2026-09-26 09:48:57] [1790387337257] [ATTEMPT R3-a] FATAL: recents did not return to app
[2026-09-26 09:50:43] [1790387443019] [ATTEMPT R3-a] === attempt R3-a start ===
[2026-09-26 09:50:43] [1790387443163] [ATTEMPT R3-a] mResumed: topResumedActivity=ActivityRecord{257007346 u0 space.alliswell.inbox/.MainActivity t152 d0}
[2026-09-26 09:50:44] [1790387443853] [ATTEMPT R3-a] pre: {"t": 1790387443811, "homeEmpty": false, "homeText": "还差 1 步，提醒才能准时响下一步：允许完全后台运行 (防冻结)›", "sheetOpen": false, "bgDone": true, "ignoring": false, "rr": {"c": 68, "last": 1790386891814}}
[2026-09-26 09:50:44] [1790387443905] [ATTEMPT R3-a] sampler started (250ms)
[2026-09-26 09:50:45] [1790387445556] [ATTEMPT R3-a] pressed HOME
[2026-09-26 09:51:05] [1790387464897] [ATTEMPT R3-a] Tswitch=1790387464860 tapping 允许后台耗电 at (258, 988)
[2026-09-26 09:51:10] [1790387469674] [ATTEMPT R3-a] after toggle checked=允许后台耗电
[2026-09-26 09:51:14] [1790387474519] [ATTEMPT R3-a] tapping recents card container at (540, 1133)
[2026-09-26 09:51:15] [1790387474854] [ATTEMPT R3-a] app resumed via recents, t_resume=1790387474780, topResumedActivity=ActivityRecord{257007346 u0 space.alliswell.inbox/.MainActivity t152 d0}
[2026-09-26 09:51:15] [1790387474897] [ATTEMPT R3-a] observation window 15s starts, t_resume=1790387474780
[2026-09-26 09:51:30] [1790387490050] [ATTEMPT R3-a] observation window end
[2026-09-26 09:51:31] [1790387490734] [ATTEMPT R3-a] analysis: {"t_resume": 1790387474780, "first_sample_after_resume": {"t": 1790387474724, "homeEmpty": false, "homeText": "还差 1 步，提醒才能准时响下一步：允许完全后台运行 (防冻结)›", "sheetOpen": false, "bgDone": true, "ignoring": false, "rr": {"c": 68, "last": 1790386891814}}, "ignoring_first_true": 1790387475062, "ignoring_delay_ms": 282, "bgDone_first_true": 1790387474724, "bgDone_delay_ms": -56, "homeEmpty_first_true_after_resume": 1790387475062}
[2026-09-26 09:51:31] [1790387490798] [ATTEMPT R3-a] final home: {"t": 1790387490758, "homeEmpty": true, "homeText": "", "sheetOpen": false, "bgDone": true, "ignoring": true, "rr": {"c": 68, "last": 1790386891814}}
[2026-09-26 09:51:31] [1790387491343] [ATTEMPT R3-a] screenshot final-home png_ok=True
[2026-09-26 09:51:31] [1790387491402] [ATTEMPT R3-a] === attempt R3-a end ===
