[2026-09-26 09:40:47] [1790386847102] [ATTEMPT R2-b] === attempt R2-b start ===
[2026-09-26 09:40:47] [1790386847240] [ATTEMPT R2-b] mResumed: topResumedActivity=ActivityRecord{257007346 u0 space.alliswell.inbox/.MainActivity t152 d0}
[2026-09-26 09:40:48] [1790386847910] [ATTEMPT R2-b] pre: {"t": 1790386847864, "homeEmpty": false, "homeText": "还差 1 步，提醒才能准时响下一步：允许完全后台运行 (防冻结)›", "sheetOpen": false, "bgDone": true, "ignoring": false, "rr": {"c": 54, "last": 1790386431492}}
[2026-09-26 09:40:48] [1790386847972] [ATTEMPT R2-b] sampler started (250ms)
[2026-09-26 09:40:49] [1790386849299] [ATTEMPT R2-b] switched to 我的 tab
[2026-09-26 09:40:51] [1790386850664] [ATTEMPT R2-b] sheet opened from 我的
[2026-09-26 09:40:51] [1790386850741] [ATTEMPT R2-b] mutation observer: already
[2026-09-26 09:40:51] [1790386850788] [ATTEMPT R2-b] tapping background step chip
[2026-09-26 09:40:53] [1790386853511] [ATTEMPT R2-b] after chip tap: mResumed=topResumedActivity=ActivityRecord{264187472 u0 com.iqoo.powersaving/.BackgroundHighUsageActivity t43 d0}
[2026-09-26 09:40:54] [1790386854136] [ATTEMPT R2-b] screenshot landing png_ok=True
[2026-09-26 09:40:58] [1790386858245] [ATTEMPT R2-b] landing step 0: mResumed=topResumedActivity=ActivityRecord{264187472 u0 com.iqoo.powersaving/.BackgroundHighUsageActivity t43 d0}
[2026-09-26 09:40:58] [1790386858300] [ATTEMPT R2-b] tapping 安心收件箱 at (348, 410)
[2026-09-26 09:41:04] [1790386864313] [ATTEMPT R2-b] landing step 1: mResumed=topResumedActivity=ActivityRecord{130596560 u0 com.iqoo.powersaving/.activity.ExcessivePowerDescriptionActivity t43 d0}
[2026-09-26 09:41:04] [1790386864369] [ATTEMPT R2-b] reached radio options page
[2026-09-26 09:41:07] [1790386867079] [ATTEMPT R2-b] before toggle checked=智能控制后台耗电
[2026-09-26 09:41:07] [1790386867159] [ATTEMPT R2-b] Tswitch=1790386867125 tapping 允许后台耗电 at (258, 988)
[2026-09-26 09:41:12] [1790386871911] [ATTEMPT R2-b] after toggle checked=允许后台耗电
[2026-09-26 09:41:12] [1790386872479] [ATTEMPT R2-b] screenshot after-toggle png_ok=True
[2026-09-26 09:41:17] [1790386876823] [ATTEMPT R2-b] BACK #1: not app yet, mResumed=topResumedActivity=ActivityRecord{264187472 u0 com.iqoo.powersaving/.BackgroundHighUsageActivity t43 d0}
[2026-09-26 09:41:21] [1790386881122] [ATTEMPT R2-b] BACK #2: not app yet, mResumed=topResumedActivity=ActivityRecord{115309760 u0 com.iqoo.powersaving/.activity.ExcessivePowerDescriptionActivit
[2026-09-26 09:41:25] [1790386885439] [ATTEMPT R2-b] BACK #3: not app yet, mResumed=topResumedActivity=ActivityRecord{153197843 u0 com.iqoo.powersaving/.fuelgauge.PowerUsageSummaryActivity t43 d
[2026-09-26 09:41:30] [1790386889718] [ATTEMPT R2-b] BACK #4: not app yet, mResumed=topResumedActivity=ActivityRecord{213512320 u0 com.android.settings/.applications.InstalledAppDetails t43 d0}
[2026-09-26 09:41:32] [1790386891828] [ATTEMPT R2-b] relaunched from home, t_resume=1790386891753, topResumedActivity=ActivityRecord{257007346 u0 space.alliswell.inbox/.MainActivity t152 d0}
[2026-09-26 09:41:32] [1790386891884] [ATTEMPT R2-b] return-to-app method: home+relaunch
[2026-09-26 09:41:32] [1790386891923] [ATTEMPT R2-b] observation window 15s starts, t_resume=1790386891753
[2026-09-26 09:41:47] [1790386907084] [ATTEMPT R2-b] observation window end
[2026-09-26 09:41:48] [1790386907781] [ATTEMPT R2-b] analysis: {"t_resume": 1790386891753, "first_sample_after_resume": {"t": 1790386891728, "homeEmpty": false, "homeText": "还差 1 步，提醒才能准时响下一步：允许完全后台运行 (防冻结)›", "sheetOpen": true, "bgDone": true, "ignoring": true, "rr": {"c": 64, "last": 1790386891583}}, "ignoring_first_true": 1790386891728, "ignoring_delay_ms": -25, "bgDone_first_true": 1790386891728, "bgDone_delay_ms": -25, "homeEmpty_first_true_after_resume": null}
[2026-09-26 09:41:49] [1790386908913] [ATTEMPT R2-b] final after closing sheet: {"t": 1790386908861, "homeEmpty": false, "homeText": "还差 1 步，提醒才能准时响下一步：允许完全后台运行 (防冻结)›", "sheetOpen": false, "bgDone": true, "ignoring": true, "rr": {"c": 68, "last": 1790386891814}}
[2026-09-26 09:41:49] [1790386909506] [ATTEMPT R2-b] screenshot final-home png_ok=True
[2026-09-26 09:41:50] [1790386909571] [ATTEMPT R2-b] === attempt R2-b end ===
