[2026-09-26 09:24:12] [1790385851837] [ATTEMPT R1-b] === attempt R1-b start ===
[2026-09-26 09:24:12] [1790385851975] [ATTEMPT R1-b] mResumed: topResumedActivity=ActivityRecord{257007346 u0 space.alliswell.inbox/.MainActivity t152 d0}
[2026-09-26 09:24:34] [1790385873836] [ATTEMPT R1-b] === attempt R1-b start ===
[2026-09-26 09:24:34] [1790385873986] [ATTEMPT R1-b] mResumed: topResumedActivity=ActivityRecord{257007346 u0 space.alliswell.inbox/.MainActivity t152 d0}
[2026-09-26 09:24:35] [1790385874673] [ATTEMPT R1-b] pre: {"t": 1790385874617, "homeEmpty": false, "homeText": "还差 1 步，提醒才能准时响下一步：允许完全后台运行 (防冻结)›", "sheetOpen": false, "bgDone": true, "ignoring": false, "rr": null}
[2026-09-26 09:24:35] [1790385874743] [ATTEMPT R1-b] sampler started (250ms)
[2026-09-26 09:24:35] [1790385874807] [ATTEMPT R1-b] tapping home card #setupEntry
[2026-09-26 09:24:36] [1790385876145] [ATTEMPT R1-b] sheet opened
[2026-09-26 09:24:36] [1790385876205] [ATTEMPT R1-b] mutation observer: installed
[2026-09-26 09:24:36] [1790385876246] [ATTEMPT R1-b] tapping background step chip
[2026-09-26 09:24:39] [1790385879234] [ATTEMPT R1-b] after chip tap: mResumed=topResumedActivity=ActivityRecord{200253981 u0 com.iqoo.powersaving/.BackgroundHighUsageActivity t43 d0}
[2026-09-26 09:24:40] [1790385879861] [ATTEMPT R1-b] screenshot landing png_ok=True
[2026-09-26 09:24:44] [1790385883944] [ATTEMPT R1-b] landing step 0: mResumed=topResumedActivity=ActivityRecord{200253981 u0 com.iqoo.powersaving/.BackgroundHighUsageActivity t43 d0}
[2026-09-26 09:24:44] [1790385884011] [ATTEMPT R1-b] tapping 安心收件箱 at (348, 410)
[2026-09-26 09:24:50] [1790385890039] [ATTEMPT R1-b] landing step 1: mResumed=topResumedActivity=ActivityRecord{248663575 u0 com.iqoo.powersaving/.activity.ExcessivePowerDescriptionActivity t43 d0}
[2026-09-26 09:24:50] [1790385890089] [ATTEMPT R1-b] reached radio options page
[2026-09-26 09:24:53] [1790385892663] [ATTEMPT R1-b] before toggle checked=智能控制后台耗电
[2026-09-26 09:24:53] [1790385892743] [ATTEMPT R1-b] Tswitch=1790385892707 tapping 允许后台耗电 at (258, 988)
[2026-09-26 09:24:57] [1790385897411] [ATTEMPT R1-b] after toggle checked=允许后台耗电
[2026-09-26 09:24:58] [1790385898033] [ATTEMPT R1-b] screenshot after-toggle png_ok=True
[2026-09-26 09:25:03] [1790385902595] [ATTEMPT R1-b] BACK #1: not app yet, mResumed=topResumedActivity=ActivityRecord{200253981 u0 com.iqoo.powersaving/.BackgroundHighUsageActivity t43 d0}
[2026-09-26 09:25:07] [1790385907047] [ATTEMPT R1-b] BACK #2: not app yet, mResumed=topResumedActivity=ActivityRecord{2832222 u0 com.iqoo.powersaving/.activity.ExcessivePowerDescriptionActivity 
[2026-09-26 09:25:11] [1790385911516] [ATTEMPT R1-b] BACK #3: not app yet, mResumed=topResumedActivity=ActivityRecord{170380007 u0 com.iqoo.powersaving/.fuelgauge.PowerUsageSummaryActivity t43 d
[2026-09-26 09:25:16] [1790385916001] [ATTEMPT R1-b] BACK #4: not app yet, mResumed=topResumedActivity=ActivityRecord{169112466 u0 com.android.settings/.applications.InstalledAppDetails t43 d0}
[2026-09-26 09:25:16] [1790385916080] [ATTEMPT R1-b] FATAL: BACK did not return to app
[2026-09-26 09:27:00] [1790386019682] [ATTEMPT R1-b] === attempt R1-b start ===
[2026-09-26 09:27:00] [1790386019804] [ATTEMPT R1-b] mResumed: topResumedActivity=ActivityRecord{257007346 u0 space.alliswell.inbox/.MainActivity t152 d0}
[2026-09-26 09:27:00] [1790386020473] [ATTEMPT R1-b] pre: {"t": 1790386020428, "homeEmpty": false, "homeText": "还差 1 步，提醒才能准时响下一步：允许完全后台运行 (防冻结)›", "sheetOpen": false, "bgDone": true, "ignoring": false, "rr": {"c": 12, "last": 1790385988260}}
[2026-09-26 09:27:00] [1790386020542] [ATTEMPT R1-b] sampler started (250ms)
[2026-09-26 09:27:01] [1790386020614] [ATTEMPT R1-b] tapping home card #setupEntry
[2026-09-26 09:27:02] [1790386021937] [ATTEMPT R1-b] sheet opened
[2026-09-26 09:27:02] [1790386022003] [ATTEMPT R1-b] mutation observer: already
[2026-09-26 09:27:02] [1790386022052] [ATTEMPT R1-b] tapping background step chip
[2026-09-26 09:27:05] [1790386024761] [ATTEMPT R1-b] after chip tap: mResumed=topResumedActivity=ActivityRecord{203450014 u0 com.iqoo.powersaving/.BackgroundHighUsageActivity t43 d0}
[2026-09-26 09:27:05] [1790386025331] [ATTEMPT R1-b] screenshot landing png_ok=True
[2026-09-26 09:27:09] [1790386029429] [ATTEMPT R1-b] landing step 0: mResumed=topResumedActivity=ActivityRecord{203450014 u0 com.iqoo.powersaving/.BackgroundHighUsageActivity t43 d0}
[2026-09-26 09:27:09] [1790386029493] [ATTEMPT R1-b] tapping 安心收件箱 at (348, 410)
[2026-09-26 09:27:15] [1790386035402] [ATTEMPT R1-b] landing step 1: mResumed=topResumedActivity=ActivityRecord{68875538 u0 com.iqoo.powersaving/.activity.ExcessivePowerDescriptionActivity t43 d0}
[2026-09-26 09:27:15] [1790386035469] [ATTEMPT R1-b] reached radio options page
[2026-09-26 09:27:18] [1790386038007] [ATTEMPT R1-b] before toggle checked=智能控制后台耗电
[2026-09-26 09:27:18] [1790386038088] [ATTEMPT R1-b] Tswitch=1790386038055 tapping 允许后台耗电 at (258, 988)
[2026-09-26 09:27:23] [1790386042688] [ATTEMPT R1-b] after toggle checked=允许后台耗电
[2026-09-26 09:27:23] [1790386043171] [ATTEMPT R1-b] screenshot after-toggle png_ok=True
[2026-09-26 09:27:28] [1790386047765] [ATTEMPT R1-b] BACK #1: not app yet, mResumed=topResumedActivity=ActivityRecord{203450014 u0 com.iqoo.powersaving/.BackgroundHighUsageActivity t43 d0}
[2026-09-26 09:27:32] [1790386052350] [ATTEMPT R1-b] BACK #2: not app yet, mResumed=topResumedActivity=ActivityRecord{244634898 u0 com.iqoo.powersaving/.activity.ExcessivePowerDescriptionActivit
[2026-09-26 09:27:37] [1790386056967] [ATTEMPT R1-b] BACK #3: not app yet, mResumed=topResumedActivity=ActivityRecord{239808860 u0 com.iqoo.powersaving/.fuelgauge.PowerUsageSummaryActivity t43 d
[2026-09-26 09:27:41] [1790386061530] [ATTEMPT R1-b] BACK #4: not app yet, mResumed=topResumedActivity=ActivityRecord{14047247 u0 com.android.settings/.applications.InstalledAppDetails t43 d0}
[2026-09-26 09:27:43] [1790386063556] [ATTEMPT R1-b] relaunched from home, t_resume=1790386063490, topResumedActivity=ActivityRecord{257007346 u0 space.alliswell.inbox/.MainActivity t152 d0}
[2026-09-26 09:27:44] [1790386063611] [ATTEMPT R1-b] return-to-app method: home+relaunch
[2026-09-26 09:27:44] [1790386063656] [ATTEMPT R1-b] observation window 15s starts, t_resume=1790386063490
[2026-09-26 09:27:59] [1790386078854] [ATTEMPT R1-b] observation window end
[2026-09-26 09:27:59] [1790386079539] [ATTEMPT R1-b] analysis: {"t_resume": 1790386063490, "first_sample_after_resume": {"t": 1790386063533, "homeEmpty": true, "homeText": "", "sheetOpen": true, "bgDone": true, "ignoring": true, "rr": {"c": 22, "last": 1790386063411}}, "ignoring_first_true": 1790386063533, "ignoring_delay_ms": 43, "bgDone_first_true": 1790386063533, "bgDone_delay_ms": 43, "homeEmpty_first_true_after_resume": 1790386063533}
[2026-09-26 09:28:01] [1790386080684] [ATTEMPT R1-b] final after closing sheet: {"t": 1790386080624, "homeEmpty": true, "homeText": "", "sheetOpen": false, "bgDone": true, "ignoring": true, "rr": {"c": 26, "last": 1790386063583}}
[2026-09-26 09:28:01] [1790386081248] [ATTEMPT R1-b] screenshot final-home png_ok=True
[2026-09-26 09:28:01] [1790386081311] [ATTEMPT R1-b] === attempt R1-b end ===
