
> Configure project :app
WARNING: Using flatDir should be avoided because it doesn't support any meta-data formats.

> Configure project :capacitor-cordova-android-plugins
WARNING: Using flatDir should be avoided because it doesn't support any meta-data formats.

> Task :app:preBuild UP-TO-DATE
> Task :app:preDebugBuild UP-TO-DATE
> Task :app:mergeDebugNativeDebugMetadata NO-SOURCE
> Task :app:javaPreCompileDebug UP-TO-DATE
> Task :capacitor-android:preBuild UP-TO-DATE
> Task :capacitor-android:preDebugBuild UP-TO-DATE
> Task :capacitor-android:writeDebugAarMetadata UP-TO-DATE
> Task :capacitor-app:preBuild UP-TO-DATE
> Task :capacitor-app:preDebugBuild UP-TO-DATE
> Task :capacitor-app:writeDebugAarMetadata UP-TO-DATE
> Task :capacitor-cordova-android-plugins:preBuild UP-TO-DATE
> Task :capacitor-cordova-android-plugins:preDebugBuild UP-TO-DATE
> Task :capacitor-cordova-android-plugins:writeDebugAarMetadata UP-TO-DATE
> Task :capacitor-local-notifications:preBuild UP-TO-DATE
> Task :capacitor-local-notifications:preDebugBuild UP-TO-DATE
> Task :capacitor-local-notifications:writeDebugAarMetadata UP-TO-DATE
> Task :app:checkDebugAarMetadata UP-TO-DATE
> Task :app:generateDebugResValues UP-TO-DATE
> Task :capacitor-android:generateDebugResValues UP-TO-DATE
> Task :capacitor-android:generateDebugResources UP-TO-DATE
> Task :capacitor-android:packageDebugResources UP-TO-DATE
> Task :capacitor-app:generateDebugResValues UP-TO-DATE
> Task :capacitor-app:generateDebugResources UP-TO-DATE
> Task :capacitor-app:packageDebugResources UP-TO-DATE
> Task :capacitor-cordova-android-plugins:generateDebugResValues UP-TO-DATE
> Task :capacitor-cordova-android-plugins:generateDebugResources UP-TO-DATE
> Task :capacitor-cordova-android-plugins:packageDebugResources UP-TO-DATE
> Task :capacitor-local-notifications:generateDebugResValues UP-TO-DATE
> Task :capacitor-local-notifications:generateDebugResources UP-TO-DATE
> Task :capacitor-local-notifications:packageDebugResources UP-TO-DATE
> Task :app:mapDebugSourceSetPaths UP-TO-DATE
> Task :app:generateDebugResources UP-TO-DATE
> Task :app:mergeDebugResources UP-TO-DATE
> Task :app:packageDebugResources UP-TO-DATE
> Task :app:parseDebugLocalResources UP-TO-DATE
> Task :app:createDebugCompatibleScreenManifests UP-TO-DATE
> Task :app:extractDeepLinksDebug UP-TO-DATE
> Task :capacitor-android:extractDeepLinksDebug UP-TO-DATE
> Task :capacitor-android:processDebugManifest UP-TO-DATE
> Task :capacitor-app:extractDeepLinksDebug UP-TO-DATE
> Task :capacitor-app:processDebugManifest UP-TO-DATE
> Task :capacitor-cordova-android-plugins:extractDeepLinksDebug UP-TO-DATE
> Task :capacitor-cordova-android-plugins:processDebugManifest UP-TO-DATE
> Task :capacitor-local-notifications:extractDeepLinksDebug UP-TO-DATE
> Task :capacitor-local-notifications:processDebugManifest UP-TO-DATE
> Task :app:processDebugMainManifest UP-TO-DATE
> Task :app:processDebugManifest UP-TO-DATE
> Task :app:processDebugManifestForPackage UP-TO-DATE
> Task :capacitor-android:compileDebugLibraryResources UP-TO-DATE
> Task :capacitor-android:parseDebugLocalResources UP-TO-DATE
> Task :capacitor-android:generateDebugRFile UP-TO-DATE
> Task :capacitor-app:compileDebugLibraryResources UP-TO-DATE
> Task :capacitor-app:parseDebugLocalResources UP-TO-DATE
> Task :capacitor-app:generateDebugRFile UP-TO-DATE
> Task :capacitor-cordova-android-plugins:compileDebugLibraryResources UP-TO-DATE
> Task :capacitor-cordova-android-plugins:parseDebugLocalResources UP-TO-DATE
> Task :capacitor-cordova-android-plugins:generateDebugRFile UP-TO-DATE
> Task :capacitor-local-notifications:compileDebugLibraryResources UP-TO-DATE
> Task :capacitor-local-notifications:parseDebugLocalResources UP-TO-DATE
> Task :capacitor-local-notifications:generateDebugRFile UP-TO-DATE
> Task :app:processDebugResources UP-TO-DATE
> Task :capacitor-android:javaPreCompileDebug UP-TO-DATE
> Task :capacitor-android:compileDebugJavaWithJavac UP-TO-DATE
> Task :capacitor-android:bundleLibCompileToJarDebug UP-TO-DATE
> Task :capacitor-app:javaPreCompileDebug UP-TO-DATE
> Task :capacitor-app:compileDebugJavaWithJavac UP-TO-DATE
> Task :capacitor-app:bundleLibCompileToJarDebug UP-TO-DATE
> Task :capacitor-cordova-android-plugins:javaPreCompileDebug UP-TO-DATE
> Task :capacitor-cordova-android-plugins:compileDebugJavaWithJavac NO-SOURCE
> Task :capacitor-cordova-android-plugins:bundleLibCompileToJarDebug UP-TO-DATE
> Task :capacitor-local-notifications:javaPreCompileDebug UP-TO-DATE
> Task :capacitor-local-notifications:compileDebugJavaWithJavac UP-TO-DATE
> Task :capacitor-local-notifications:bundleLibCompileToJarDebug UP-TO-DATE
> Task :app:compileDebugJavaWithJavac UP-TO-DATE
> Task :app:mergeDebugShaders
> Task :app:compileDebugShaders NO-SOURCE
> Task :app:generateDebugAssets UP-TO-DATE
> Task :capacitor-android:mergeDebugShaders
> Task :capacitor-android:compileDebugShaders NO-SOURCE
> Task :capacitor-android:generateDebugAssets UP-TO-DATE
> Task :capacitor-android:packageDebugAssets
> Task :capacitor-app:mergeDebugShaders
> Task :capacitor-app:compileDebugShaders NO-SOURCE
> Task :capacitor-app:generateDebugAssets UP-TO-DATE
> Task :capacitor-app:packageDebugAssets
> Task :capacitor-cordova-android-plugins:mergeDebugShaders
> Task :capacitor-cordova-android-plugins:compileDebugShaders NO-SOURCE
> Task :capacitor-cordova-android-plugins:generateDebugAssets UP-TO-DATE
> Task :capacitor-cordova-android-plugins:packageDebugAssets
> Task :capacitor-local-notifications:mergeDebugShaders
> Task :capacitor-local-notifications:compileDebugShaders NO-SOURCE
> Task :capacitor-local-notifications:generateDebugAssets UP-TO-DATE
> Task :capacitor-local-notifications:packageDebugAssets
> Task :app:mergeDebugAssets
> Task :capacitor-app:bundleLibRuntimeToJarDebug UP-TO-DATE
> Task :capacitor-android:bundleLibRuntimeToJarDebug UP-TO-DATE
> Task :app:compressDebugAssets
> Task :capacitor-local-notifications:bundleLibRuntimeToJarDebug UP-TO-DATE
> Task :capacitor-cordova-android-plugins:bundleLibRuntimeToJarDebug UP-TO-DATE
> Task :app:desugarDebugFileDependencies
> Task :app:dexBuilderDebug
> Task :app:processDebugJavaRes NO-SOURCE
> Task :capacitor-android:processDebugJavaRes NO-SOURCE
> Task :capacitor-app:processDebugJavaRes NO-SOURCE
> Task :capacitor-cordova-android-plugins:processDebugJavaRes NO-SOURCE
> Task :capacitor-local-notifications:processDebugJavaRes NO-SOURCE
> Task :app:mergeDebugJniLibFolders
> Task :capacitor-android:mergeDebugJniLibFolders
> Task :capacitor-android:mergeDebugNativeLibs NO-SOURCE
> Task :capacitor-android:copyDebugJniLibsProjectOnly
> Task :capacitor-app:mergeDebugJniLibFolders
> Task :capacitor-app:mergeDebugNativeLibs NO-SOURCE
> Task :capacitor-app:copyDebugJniLibsProjectOnly
> Task :capacitor-cordova-android-plugins:mergeDebugJniLibFolders
> Task :capacitor-cordova-android-plugins:mergeDebugNativeLibs NO-SOURCE
> Task :capacitor-cordova-android-plugins:copyDebugJniLibsProjectOnly
> Task :app:checkDebugDuplicateClasses
> Task :capacitor-local-notifications:mergeDebugJniLibFolders
> Task :capacitor-local-notifications:mergeDebugNativeLibs NO-SOURCE
> Task :capacitor-local-notifications:copyDebugJniLibsProjectOnly
> Task :app:mergeProjectDexDebug
> Task :app:validateSigningDebug
> Task :app:mergeDebugNativeLibs NO-SOURCE
> Task :app:stripDebugDebugSymbols NO-SOURCE
> Task :app:writeDebugAppMetadata
> Task :app:writeDebugSigningConfigVersions
> Task :capacitor-android:stripDebugDebugSymbols NO-SOURCE
> Task :capacitor-android:copyDebugJniLibsProjectAndLocalJars
> Task :capacitor-android:extractDebugAnnotations
> Task :capacitor-android:extractDeepLinksForAarDebug
> Task :capacitor-android:mergeDebugGeneratedProguardFiles
> Task :capacitor-android:mergeDebugConsumerProguardFiles
> Task :capacitor-android:prepareDebugArtProfile
> Task :capacitor-android:prepareLintJarForPublish
> Task :capacitor-app:stripDebugDebugSymbols NO-SOURCE
> Task :capacitor-app:copyDebugJniLibsProjectAndLocalJars
> Task :capacitor-android:mergeDebugJavaResource
> Task :capacitor-app:extractDebugAnnotations
> Task :capacitor-android:syncDebugLibJars
> Task :capacitor-android:bundleDebugAar
> Task :capacitor-android:assembleDebug
> Task :capacitor-app:extractDeepLinksForAarDebug
> Task :capacitor-app:mergeDebugGeneratedProguardFiles
> Task :capacitor-app:mergeDebugConsumerProguardFiles
> Task :capacitor-app:prepareDebugArtProfile
> Task :capacitor-app:prepareLintJarForPublish
> Task :capacitor-cordova-android-plugins:stripDebugDebugSymbols NO-SOURCE
> Task :app:mergeDebugJavaResource
> Task :capacitor-cordova-android-plugins:copyDebugJniLibsProjectAndLocalJars
> Task :capacitor-app:mergeDebugJavaResource
> Task :capacitor-cordova-android-plugins:extractDebugAnnotations
> Task :capacitor-app:syncDebugLibJars
> Task :capacitor-app:bundleDebugAar
> Task :capacitor-app:assembleDebug
> Task :capacitor-cordova-android-plugins:extractDeepLinksForAarDebug
> Task :capacitor-cordova-android-plugins:mergeDebugGeneratedProguardFiles
> Task :capacitor-cordova-android-plugins:mergeDebugConsumerProguardFiles
> Task :capacitor-cordova-android-plugins:prepareDebugArtProfile
> Task :capacitor-cordova-android-plugins:prepareLintJarForPublish
> Task :capacitor-local-notifications:stripDebugDebugSymbols NO-SOURCE
> Task :capacitor-local-notifications:copyDebugJniLibsProjectAndLocalJars
> Task :capacitor-cordova-android-plugins:mergeDebugJavaResource
> Task :capacitor-local-notifications:extractDebugAnnotations
> Task :capacitor-cordova-android-plugins:syncDebugLibJars
> Task :capacitor-cordova-android-plugins:bundleDebugAar
> Task :capacitor-cordova-android-plugins:assembleDebug
> Task :capacitor-local-notifications:extractDeepLinksForAarDebug
> Task :capacitor-local-notifications:mergeDebugGeneratedProguardFiles
> Task :capacitor-local-notifications:mergeDebugConsumerProguardFiles
> Task :capacitor-local-notifications:prepareDebugArtProfile
> Task :capacitor-local-notifications:prepareLintJarForPublish
> Task :app:preReleaseBuild UP-TO-DATE
> Task :capacitor-android:preReleaseBuild UP-TO-DATE
> Task :app:javaPreCompileRelease
> Task :capacitor-app:preReleaseBuild UP-TO-DATE
> Task :capacitor-android:writeReleaseAarMetadata
> Task :capacitor-local-notifications:mergeDebugJavaResource
> Task :capacitor-app:writeReleaseAarMetadata
> Task :capacitor-local-notifications:syncDebugLibJars
> Task :capacitor-local-notifications:bundleDebugAar
> Task :capacitor-local-notifications:assembleDebug
> Task :capacitor-cordova-android-plugins:preReleaseBuild UP-TO-DATE
> Task :capacitor-local-notifications:preReleaseBuild UP-TO-DATE
> Task :capacitor-cordova-android-plugins:writeReleaseAarMetadata
> Task :capacitor-local-notifications:writeReleaseAarMetadata
> Task :app:generateReleaseResValues
> Task :capacitor-android:generateReleaseResValues
> Task :app:checkReleaseAarMetadata
> Task :capacitor-android:generateReleaseResources
> Task :app:mergeDebugGlobalSynthetics
> Task :capacitor-android:packageReleaseResources
> Task :capacitor-app:generateReleaseResValues
> Task :capacitor-app:generateReleaseResources
> Task :capacitor-app:packageReleaseResources
> Task :capacitor-cordova-android-plugins:generateReleaseResValues
> Task :capacitor-cordova-android-plugins:generateReleaseResources
> Task :capacitor-cordova-android-plugins:packageReleaseResources
> Task :app:mergeLibDexDebug
> Task :capacitor-local-notifications:generateReleaseResValues
> Task :capacitor-local-notifications:generateReleaseResources
> Task :capacitor-local-notifications:packageReleaseResources
> Task :app:mapReleaseSourceSetPaths
> Task :app:generateReleaseResources
> Task :app:packageReleaseResources
> Task :app:createReleaseCompatibleScreenManifests
> Task :app:extractDeepLinksRelease
> Task :app:parseReleaseLocalResources
> Task :capacitor-android:extractDeepLinksRelease
> Task :capacitor-app:extractDeepLinksRelease
> Task :capacitor-android:processReleaseManifest
> Task :capacitor-cordova-android-plugins:extractDeepLinksRelease
> Task :capacitor-app:processReleaseManifest
> Task :capacitor-local-notifications:extractDeepLinksRelease
> Task :capacitor-cordova-android-plugins:processReleaseManifest
> Task :capacitor-local-notifications:processReleaseManifest
> Task :capacitor-android:compileReleaseLibraryResources
> Task :capacitor-android:parseReleaseLocalResources
> Task :app:processReleaseMainManifest
> Task :app:processReleaseManifest
> Task :capacitor-app:compileReleaseLibraryResources
> Task :capacitor-android:generateReleaseRFile
> Task :capacitor-app:parseReleaseLocalResources
> Task :capacitor-cordova-android-plugins:compileReleaseLibraryResources
> Task :capacitor-cordova-android-plugins:parseReleaseLocalResources
> Task :capacitor-app:generateReleaseRFile
> Task :capacitor-cordova-android-plugins:generateReleaseRFile
> Task :capacitor-local-notifications:compileReleaseLibraryResources
> Task :capacitor-android:javaPreCompileRelease
> Task :capacitor-local-notifications:parseReleaseLocalResources
> Task :capacitor-app:javaPreCompileRelease
> Task :capacitor-local-notifications:generateReleaseRFile
> Task :app:mergeReleaseResources

> Task :capacitor-android:compileReleaseJavaWithJavac
注: 某些输入文件使用了未经检查或不安全的操作。
注: 有关详细信息, 请使用 -Xlint:unchecked 重新编译。

> Task :app:mergeExtDexDebug
> Task :capacitor-android:bundleLibCompileToJarRelease
> Task :capacitor-app:compileReleaseJavaWithJavac
> Task :capacitor-app:bundleLibCompileToJarRelease
> Task :app:processReleaseManifestForPackage
> Task :capacitor-cordova-android-plugins:javaPreCompileRelease
> Task :capacitor-local-notifications:javaPreCompileRelease
> Task :capacitor-cordova-android-plugins:compileReleaseJavaWithJavac NO-SOURCE
> Task :capacitor-cordova-android-plugins:bundleLibCompileToJarRelease
> Task :capacitor-local-notifications:compileReleaseJavaWithJavac
> Task :capacitor-local-notifications:bundleLibCompileToJarRelease
> Task :app:extractProguardFiles
> Task :capacitor-android:processReleaseJavaRes NO-SOURCE
> Task :capacitor-android:mergeReleaseJniLibFolders
> Task :capacitor-android:mergeReleaseNativeLibs NO-SOURCE
> Task :capacitor-android:bundleLibRuntimeToJarRelease
> Task :capacitor-android:stripReleaseDebugSymbols NO-SOURCE
> Task :capacitor-android:createFullJarRelease
> Task :capacitor-android:copyReleaseJniLibsProjectAndLocalJars
> Task :capacitor-android:extractDeepLinksForAarRelease
> Task :capacitor-android:extractReleaseAnnotations
> Task :capacitor-android:mergeReleaseGeneratedProguardFiles
> Task :capacitor-android:mergeReleaseConsumerProguardFiles
> Task :capacitor-android:mergeReleaseShaders
> Task :capacitor-android:compileReleaseShaders NO-SOURCE
> Task :capacitor-android:generateReleaseAssets UP-TO-DATE
> Task :capacitor-android:packageReleaseAssets
> Task :capacitor-android:prepareReleaseArtProfile
> Task :capacitor-android:extractProguardFiles
> Task :capacitor-android:writeReleaseLintModelMetadata
> Task :capacitor-android:mergeReleaseJavaResource
> Task :capacitor-app:bundleLibRuntimeToJarRelease
> Task :capacitor-android:syncReleaseLibJars
> Task :capacitor-android:bundleReleaseLocalLintAar
> Task :capacitor-app:processReleaseJavaRes NO-SOURCE
> Task :capacitor-app:createFullJarRelease
> Task :app:processReleaseResources
> Task :app:packageDebug
> Task :app:createDebugApkListingFileRedirect
> Task :app:assembleDebug

> Task :app:compileReleaseJavaWithJavac
注: 某些输入文件使用或覆盖了已过时的 API。
注: 有关详细信息, 请使用 -Xlint:deprecation 重新编译。

> Task :capacitor-android:generateReleaseLintModel
> Task :capacitor-app:mergeReleaseJniLibFolders
> Task :capacitor-app:mergeReleaseNativeLibs NO-SOURCE
> Task :capacitor-app:stripReleaseDebugSymbols NO-SOURCE
> Task :capacitor-app:copyReleaseJniLibsProjectAndLocalJars
> Task :capacitor-app:extractDeepLinksForAarRelease
> Task :capacitor-app:extractReleaseAnnotations
> Task :capacitor-app:mergeReleaseGeneratedProguardFiles
> Task :capacitor-app:mergeReleaseConsumerProguardFiles
> Task :capacitor-app:mergeReleaseShaders
> Task :capacitor-app:compileReleaseShaders NO-SOURCE
> Task :capacitor-app:generateReleaseAssets UP-TO-DATE
> Task :capacitor-app:packageReleaseAssets
> Task :capacitor-app:prepareReleaseArtProfile
> Task :capacitor-app:mergeReleaseJavaResource
> Task :capacitor-app:extractProguardFiles
> Task :capacitor-app:syncReleaseLibJars
> Task :capacitor-app:bundleReleaseLocalLintAar
> Task :capacitor-app:writeReleaseLintModelMetadata
> Task :capacitor-cordova-android-plugins:processReleaseJavaRes NO-SOURCE
> Task :capacitor-cordova-android-plugins:bundleLibRuntimeToJarRelease
> Task :capacitor-cordova-android-plugins:createFullJarRelease
> Task :capacitor-app:generateReleaseLintModel
> Task :capacitor-cordova-android-plugins:mergeReleaseJniLibFolders
> Task :capacitor-cordova-android-plugins:mergeReleaseNativeLibs NO-SOURCE
> Task :capacitor-cordova-android-plugins:stripReleaseDebugSymbols NO-SOURCE
> Task :capacitor-cordova-android-plugins:copyReleaseJniLibsProjectAndLocalJars
> Task :capacitor-cordova-android-plugins:extractDeepLinksForAarRelease
> Task :capacitor-cordova-android-plugins:extractReleaseAnnotations
> Task :capacitor-cordova-android-plugins:mergeReleaseGeneratedProguardFiles
> Task :capacitor-cordova-android-plugins:mergeReleaseConsumerProguardFiles
> Task :capacitor-cordova-android-plugins:mergeReleaseShaders
> Task :capacitor-cordova-android-plugins:compileReleaseShaders NO-SOURCE
> Task :capacitor-cordova-android-plugins:generateReleaseAssets UP-TO-DATE
> Task :capacitor-cordova-android-plugins:packageReleaseAssets
> Task :capacitor-cordova-android-plugins:prepareReleaseArtProfile
> Task :capacitor-cordova-android-plugins:mergeReleaseJavaResource
> Task :capacitor-cordova-android-plugins:extractProguardFiles
> Task :capacitor-cordova-android-plugins:syncReleaseLibJars
> Task :capacitor-cordova-android-plugins:bundleReleaseLocalLintAar
> Task :capacitor-cordova-android-plugins:writeReleaseLintModelMetadata
> Task :capacitor-local-notifications:processReleaseJavaRes NO-SOURCE
> Task :capacitor-local-notifications:bundleLibRuntimeToJarRelease
> Task :capacitor-cordova-android-plugins:generateReleaseLintModel
> Task :capacitor-local-notifications:createFullJarRelease
> Task :capacitor-local-notifications:mergeReleaseJniLibFolders
> Task :capacitor-local-notifications:mergeReleaseNativeLibs NO-SOURCE
> Task :capacitor-local-notifications:stripReleaseDebugSymbols NO-SOURCE
> Task :capacitor-local-notifications:copyReleaseJniLibsProjectAndLocalJars
> Task :capacitor-local-notifications:extractDeepLinksForAarRelease
> Task :capacitor-local-notifications:extractReleaseAnnotations
> Task :capacitor-local-notifications:mergeReleaseGeneratedProguardFiles
> Task :capacitor-local-notifications:mergeReleaseConsumerProguardFiles
> Task :capacitor-local-notifications:mergeReleaseShaders
> Task :capacitor-local-notifications:compileReleaseShaders NO-SOURCE
> Task :capacitor-local-notifications:generateReleaseAssets UP-TO-DATE
> Task :capacitor-local-notifications:packageReleaseAssets
> Task :capacitor-local-notifications:prepareReleaseArtProfile
> Task :capacitor-local-notifications:mergeReleaseJavaResource
> Task :capacitor-local-notifications:extractProguardFiles
> Task :capacitor-local-notifications:syncReleaseLibJars
> Task :capacitor-local-notifications:bundleReleaseLocalLintAar
> Task :capacitor-local-notifications:writeReleaseLintModelMetadata
> Task :capacitor-android:generateReleaseLintVitalModel
> Task :capacitor-local-notifications:generateReleaseLintModel
> Task :app:generateReleaseLintVitalReportModel
> Task :capacitor-app:generateReleaseLintVitalModel
> Task :capacitor-cordova-android-plugins:generateReleaseLintVitalModel
> Task :capacitor-local-notifications:generateReleaseLintVitalModel
> Task :app:mergeReleaseJniLibFolders
> Task :capacitor-android:copyReleaseJniLibsProjectOnly
> Task :capacitor-app:copyReleaseJniLibsProjectOnly
> Task :capacitor-cordova-android-plugins:copyReleaseJniLibsProjectOnly
> Task :capacitor-local-notifications:copyReleaseJniLibsProjectOnly
> Task :app:mergeReleaseNativeLibs NO-SOURCE
> Task :app:stripReleaseDebugSymbols NO-SOURCE
> Task :app:extractReleaseNativeSymbolTables NO-SOURCE
> Task :app:mergeReleaseNativeDebugMetadata NO-SOURCE
> Task :app:checkReleaseDuplicateClasses
> Task :app:dexBuilderRelease
> Task :app:desugarReleaseFileDependencies
> Task :app:mergeReleaseArtProfile
> Task :app:mergeReleaseShaders
> Task :app:compileReleaseShaders NO-SOURCE
> Task :app:generateReleaseAssets UP-TO-DATE
> Task :app:mergeReleaseAssets
> Task :app:processReleaseJavaRes NO-SOURCE
> Task :app:compressReleaseAssets
> Task :app:mergeReleaseGlobalSynthetics
> Task :app:collectReleaseDependencies
> Task :app:mergeReleaseJavaResource
> Task :app:sdkReleaseDependencyData
> Task :app:writeReleaseAppMetadata
> Task :app:writeReleaseSigningConfigVersions
> Task :capacitor-android:bundleReleaseAar
> Task :capacitor-android:mapReleaseSourceSetPaths
> Task :app:mergeExtDexRelease
> Task :capacitor-android:mergeReleaseResources
> Task :capacitor-android:lintVitalAnalyzeRelease
> Task :capacitor-app:bundleReleaseAar
> Task :capacitor-app:mapReleaseSourceSetPaths
> Task :capacitor-app:lintVitalAnalyzeRelease
> Task :capacitor-android:verifyReleaseResources
> Task :capacitor-app:mergeReleaseResources
> Task :capacitor-android:assembleRelease
> Task :capacitor-cordova-android-plugins:bundleReleaseAar
> Task :capacitor-cordova-android-plugins:mapReleaseSourceSetPaths
> Task :capacitor-cordova-android-plugins:lintVitalAnalyzeRelease
> Task :app:mergeDexRelease
> Task :capacitor-app:verifyReleaseResources
> Task :capacitor-cordova-android-plugins:mergeReleaseResources
> Task :capacitor-app:assembleRelease
> Task :app:compileReleaseArtProfile
> Task :capacitor-local-notifications:bundleReleaseAar
> Task :capacitor-local-notifications:mapReleaseSourceSetPaths
> Task :capacitor-local-notifications:lintVitalAnalyzeRelease
> Task :capacitor-cordova-android-plugins:verifyReleaseResources
> Task :capacitor-local-notifications:mergeReleaseResources
> Task :capacitor-cordova-android-plugins:assembleRelease
> Task :app:optimizeReleaseResources
> Task :capacitor-local-notifications:verifyReleaseResources
> Task :capacitor-local-notifications:assembleRelease
> Task :app:packageRelease
> Task :app:createReleaseApkListingFileRedirect
