
> Configure project :app
WARNING: Using flatDir should be avoided because it doesn't support any meta-data formats.

> Configure project :capacitor-cordova-android-plugins
WARNING: Using flatDir should be avoided because it doesn't support any meta-data formats.

> Task :app:preBuild UP-TO-DATE
> Task :app:preDebugBuild UP-TO-DATE
> Task :capacitor-android:preBuild UP-TO-DATE
> Task :capacitor-android:preDebugBuild UP-TO-DATE
> Task :app:javaPreCompileDebug
> Task :capacitor-app:preBuild UP-TO-DATE
> Task :capacitor-app:preDebugBuild UP-TO-DATE
> Task :capacitor-android:writeDebugAarMetadata
> Task :capacitor-cordova-android-plugins:preBuild UP-TO-DATE
> Task :capacitor-cordova-android-plugins:preDebugBuild UP-TO-DATE
> Task :capacitor-app:writeDebugAarMetadata
> Task :capacitor-local-notifications:preBuild UP-TO-DATE
> Task :capacitor-local-notifications:preDebugBuild UP-TO-DATE
> Task :capacitor-cordova-android-plugins:writeDebugAarMetadata
> Task :capacitor-local-notifications:writeDebugAarMetadata
> Task :app:generateDebugResValues
> Task :capacitor-android:generateDebugResValues
> Task :capacitor-android:generateDebugResources
> Task :app:checkDebugAarMetadata
> Task :capacitor-android:packageDebugResources
> Task :capacitor-app:generateDebugResValues
> Task :capacitor-app:generateDebugResources
> Task :capacitor-app:packageDebugResources
> Task :capacitor-cordova-android-plugins:generateDebugResValues
> Task :capacitor-cordova-android-plugins:generateDebugResources
> Task :capacitor-cordova-android-plugins:packageDebugResources
> Task :capacitor-local-notifications:generateDebugResValues
> Task :capacitor-local-notifications:generateDebugResources
> Task :capacitor-local-notifications:packageDebugResources
> Task :app:mapDebugSourceSetPaths
> Task :app:generateDebugResources
> Task :app:packageDebugResources
> Task :app:createDebugCompatibleScreenManifests
> Task :app:extractDeepLinksDebug
> Task :capacitor-android:extractDeepLinksDebug
> Task :app:parseDebugLocalResources
> Task :capacitor-app:extractDeepLinksDebug
> Task :app:mergeDebugResources
> Task :capacitor-android:processDebugManifest
> Task :capacitor-cordova-android-plugins:extractDeepLinksDebug
> Task :capacitor-app:processDebugManifest
> Task :capacitor-local-notifications:extractDeepLinksDebug
> Task :capacitor-cordova-android-plugins:processDebugManifest
> Task :capacitor-local-notifications:processDebugManifest
> Task :capacitor-android:compileDebugLibraryResources
> Task :capacitor-android:parseDebugLocalResources
> Task :app:processDebugMainManifest
> Task :app:processDebugManifest
> Task :capacitor-app:compileDebugLibraryResources
> Task :app:processDebugManifestForPackage
> Task :capacitor-android:generateDebugRFile
> Task :capacitor-app:parseDebugLocalResources
> Task :capacitor-cordova-android-plugins:compileDebugLibraryResources
> Task :capacitor-cordova-android-plugins:parseDebugLocalResources
> Task :capacitor-app:generateDebugRFile
> Task :capacitor-cordova-android-plugins:generateDebugRFile
> Task :capacitor-local-notifications:compileDebugLibraryResources
> Task :capacitor-android:javaPreCompileDebug
> Task :capacitor-local-notifications:parseDebugLocalResources
> Task :capacitor-app:javaPreCompileDebug
> Task :capacitor-local-notifications:generateDebugRFile

> Task :capacitor-android:compileDebugJavaWithJavac
注: 某些输入文件使用了未经检查或不安全的操作。
注: 有关详细信息, 请使用 -Xlint:unchecked 重新编译。

> Task :capacitor-cordova-android-plugins:javaPreCompileDebug
> Task :capacitor-local-notifications:javaPreCompileDebug
> Task :capacitor-cordova-android-plugins:compileDebugJavaWithJavac NO-SOURCE
> Task :app:preDebugUnitTestBuild UP-TO-DATE
> Task :capacitor-android:bundleLibCompileToJarDebug
> Task :capacitor-cordova-android-plugins:bundleLibCompileToJarDebug
> Task :app:javaPreCompileDebugUnitTest
> Task :capacitor-app:compileDebugJavaWithJavac
> Task :capacitor-app:bundleLibCompileToJarDebug
> Task :capacitor-local-notifications:compileDebugJavaWithJavac
> Task :app:processDebugJavaRes NO-SOURCE
> Task :app:processDebugUnitTestJavaRes NO-SOURCE
> Task :capacitor-local-notifications:bundleLibCompileToJarDebug
> Task :capacitor-android:processDebugJavaRes NO-SOURCE
> Task :capacitor-app:processDebugJavaRes NO-SOURCE
> Task :capacitor-app:bundleLibRuntimeToJarDebug
> Task :capacitor-cordova-android-plugins:processDebugJavaRes NO-SOURCE
> Task :capacitor-cordova-android-plugins:bundleLibRuntimeToJarDebug
> Task :capacitor-android:bundleLibRuntimeToJarDebug
> Task :capacitor-local-notifications:processDebugJavaRes NO-SOURCE
> Task :capacitor-local-notifications:bundleLibRuntimeToJarDebug
> Task :app:processDebugResources

> Task :app:compileDebugJavaWithJavac
注: 某些输入文件使用或覆盖了已过时的 API。
注: 有关详细信息, 请使用 -Xlint:deprecation 重新编译。

> Task :app:bundleDebugClassesToRuntimeJar
> Task :app:bundleDebugClassesToCompileJar
> Task :app:compileDebugUnitTestJavaWithJavac

> Task :app:testDebugUnitTest
OpenJDK 64-Bit Server VM warning: Sharing is only supported for boot loader classes because bootstrap classpath has been appended

BUILD SUCCESSFUL in 2s
66 actionable tasks: 66 executed
