Picked up JAVA_TOOL_OPTIONS: -Xint
WARNING: A restricted method in java.lang.System has been called
WARNING: java.lang.System::load has been called by net.rubygrapefruit.platform.internal.NativeLibraryLoader in an unnamed module (file:/Users/qlyf/.gradle/wrapper/dists/gradle-8.2.1-all/d8pvvlun5bx6sdtwqhf8y9z4b/gradle-8.2.1/lib/native-platform-0.22-milestone-24.jar)
WARNING: Use --enable-native-access=ALL-UNNAMED to avoid a warning for callers in this module
WARNING: Restricted methods will be blocked in a future release unless native access is enabled


> Configure project :app
WARNING: Using flatDir should be avoided because it doesn't support any meta-data formats.

> Configure project :capacitor-cordova-android-plugins
WARNING: Using flatDir should be avoided because it doesn't support any meta-data formats.

> Task :app:preBuild UP-TO-DATE
> Task :app:preDebugBuild UP-TO-DATE
> Task :app:mergeDebugNativeDebugMetadata NO-SOURCE
> Task :capacitor-android:preBuild UP-TO-DATE
> Task :capacitor-android:preDebugBuild UP-TO-DATE
> Task :app:javaPreCompileDebug
> Task :capacitor-app:preBuild UP-TO-DATE
> Task :capacitor-app:preDebugBuild UP-TO-DATE
> Task :capacitor-android:writeDebugAarMetadata
> Task :capacitor-cordova-android-plugins:preBuild UP-TO-DATE
> Task :capacitor-cordova-android-plugins:preDebugBuild UP-TO-DATE
> Task :capacitor-app:writeDebugAarMetadata
> Task :capacitor-local-notifications:preBuild UP-TO-DATE
> Task :capacitor-local-notifications:preDebugBuild UP-TO-DATE
> Task :capacitor-cordova-android-plugins:writeDebugAarMetadata
> Task :capacitor-local-notifications:writeDebugAarMetadata
> Task :app:generateDebugResValues
> Task :capacitor-android:generateDebugResValues
> Task :capacitor-android:generateDebugResources
> Task :app:checkDebugAarMetadata
> Task :capacitor-android:packageDebugResources
> Task :capacitor-app:generateDebugResValues
> Task :capacitor-app:generateDebugResources
> Task :capacitor-app:packageDebugResources
> Task :capacitor-cordova-android-plugins:generateDebugResValues
> Task :capacitor-cordova-android-plugins:generateDebugResources
> Task :capacitor-cordova-android-plugins:packageDebugResources
> Task :capacitor-local-notifications:generateDebugResValues
> Task :capacitor-local-notifications:generateDebugResources
> Task :capacitor-local-notifications:packageDebugResources
> Task :app:mapDebugSourceSetPaths
> Task :app:generateDebugResources
> Task :app:packageDebugResources
> Task :app:createDebugCompatibleScreenManifests
> Task :app:extractDeepLinksDebug
> Task :capacitor-android:extractDeepLinksDebug
> Task :capacitor-app:extractDeepLinksDebug
> Task :app:parseDebugLocalResources
> Task :capacitor-android:processDebugManifest
> Task :capacitor-cordova-android-plugins:extractDeepLinksDebug
> Task :capacitor-app:processDebugManifest
> Task :capacitor-local-notifications:extractDeepLinksDebug
> Task :capacitor-cordova-android-plugins:processDebugManifest
> Task :capacitor-android:compileDebugLibraryResources
> Task :capacitor-local-notifications:processDebugManifest
> Task :capacitor-app:compileDebugLibraryResources
> Task :capacitor-android:parseDebugLocalResources
> Task :app:processDebugMainManifest
> Task :app:processDebugManifest
> Task :capacitor-cordova-android-plugins:compileDebugLibraryResources
> Task :capacitor-app:parseDebugLocalResources
> Task :capacitor-android:generateDebugRFile
> Task :capacitor-cordova-android-plugins:parseDebugLocalResources
> Task :capacitor-local-notifications:compileDebugLibraryResources
> Task :capacitor-android:javaPreCompileDebug
> Task :capacitor-app:javaPreCompileDebug
> Task :capacitor-app:generateDebugRFile
> Task :capacitor-cordova-android-plugins:generateDebugRFile
> Task :capacitor-local-notifications:parseDebugLocalResources
> Task :app:mergeDebugResources

> Task :capacitor-android:compileDebugJavaWithJavac
注: 某些输入文件使用了未经检查或不安全的操作。
注: 有关详细信息, 请使用 -Xlint:unchecked 重新编译。

> Task :capacitor-cordova-android-plugins:javaPreCompileDebug
> Task :app:processDebugManifestForPackage
> Task :capacitor-cordova-android-plugins:compileDebugJavaWithJavac NO-SOURCE
> Task :capacitor-cordova-android-plugins:bundleLibCompileToJarDebug
> Task :capacitor-local-notifications:javaPreCompileDebug
> Task :capacitor-local-notifications:generateDebugRFile
> Task :app:mergeDebugShaders
> Task :capacitor-android:bundleLibCompileToJarDebug
> Task :app:processDebugResources
> Task :capacitor-app:compileDebugJavaWithJavac
> Task :capacitor-app:bundleLibCompileToJarDebug
> Task :capacitor-local-notifications:compileDebugJavaWithJavac
> Task :app:compileDebugShaders NO-SOURCE
> Task :app:generateDebugAssets UP-TO-DATE
> Task :capacitor-android:mergeDebugShaders
> Task :capacitor-android:compileDebugShaders NO-SOURCE
> Task :capacitor-android:generateDebugAssets UP-TO-DATE
> Task :capacitor-local-notifications:bundleLibCompileToJarDebug
> Task :capacitor-android:packageDebugAssets

> Task :app:compileDebugJavaWithJavac
注: 某些输入文件使用或覆盖了已过时的 API。
注: 有关详细信息, 请使用 -Xlint:deprecation 重新编译。

> Task :capacitor-app:mergeDebugShaders
> Task :capacitor-app:compileDebugShaders NO-SOURCE
> Task :capacitor-app:generateDebugAssets UP-TO-DATE
> Task :capacitor-app:packageDebugAssets
> Task :capacitor-cordova-android-plugins:mergeDebugShaders
> Task :capacitor-cordova-android-plugins:compileDebugShaders NO-SOURCE
> Task :capacitor-cordova-android-plugins:generateDebugAssets UP-TO-DATE
> Task :capacitor-cordova-android-plugins:packageDebugAssets
> Task :capacitor-local-notifications:mergeDebugShaders
> Task :capacitor-local-notifications:compileDebugShaders NO-SOURCE
> Task :capacitor-local-notifications:generateDebugAssets UP-TO-DATE
> Task :capacitor-local-notifications:packageDebugAssets
> Task :app:mergeDebugAssets
> Task :capacitor-app:bundleLibRuntimeToJarDebug
> Task :capacitor-cordova-android-plugins:bundleLibRuntimeToJarDebug
> Task :capacitor-local-notifications:bundleLibRuntimeToJarDebug
> Task :app:compressDebugAssets
> Task :capacitor-android:bundleLibRuntimeToJarDebug
> Task :app:desugarDebugFileDependencies
> Task :app:dexBuilderDebug
> Task :app:processDebugJavaRes NO-SOURCE
> Task :capacitor-android:processDebugJavaRes NO-SOURCE
> Task :capacitor-app:processDebugJavaRes NO-SOURCE
> Task :capacitor-cordova-android-plugins:processDebugJavaRes NO-SOURCE
> Task :capacitor-local-notifications:processDebugJavaRes NO-SOURCE
> Task :app:mergeDebugGlobalSynthetics
> Task :app:mergeDebugJniLibFolders
> Task :capacitor-android:mergeDebugJniLibFolders
> Task :capacitor-android:mergeDebugNativeLibs NO-SOURCE
> Task :capacitor-android:copyDebugJniLibsProjectOnly
> Task :app:checkDebugDuplicateClasses
> Task :capacitor-app:mergeDebugJniLibFolders
> Task :capacitor-app:mergeDebugNativeLibs NO-SOURCE
> Task :capacitor-app:copyDebugJniLibsProjectOnly
> Task :capacitor-cordova-android-plugins:mergeDebugJniLibFolders
> Task :capacitor-cordova-android-plugins:mergeDebugNativeLibs NO-SOURCE
> Task :capacitor-cordova-android-plugins:copyDebugJniLibsProjectOnly
> Task :capacitor-local-notifications:mergeDebugJniLibFolders
> Task :capacitor-local-notifications:mergeDebugNativeLibs NO-SOURCE
> Task :capacitor-local-notifications:copyDebugJniLibsProjectOnly
> Task :app:validateSigningDebug
> Task :app:mergeDebugNativeLibs NO-SOURCE
> Task :app:stripDebugDebugSymbols NO-SOURCE
> Task :app:writeDebugAppMetadata
> Task :app:writeDebugSigningConfigVersions
> Task :app:preReleaseBuild UP-TO-DATE
> Task :capacitor-android:preReleaseBuild UP-TO-DATE
> Task :app:javaPreCompileRelease
> Task :capacitor-app:preReleaseBuild UP-TO-DATE
> Task :capacitor-android:writeReleaseAarMetadata
> Task :capacitor-cordova-android-plugins:preReleaseBuild UP-TO-DATE
> Task :capacitor-app:writeReleaseAarMetadata
> Task :capacitor-local-notifications:preReleaseBuild UP-TO-DATE
> Task :capacitor-cordova-android-plugins:writeReleaseAarMetadata
> Task :capacitor-local-notifications:writeReleaseAarMetadata
> Task :app:generateReleaseResValues
> Task :capacitor-android:generateReleaseResValues
> Task :capacitor-android:generateReleaseResources
> Task :app:checkReleaseAarMetadata
> Task :capacitor-android:packageReleaseResources
> Task :capacitor-app:generateReleaseResValues
> Task :capacitor-app:generateReleaseResources
> Task :capacitor-app:packageReleaseResources
> Task :capacitor-cordova-android-plugins:generateReleaseResValues
> Task :capacitor-cordova-android-plugins:generateReleaseResources
> Task :capacitor-cordova-android-plugins:packageReleaseResources
> Task :capacitor-local-notifications:generateReleaseResValues
> Task :capacitor-local-notifications:generateReleaseResources
> Task :capacitor-local-notifications:packageReleaseResources
> Task :app:mapReleaseSourceSetPaths
> Task :app:generateReleaseResources
> Task :app:mergeProjectDexDebug
> Task :app:mergeLibDexDebug
> Task :app:mergeDebugJavaResource
> Task :app:packageReleaseResources
> Task :app:createReleaseCompatibleScreenManifests
> Task :app:extractDeepLinksRelease
> Task :capacitor-android:extractDeepLinksRelease
> Task :capacitor-app:extractDeepLinksRelease
> Task :capacitor-cordova-android-plugins:extractDeepLinksRelease
> Task :capacitor-local-notifications:extractDeepLinksRelease
> Task :capacitor-cordova-android-plugins:processReleaseManifest
> Task :capacitor-android:processReleaseManifest
> Task :capacitor-app:processReleaseManifest
> Task :capacitor-android:compileReleaseLibraryResources
> Task :app:parseReleaseLocalResources
> Task :capacitor-local-notifications:processReleaseManifest
> Task :capacitor-app:compileReleaseLibraryResources
> Task :capacitor-android:parseReleaseLocalResources
> Task :app:processReleaseMainManifest
> Task :app:processReleaseManifest
> Task :capacitor-cordova-android-plugins:compileReleaseLibraryResources
> Task :capacitor-local-notifications:compileReleaseLibraryResources
> Task :capacitor-app:parseReleaseLocalResources
> Task :capacitor-android:generateReleaseRFile
> Task :capacitor-cordova-android-plugins:parseReleaseLocalResources
> Task :capacitor-local-notifications:parseReleaseLocalResources
> Task :capacitor-android:javaPreCompileRelease
> Task :capacitor-app:generateReleaseRFile
> Task :capacitor-app:javaPreCompileRelease
> Task :capacitor-cordova-android-plugins:generateReleaseRFile
> Task :capacitor-local-notifications:generateReleaseRFile
> Task :app:mergeReleaseResources

> Task :capacitor-android:compileReleaseJavaWithJavac
注: 某些输入文件使用了未经检查或不安全的操作。
注: 有关详细信息, 请使用 -Xlint:unchecked 重新编译。

> Task :capacitor-cordova-android-plugins:javaPreCompileRelease
> Task :capacitor-local-notifications:javaPreCompileRelease
> Task :capacitor-cordova-android-plugins:compileReleaseJavaWithJavac NO-SOURCE
> Task :capacitor-cordova-android-plugins:bundleLibCompileToJarRelease
> Task :app:extractProguardFiles
> Task :capacitor-android:processReleaseJavaRes NO-SOURCE
> Task :capacitor-android:mergeReleaseJniLibFolders
> Task :capacitor-android:mergeReleaseNativeLibs NO-SOURCE
> Task :capacitor-android:stripReleaseDebugSymbols NO-SOURCE
> Task :capacitor-android:copyReleaseJniLibsProjectAndLocalJars
> Task :capacitor-android:extractDeepLinksForAarRelease
> Task :capacitor-android:bundleLibCompileToJarRelease
> Task :capacitor-android:bundleLibRuntimeToJarRelease
> Task :capacitor-android:extractReleaseAnnotations
> Task :capacitor-app:compileReleaseJavaWithJavac
> Task :capacitor-app:bundleLibCompileToJarRelease
> Task :capacitor-local-notifications:compileReleaseJavaWithJavac
> Task :capacitor-local-notifications:bundleLibCompileToJarRelease
> Task :capacitor-android:createFullJarRelease
> Task :capacitor-android:mergeReleaseGeneratedProguardFiles
> Task :capacitor-android:mergeReleaseConsumerProguardFiles
> Task :capacitor-android:mergeReleaseShaders
> Task :capacitor-android:compileReleaseShaders NO-SOURCE
> Task :capacitor-android:generateReleaseAssets UP-TO-DATE
> Task :capacitor-android:packageReleaseAssets
> Task :capacitor-android:prepareLintJarForPublish
> Task :capacitor-android:prepareReleaseArtProfile
> Task :capacitor-android:mergeReleaseJavaResource
> Task :capacitor-android:extractProguardFiles
> Task :capacitor-android:syncReleaseLibJars
> Task :capacitor-android:bundleReleaseLocalLintAar
> Task :capacitor-android:writeReleaseLintModelMetadata
> Task :app:mergeExtDexDebug
> Task :capacitor-android:generateReleaseLintModel
> Task :capacitor-app:processReleaseJavaRes NO-SOURCE
> Task :capacitor-app:bundleLibRuntimeToJarRelease
> Task :capacitor-app:mergeReleaseJniLibFolders
> Task :capacitor-app:createFullJarRelease
> Task :capacitor-app:mergeReleaseNativeLibs NO-SOURCE
> Task :capacitor-app:stripReleaseDebugSymbols NO-SOURCE
> Task :capacitor-app:copyReleaseJniLibsProjectAndLocalJars
> Task :capacitor-app:extractDeepLinksForAarRelease
> Task :capacitor-app:extractReleaseAnnotations
> Task :capacitor-app:mergeReleaseGeneratedProguardFiles
> Task :capacitor-app:mergeReleaseConsumerProguardFiles
> Task :capacitor-app:mergeReleaseShaders
> Task :capacitor-app:compileReleaseShaders NO-SOURCE
> Task :capacitor-app:generateReleaseAssets UP-TO-DATE
> Task :capacitor-app:packageReleaseAssets
> Task :capacitor-app:prepareLintJarForPublish
> Task :capacitor-app:prepareReleaseArtProfile
> Task :capacitor-app:mergeReleaseJavaResource
> Task :capacitor-app:extractProguardFiles
> Task :capacitor-app:syncReleaseLibJars
> Task :capacitor-app:bundleReleaseLocalLintAar
> Task :capacitor-app:writeReleaseLintModelMetadata
> Task :capacitor-app:generateReleaseLintModel
> Task :capacitor-cordova-android-plugins:processReleaseJavaRes NO-SOURCE
> Task :capacitor-cordova-android-plugins:bundleLibRuntimeToJarRelease
> Task :capacitor-cordova-android-plugins:createFullJarRelease
> Task :capacitor-cordova-android-plugins:mergeReleaseJniLibFolders
> Task :capacitor-cordova-android-plugins:mergeReleaseNativeLibs NO-SOURCE
> Task :capacitor-cordova-android-plugins:stripReleaseDebugSymbols NO-SOURCE
> Task :capacitor-cordova-android-plugins:copyReleaseJniLibsProjectAndLocalJars
> Task :capacitor-cordova-android-plugins:extractDeepLinksForAarRelease
> Task :capacitor-cordova-android-plugins:extractReleaseAnnotations
> Task :capacitor-cordova-android-plugins:mergeReleaseGeneratedProguardFiles
> Task :capacitor-cordova-android-plugins:mergeReleaseConsumerProguardFiles
> Task :capacitor-cordova-android-plugins:mergeReleaseShaders
> Task :capacitor-cordova-android-plugins:compileReleaseShaders NO-SOURCE
> Task :capacitor-cordova-android-plugins:generateReleaseAssets UP-TO-DATE
> Task :capacitor-cordova-android-plugins:packageReleaseAssets
> Task :capacitor-cordova-android-plugins:prepareLintJarForPublish
> Task :capacitor-cordova-android-plugins:prepareReleaseArtProfile
> Task :capacitor-cordova-android-plugins:mergeReleaseJavaResource
> Task :capacitor-cordova-android-plugins:extractProguardFiles
> Task :capacitor-cordova-android-plugins:syncReleaseLibJars
> Task :capacitor-cordova-android-plugins:bundleReleaseLocalLintAar
> Task :app:processReleaseManifestForPackage
> Task :capacitor-cordova-android-plugins:writeReleaseLintModelMetadata
> Task :capacitor-cordova-android-plugins:generateReleaseLintModel
> Task :capacitor-local-notifications:processReleaseJavaRes NO-SOURCE
> Task :capacitor-local-notifications:mergeReleaseJniLibFolders
> Task :capacitor-local-notifications:mergeReleaseNativeLibs NO-SOURCE
> Task :capacitor-local-notifications:stripReleaseDebugSymbols NO-SOURCE
> Task :capacitor-local-notifications:bundleLibRuntimeToJarRelease
> Task :capacitor-local-notifications:copyReleaseJniLibsProjectAndLocalJars
> Task :capacitor-local-notifications:createFullJarRelease
> Task :capacitor-local-notifications:extractDeepLinksForAarRelease
> Task :capacitor-local-notifications:extractReleaseAnnotations
> Task :capacitor-local-notifications:mergeReleaseGeneratedProguardFiles
> Task :capacitor-local-notifications:mergeReleaseConsumerProguardFiles
> Task :capacitor-local-notifications:mergeReleaseShaders
> Task :capacitor-local-notifications:compileReleaseShaders NO-SOURCE
> Task :capacitor-local-notifications:generateReleaseAssets UP-TO-DATE
> Task :capacitor-local-notifications:packageReleaseAssets
> Task :capacitor-local-notifications:prepareLintJarForPublish
> Task :capacitor-local-notifications:prepareReleaseArtProfile
> Task :capacitor-local-notifications:mergeReleaseJavaResource
> Task :capacitor-local-notifications:extractProguardFiles
> Task :capacitor-local-notifications:syncReleaseLibJars
> Task :app:processReleaseResources
> Task :capacitor-local-notifications:bundleReleaseLocalLintAar

> Task :app:compileReleaseJavaWithJavac
注: 某些输入文件使用或覆盖了已过时的 API。
注: 有关详细信息, 请使用 -Xlint:deprecation 重新编译。

> Task :capacitor-local-notifications:writeReleaseLintModelMetadata
> Task :capacitor-local-notifications:generateReleaseLintModel
> Task :app:generateReleaseLintVitalReportModel
> Task :capacitor-android:generateReleaseLintVitalModel
> Task :capacitor-app:generateReleaseLintVitalModel
> Task :capacitor-cordova-android-plugins:generateReleaseLintVitalModel
> Task :capacitor-local-notifications:generateReleaseLintVitalModel
> Task :app:mergeReleaseJniLibFolders
> Task :capacitor-android:copyReleaseJniLibsProjectOnly
> Task :capacitor-app:copyReleaseJniLibsProjectOnly
> Task :capacitor-cordova-android-plugins:copyReleaseJniLibsProjectOnly
> Task :capacitor-local-notifications:copyReleaseJniLibsProjectOnly
> Task :app:mergeReleaseNativeLibs NO-SOURCE
> Task :app:stripReleaseDebugSymbols NO-SOURCE
> Task :app:extractReleaseNativeSymbolTables NO-SOURCE
> Task :app:mergeReleaseNativeDebugMetadata NO-SOURCE
> Task :app:checkReleaseDuplicateClasses
> Task :app:lintVitalAnalyzeRelease
> Task :capacitor-android:lintVitalAnalyzeRelease
> Task :app:dexBuilderRelease
> Task :app:desugarReleaseFileDependencies
> Task :app:packageDebug
> Task :app:createDebugApkListingFileRedirect
> Task :app:assembleDebug
> Task :app:mergeReleaseArtProfile
> Task :capacitor-app:lintVitalAnalyzeRelease
> Task :capacitor-cordova-android-plugins:lintVitalAnalyzeRelease
> Task :app:mergeReleaseGlobalSynthetics
> Task :app:mergeReleaseShaders
> Task :app:compileReleaseShaders NO-SOURCE
> Task :app:generateReleaseAssets UP-TO-DATE
> Task :app:mergeReleaseAssets
> Task :app:processReleaseJavaRes NO-SOURCE
> Task :app:compressReleaseAssets
> Task :capacitor-local-notifications:lintVitalAnalyzeRelease
> Task :app:mergeReleaseJavaResource
> Task :app:collectReleaseDependencies
> Task :app:sdkReleaseDependencyData
> Task :app:lintVitalReportRelease
> Task :app:writeReleaseAppMetadata
> Task :app:lintVitalRelease
> Task :app:writeReleaseSigningConfigVersions
> Task :app:optimizeReleaseResources
> Task :app:mergeExtDexRelease
> Task :app:mergeDexRelease
> Task :app:compileReleaseArtProfile
> Task :app:packageRelease
> Task :app:createReleaseApkListingFileRedirect
> Task :app:assembleRelease

BUILD SUCCESSFUL in 57s
260 actionable tasks: 260 executed
