== APK: releases/candidates/20260920T014002-ux-y123-fix/attention-inbox-debug-ux-y123-fix.apk
   sha256(apk) = dbdd79732d0595df3e502c98cfbc66ebeb92651cb5464cbc0faf1953d1a158da
   IDENTICAL       index.html  (91063b8629c9cf67f29fa4970e070eb75e03f1bc19753a2743474d9216502ec2)
   IDENTICAL       app-core.js  (214aea29aacdb4d38c3d18efdb8ff6abe3dd881f385c569180eef572bc88ae95)
   IDENTICAL       sw.js  (aa077b2eaad0f49aa4e8ea7e27eab39a101d1086e03dcaccdc7a083f4cb784a3)
   IDENTICAL       lib/delivery-evidence.js  (7ee77186881d8462450c8fe8a550840647ec9d7626c259fb9e29768290062d03)
   IDENTICAL       lib/export-format.js  (37e60a07624c2dda1f1afadec8c1b2d61fe5b4a5a34b4c9c82f2c10ed0270423)
   IDENTICAL       lib/feedback.js  (7e9317d19cb930ee405cd6715ceaeda2fdbc6f26e8452bb699ffd9d09eafde9a)
   IDENTICAL       lib/import-extract.js  (edd959660e9fb9525ba7c290cde3019a81d53f1873c0ce31af24da30e1714bfa)
   IDENTICAL       lib/import-map.js  (51fe5528bb7189400946685ab0b9e9819f71eae8096166920deb048a4a0529d9)
   IDENTICAL       lib/native-reminders.js  (7c09fa1c53e21f5be997a59261ec8005f38a4f58c81fb8f068ee42022e5b06af)
   IDENTICAL       lib/parse-cn.js  (79b12b5ba0621a11a80ab53213d84e723bf428290d91940cdf0a6b12eb71faab)
   IDENTICAL       lib/reminder.js  (886ab9eb1a438b34122b71a461ed89a4a5b37fa85dedf8ee7afa558ee58f62fd)
   IDENTICAL       lib/repeat.js  (8b01c7e3b1f926bc53edff43808331839c01e2e3c540b898f1b24314467a4bde)
   IDENTICAL       lib/storage.js  (d7f5ca0d766f796cdeea6f4ce0b73875dc5778ed4eefdb8c939cae6b5b27d2d1)
== APK: releases/candidates/20260920T014002-ux-y123-fix/attention-inbox-release-ux-y123-fix.apk
   sha256(apk) = 2d5f5226635c6fc64a773062f312aaa3051929b58ab9166c28354d01bd1c62b9
   IDENTICAL       index.html  (91063b8629c9cf67f29fa4970e070eb75e03f1bc19753a2743474d9216502ec2)
   IDENTICAL       app-core.js  (214aea29aacdb4d38c3d18efdb8ff6abe3dd881f385c569180eef572bc88ae95)
   IDENTICAL       sw.js  (aa077b2eaad0f49aa4e8ea7e27eab39a101d1086e03dcaccdc7a083f4cb784a3)
   IDENTICAL       lib/delivery-evidence.js  (7ee77186881d8462450c8fe8a550840647ec9d7626c259fb9e29768290062d03)
   IDENTICAL       lib/export-format.js  (37e60a07624c2dda1f1afadec8c1b2d61fe5b4a5a34b4c9c82f2c10ed0270423)
   IDENTICAL       lib/feedback.js  (7e9317d19cb930ee405cd6715ceaeda2fdbc6f26e8452bb699ffd9d09eafde9a)
   IDENTICAL       lib/import-extract.js  (edd959660e9fb9525ba7c290cde3019a81d53f1873c0ce31af24da30e1714bfa)
   IDENTICAL       lib/import-map.js  (51fe5528bb7189400946685ab0b9e9819f71eae8096166920deb048a4a0529d9)
   IDENTICAL       lib/native-reminders.js  (7c09fa1c53e21f5be997a59261ec8005f38a4f58c81fb8f068ee42022e5b06af)
   IDENTICAL       lib/parse-cn.js  (79b12b5ba0621a11a80ab53213d84e723bf428290d91940cdf0a6b12eb71faab)
   IDENTICAL       lib/reminder.js  (886ab9eb1a438b34122b71a461ed89a4a5b37fa85dedf8ee7afa558ee58f62fd)
   IDENTICAL       lib/repeat.js  (8b01c7e3b1f926bc53edff43808331839c01e2e3c540b898f1b24314467a4bde)
   IDENTICAL       lib/storage.js  (d7f5ca0d766f796cdeea6f4ce0b73875dc5778ed4eefdb8c939cae6b5b27d2d1)
RESULT: ALL_WEB_ASSETS_BYTE_IDENTICAL
