
== N5 / D13 整理四条即时落盘，重启仅继续剩余六条 ==
  ✓ D13 第 1 条确认后立即持久化
  ✓ D13 第 2 条确认后立即持久化
  ✓ D13 第 3 条确认后立即持久化
  ✓ D13 第 4 条确认后立即持久化
  ✓ D13 重启只剩六条待整理
  ✓ D13 重启会话不包含已经确认的四条

== G1 同一事件的并发消费必须落到同一次提交上 ==
  ✓ G1 第二次调用不得在首次提交完成前返回成功
  ✓ G1 提交失败时两次调用一起失败
  ✓ G1 提交失败后事件不得记入台账（否则重放会被误判为已处理）
  ✓ G1 提交失败后原事项完整回滚
  ✓ G1 提交失败后不得残留派生实例
  ✓ G1 提交恢复后同一事件可正常重试

== G1 提交失败时不得确认删除原生事件；两个消费入口不得重复处理 ==
  ✓ G1 提交失败时不得确认删除原生事件
  ✓ G1 提交失败后事件仍在队列里可重试
  ✓ G1 提交恢复后重试成功
  ✓ G1 事件只被确认删除一次

== G1 并发进入两个消费入口时，同一事件只处理一次 ==
  ✓ G1 排空队列是串行的（handler 只被调用一次）

== G2 动作与周期派生必须是一次提交 ==
  ✓ G2 提交失败向外上抛异常
  ✓ G2 提交失败后不得残留派生出来的下一期
  ✓ G2 提交失败后不得残留 ackAdvancedAt
  ✓ G2 提交失败后原事项完整还原
  ✓ G2 提交恢复后重试只派生一期（不是两期）
  ✓ G2 重试后原事项为已确认且记录了推进时刻

== H2 备用镜像（localStorage）写失败，不得把已提交的事务说成没提交 ==
  ✓ H2 镜像写失败不影响权威提交（不上抛）
  ✓ H2 内存保持已确认，不回滚用户看到的结果
  ✓ H2 已派生的下一期保留
  ✓ H2 事件台账已落库
  ✓ H2 重启后与用户看到的一致（读回已确认 + 下一期）

== H2 有 IndexedDB 时权威后端说了算；没有它时 localStorage 才是权威 ==
  ✓ H2 权威提交失败如实上抛
  ✓ H2 权威失败后内存完整回滚
  ✓ H2 权威失败后事件不记入台账（原生事件保留待重试）
State save failed: commit failed
  ✓ H2 权威失败后重启与回滚后的内存一致（不会反而显示已确认）
  ✓ H2 无 IndexedDB 时 localStorage 是权威，写失败必须上抛
  ✓ H2 无 IndexedDB 时写失败同样完整回滚

== H1 闹钟提交进行中，普通用户操作的保存不得被静默丢弃 ==
  ✓ H1 前置：闹钟动作的写事务已进入队列（数据已克隆）但未提交
  ✓ H1 普通保存不得被吞掉（已排队待提交）
  ✓ I1 但它的快照必须排在动作成败之后生成（此刻还没有取快照）
  ✓ H1 内存里两件事都完成了
  ✓ H1 提交期间用户完成的另一事项必须落库
  ✓ H1 闹钟动作本身也落库
  ✓ H1 重启后与用户看到的一致

== I1 前一笔记账失败、后一笔成功，也不得把失败的那笔重新写回去 ==
  ✓ I1 前置：A 的提交确实失败
  ✓ I1 内存：A 回到待处理、派生实例撤回、事件未记台账
  ✓ I1 磁盘：A 不得被重新写成已确认
  ✓ I1 磁盘：不得残留派生出来的下一期
  ✓ I1 磁盘：不得留下该事件的已处理标记
  ✓ I1 磁盘：B 保持已归档
  ✓ I1 重启后：A 仍是待处理且无派生残留
  ✓ I1 重启后：B 仍是已归档
  ✓ I1 重启后：事件台账没有该事件的已处理标记

== H1 同一事项提交未决时，用户操作必须显式拒绝且不得伪装成功 ==
  ✓ H1 同事项操作返回 false
  ✓ H1 拒绝时不修改最后确认状态
  ✓ H1 拒绝时给出明确反馈
  ✓ H1 前置：这笔提交确实失败了
  ✓ H1 原生提交失败后仍保持最后确认状态

== G3 截止阶段：撤销 / 待投递 / 已送达必须分开 ==
  ✓ G3 已越过计划时刻的待投递阶段不得被改写成已送达
  ✓ G3 原生确认撤销的排程记为 cancelled
  ✓ G3 撤销不得覆盖已送达的终态
  ✓ G3 已越过投递时刻才被撤销的阶段保持待定（不谎报送达、也不盲目补发）
  ✓ G3 系统送达回调才落库为已送达

== G3 三种状态在原生排程上的行为必须不同 ==
  ✓ G3 已撤销的阶段在保护点已过时补提醒（这就是被漏掉的那次提醒）
  ✓ G3 已送达的阶段不再补提醒
  ✓ G3 待投递且已过点的阶段不重复排、也不补发

== G3 原生对账必须上报被撤销的截止排程 ==
  ✓ G3 关闭通知后原生上报被撤销的截止排程
  ✓ G3 撤销本身仍照常执行
  ✓ G3 仍保留「本轮计划中的截止排程」回传通道

== G4 停止重复 = 终止规则 + 只归档未开始的未来实例 ==
  ✓ G4 前置：ACK 派生出未开始的下一期
  ✓ G4 前置：当前实例仍是未完成的历史确认态
  ✓ G4 已确认但未完成的历史实例不得被归档
  ✓ G4 历史实例不得被写入 completedAt（不该混进「今天已完成 N 件」）
  ✓ G4 历史实例的确认时间保持不变
  ✓ G4 历史实例仍在待处理范围（未进入归档）
  ✓ G4 整个系列的规则都已终止（历史实例不再派生）
  ✓ G4 只归档被操作的那一条，历史实例不受牵连
  ✓ G4 被操作的实例计入完成（用户明确归档它）

== G4 从历史入口停止重复：归档当前实例，但不牵连其他历史 ==
  ✓ G4 前置：系列里有两条历史 + 一条未来
  ✓ G4 被操作的那一条归档并记录完成时间
  ✓ G4 另一条历史实例保留原业务状态
  ✓ G4 未来实例被归档但不计完成

== G4 停止重复后历史实例不再产生周期提醒排程 ==
  ✓ G4 终止后历史实例不再排出周期提醒

== J1 队列里已有的普通保存，不得把后到的 ACK 提前提交 ==
  ✓ J1 前置：S0 已取过快照、写事务排队中
  ✓ J1 前置：B 的保存已排队但尚未取快照
  ✓ J1 动作的状态变更必须等轮到它才生效（此刻 A 仍是待处理）
  ✓ J1 动作不得抢先写内存事件台账
  ✓ J1 前置：A 的提交确实失败
  ✓ J1 内存：A 回到待处理、无派生残留、事件未记台账
  ✓ J1 磁盘：较早的普通保存不得把 A 的 ACK 提前写进去
  ✓ J1 磁盘：不得残留派生出来的下一期
  ✓ J1 磁盘：不得留下该事件的已处理标记
  ✓ J1 磁盘：B 保持已归档
State save failed: commit failed
  ✓ J1 重启后：A 仍是待处理且无派生残留
  ✓ J1 重启后：B 仍是已归档
State save failed: commit failed
  ✓ J1 重启后：事件台账没有该事件的已处理标记

== K1 周期 ACK 提交中拒绝完成；失败落定后可安全重试 ==
  ✓ K1 前置：未提交 ACK 保持隔离，不提前显示派生下一期
  ✓ K1 前置：提交未决时完成被明确拒绝
  ✓ K1 ACK 失败落定后允许重试完成
  ✓ K1 ACK 提交失败如实上抛
  ✓ K1 用户完成的本期必须保持已完成（不得被回滚覆盖）
  ✓ K1 恰好存在一个有效下一期（周期不得静默中断）
  ✓ K1 切掉失败 ACK 的痕迹（不残留 ackAdvancedAt）
  ✓ K1 不残留已处理失败事件标记
  ✓ K1 磁盘：本期已完成
  ✓ K1 磁盘：恰好一个有效下一期
  ✓ K1 磁盘：不残留已处理失败事件标记
  ✓ K1 重载后：本期已完成且恰好一个有效下一期
  ✓ K1 重载后：周期仍在（下一期带 repeat 规则）
  ✓ K1 重载后：不残留已处理失败事件标记

== K1 对照：ACK 提交成功时，完成本期不得重复派生 ==
  ✓ K1 对照：ACK 成功派生出下一期
  ✓ K1 对照：完成本期不重复派生
  ✓ K1 对照：本期已完成、下一期仍有效

== M1 原生稍后未决时拒绝第二次稍后，失败落定后可重试 ==
  ✓ M1 前置：未提交原生稍后保持隔离
  ✓ M1 前置：第二次稍后被明确拒绝
  ✓ M1 失败落定后第二次稍后可重试
  ✓ M1 闹钟动作提交失败如实上抛
  ✓ M1 内存：第二次稍后完整保留（snoozed + elapsed + 四小时后 + 延迟）
  ✓ M1 内存：elapsed 三件套自洽（snoozedAt + snoozeDelayMs === triggerAt）
  ✓ M1 内存：不残留失败动作的痕迹（事件未记台账、无确认时间）
  ✓ M1 磁盘：第二次稍后完整保留
  ✓ M1 重载后：仍是 snoozed/elapsed，第二次选择的时间与延迟完整保留
  ✓ M1 重载后：不残留失败动作的已处理标记

== M1 原生稍后未决时拒绝 wall-clock 改期，失败后可重试 ==
  ✓ M1b 前置：第二次稍后按钟点被明确拒绝
  ✓ M1b 失败落定后按钟点稍后可重试
  ✓ M1b 闹钟动作提交失败如实上抛
  ✓ M1b 内存：按钟点的稍后完整保留
  ✓ M1b 内存：不残留失败动作的痕迹
  ✓ M1b 重载后：仍是 snoozed/wall-clock 且按钟点重算得到同一个时刻

== M1 提交在途期间拒绝同事项编辑，并保留表单供重试 ==
  ✓ M1c 前置：未提交 ACK 不提前进入可见状态
  ✓ M1c 前置：编辑未写入事项且表单仍保留
  ✓ M1c ACK 提交失败如实上抛
  ✓ M1c 编辑结果完整保留（标题 / 备注 / 钟点时间）
  ✓ M1c 失败的 ACK 不得到处留痕（无确认时间、事件未记台账、状态按编辑结果走）
  ✓ M1c 磁盘：编辑结果完整保留
  ✓ M1c 重载后：编辑结果完整保留且不残留已处理失败事件标记

== M1 无关事项的操作不得被重复施加（派生实例不能翻倍） ==
  ✓ M1d 前置：另一条周期事项已确认并派生一期
  ✓ M1d 闹钟动作提交失败如实上抛
  ✓ M1d 无关事项的操作不得被重复施加（派生实例仍是 1 期）
  ✓ M1d 被操作事项回滚到位
  ✓ M1d 磁盘：派生实例仍只有 1 期
  ✓ M1d 重载后：派生实例仍只有 1 期

== N1 周期事项提交中拒绝 UI 确认，失败后重试只派生一期 ==
  ✓ N1 前置：未提交原生稍后不污染可见状态
  ✓ N1 前置：UI 确认被明确拒绝
  ✓ N1 失败落定后 UI 确认可重试
  ✓ N1 原生稍后提交失败如实上抛
  ✓ N1 用户确认保留（已完成的操作不得被回滚吃掉）
  ✓ N1 恰好一个下一期（首次执行的副作用必须已被撤销）
  ✓ N1 下一期按**有效状态**计算（不得带上失败动作的时间影响）
  ✓ N1 下一期沿用同一个 id（后续针对它的操作才不会失联）
  ✓ N1 失败动作不留已处理标记
  ✓ N1 失败动作的状态痕迹已清除（不再是被它改成的稍后）
  ✓ N1 重载后：仍是「已确认 + 恰好一个下一期」
  ✓ N1 重载后：下一期的时刻仍按有效状态
  ✓ N1 重载后：不留失败动作的已处理标记

== N1 相关事务未决时拒绝，落定后连续操作不得丢失 ==
  ✓ N1b 未决时确认被拒绝且不暴露派生实例
  ✓ N1b 落定后派生实例已被连续改到 3 小时后
  ✓ N1b 提交失败如实上抛
  ✓ N1b 仍是恰好一个下一期
  ✓ N1b 用户对派生实例的修改被保留（id 复用 + 重放命中同一个实例）
  ✓ N1b 源事项仍是已确认
  ✓ N1b 重载后：派生实例的修改仍在、且只有一个下一期

== N1 日历周期：提交中拒绝完成，落定后顺延仍锚定有效状态 ==
  ✓ N1c 前置：未提交 ACK 保持隔离
  ✓ N1c 前置：完成被明确拒绝且未派生
  ✓ N1c 失败落定后完成可重试
  ✓ N1c 提交失败如实上抛
  ✓ N1c 完成结果保留且只派生一期
  ✓ N1c 日历周期的顺延锚定原定日期（不是完成时刻，更不是失败动作改过的时间）
  ✓ N1c 失败的 ACK 不留痕迹
  ✓ N1c 重载后：本期已完成、恰好一个有效下一期

== P1-A 保存期间用真实表单新建的事项，回滚不得删掉 ==
  ✓ P1-A 前置：真实表单新建成功
  ✓ P1-A 失败动作如实上抛
  ✓ P1-A 新建的事项仍在（内存）
  ✓ P1-A 失败动作自身被撤销（不残留稍后）
  ✓ P1-A 新建的事项已落库
  ✓ P1-A 重载后：新建的事项完整保留（标题 / 时间）

== P1-A 期间连续新建两条，都不得丢 ==
  ✓ P1-A2 前置：两条都已建立且 id 不同
  ✓ P1-A2 两条新建都保留且各只有一条
  ✓ P1-A2 顺序与时间都保持
  ✓ P1-A2 重载后：两条都在

== P1-A 期间新建后再编辑 / 再删除，结果都要保住 ==
  ✓ P1-A3 前置：编辑已生效
  ✓ P1-A3 新建后编辑：不重复、且保留编辑结果
  ✓ P1-A3 重载后：编辑结果仍在
  ✓ P1-A4 前置：新建后删除已生效
  ✓ P1-A4 用户的删除被保留（不得复活）
  ✓ P1-A4 重载后：仍然没有那条

== P1-B 未决时不暴露派生实例，失败落定后可派生并编辑 ==
  ✓ P1-B 前置：同事项确认被拒绝且派生实例不可见
  ✓ P1-B 落定后派生实例的编辑已生效
  ✓ P1-B 失败动作如实上抛
  ✓ P1-B 仍只有一个下一期且 id 不变
  ✓ P1-B 用户在派生实例上的编辑被保留（不得写到已被替换的旧对象上）
  ✓ P1-B 重载后：编辑仍在

== P1-B 落定后派生 → 编辑 → 再稍后，三件事都要保住 ==
  ✓ P1-B2 前置：同事项确认被拒绝
  ✓ P1-B2 只有一个下一期
  ✓ P1-B2 编辑与稍后都被保留（id 复用 + 按 id 重放）
  ✓ P1-B2 重载后：编辑与稍后都还在

== P1 兜底：没有被记进日志的用户写入一律保留（fail-safe） ==
  ✓ P1 兜底：未记录的新建被保留（宁可留下也不能静默删掉）
  ✓ P1 兜底：未被重放改写的既有事项保持原样（不拿旧快照覆盖）
  ✓ P1 兜底：动作自身仍被正确撤销

== Q1 提交中拒绝 ACK/删除，落定后按顺序执行不得误删下一期 ==
  ✓ Q1 前置：同事项 ACK 与删除均被拒绝
  ✓ Q1 失败动作如实上抛
  ✓ Q1 用户的删除仍然生效（本期不得复活）
  ✓ Q1 恰好保留一条下一期（更早的 ACK 必须在删除之前被重放）
  ✓ Q1 下一期按**有效状态**计算（不带失败动作的时间位移）
  ✓ Q1 失败动作不留已处理标记
  ✓ Q1 磁盘：本期已删、恰一条下一期
  ✓ Q1 重载后：本期已删、恰一条下一期且时刻仍按有效状态
  ✓ Q1 重载后：不留失败动作的已处理标记

== Q1 提交中拒绝完成/删除，落定后顺延仍要保住 ==
  ✓ Q1b 前置：完成与删除均被拒绝
  ✓ Q1b 本期保持已删、恰一条下一期
  ✓ Q1b 顺延仍锚定原定日期
  ✓ Q1b 重载后：本期已删、恰一条下一期

== Q1 提交中拒绝编辑/删除，落定后执行仍不留残影 ==
  ✓ Q1c 前置：编辑与删除均未改变事项
  ✓ Q1c 最终仍是已删除（不得因「更早的编辑要重放」而复活）
  ✓ Q1c 重载后：仍然没有它

== Q1 未决时不暴露派生项，落定后删除派生项不得恢复 ==
  ✓ Q1d 前置：确认被拒绝且下一期不可见
  ✓ Q1d 本期的确认保留
  ✓ Q1d 用户删掉的下一期不得被恢复
  ✓ Q1d 重载后：本期已确认、下一期仍是删除状态

== 隐藏闹钟：完成必须提交成功，旧提醒与截止保护不能误处理 ==
  ✓ 完成提交前仍保留原状态与停止入口
  ✓ 完成落库失败不得止响或假归档
  ✓ 重试提交成功后才停止对应投递
  ✓ 旧投递不能完成新版事项
  ✓ 已确认事项的同版本截止保护保持可处理
  ✓ 稍后事项的同版本截止保护保持可处理
  ✓ 已提交的新确认只清理旧版本投递

== T1 原生 ACK 派生实例在创建提交确认前不可见、确认后可安全修改 ==
  ✓ T1 创建提交确认前：源事项仍是最后确认状态
  ✓ T1 创建提交确认前：下一期不暴露给 UI，不能接受依赖编辑
  ✓ T1 创建提交确认后：下一期才发布
  ✓ T1 下一期带稳定父实例身份
  ✓ T1 确认后接受的稍后完整落库并可重载
  ✓ T1 全程只有一个下一期

== T1 对照：创建提交失败时不发布幽灵下一期 ==
  ✓ T1 失败如实返回 Promise 拒绝
  ✓ T1 失败后内存没有下一期或假 ACK
  ✓ T1 失败事件不进入已处理台账
State save failed: commit failed
  ✓ T1 失败后重载仍无幽灵下一期

== U2 同周期串行化与多步操作：相关项拒绝、无关项继续 ==
  ✓ U2 连续三个同事项/同周期命令都被拒绝
  ✓ U2 同周期未来事项保持原样
  ✓ U2 无关事项命令继续执行
  ✓ U2 原生稍后成功且同周期项未被误改
  ✓ U2 多步结果经权威存储与重启保持一致

== U2 36 组合矩阵：原生动作 × 同事项 UI 命令 × 原生成败 ==
  ✓ U2 矩阵恰好覆盖 36 种组合
  ✓ U2 ack×ack×成功：UI 命令明确返回 false
  ✓ U2 ack×ack×成功：拒绝期间内存保持最后确认状态
  ✓ U2 ack×ack×成功：拒绝反馈不是成功提示
  ✓ U2 ack×ack×成功：原生成败如实向外返回
  ✓ U2 ack×ack×成功：内存只包含原生事务结果
  ✓ U2 ack×ack×成功：权威快照与内存一致
  ✓ U2 ack×ack×成功：重载与内存/权威快照一致
  ✓ U2 ack×ack×成功：事件台账只记录成功原生动作
  ✓ U2 ack×ack×成功：同一父实例无重复派生
  ✓ U2 ack×ack×失败：UI 命令明确返回 false
  ✓ U2 ack×ack×失败：拒绝期间内存保持最后确认状态
  ✓ U2 ack×ack×失败：拒绝反馈不是成功提示
State save failed: commit failed
  ✓ U2 ack×ack×失败：原生成败如实向外返回
  ✓ U2 ack×ack×失败：内存只包含原生事务结果
  ✓ U2 ack×ack×失败：权威快照与内存一致
  ✓ U2 ack×ack×失败：重载与内存/权威快照一致
  ✓ U2 ack×ack×失败：事件台账只记录成功原生动作
  ✓ U2 ack×ack×失败：同一父实例无重复派生
  ✓ U2 ack×complete×成功：UI 命令明确返回 false
  ✓ U2 ack×complete×成功：拒绝期间内存保持最后确认状态
  ✓ U2 ack×complete×成功：拒绝反馈不是成功提示
  ✓ U2 ack×complete×成功：原生成败如实向外返回
  ✓ U2 ack×complete×成功：内存只包含原生事务结果
  ✓ U2 ack×complete×成功：权威快照与内存一致
  ✓ U2 ack×complete×成功：重载与内存/权威快照一致
  ✓ U2 ack×complete×成功：事件台账只记录成功原生动作
  ✓ U2 ack×complete×成功：同一父实例无重复派生
  ✓ U2 ack×complete×失败：UI 命令明确返回 false
  ✓ U2 ack×complete×失败：拒绝期间内存保持最后确认状态
  ✓ U2 ack×complete×失败：拒绝反馈不是成功提示
State save failed: commit failed
  ✓ U2 ack×complete×失败：原生成败如实向外返回
  ✓ U2 ack×complete×失败：内存只包含原生事务结果
  ✓ U2 ack×complete×失败：权威快照与内存一致
  ✓ U2 ack×complete×失败：重载与内存/权威快照一致
  ✓ U2 ack×complete×失败：事件台账只记录成功原生动作
  ✓ U2 ack×complete×失败：同一父实例无重复派生
  ✓ U2 ack×snooze×成功：UI 命令明确返回 false
  ✓ U2 ack×snooze×成功：拒绝期间内存保持最后确认状态
  ✓ U2 ack×snooze×成功：拒绝反馈不是成功提示
  ✓ U2 ack×snooze×成功：原生成败如实向外返回
  ✓ U2 ack×snooze×成功：内存只包含原生事务结果
  ✓ U2 ack×snooze×成功：权威快照与内存一致
  ✓ U2 ack×snooze×成功：重载与内存/权威快照一致
  ✓ U2 ack×snooze×成功：事件台账只记录成功原生动作
  ✓ U2 ack×snooze×成功：同一父实例无重复派生
  ✓ U2 ack×snooze×失败：UI 命令明确返回 false
  ✓ U2 ack×snooze×失败：拒绝期间内存保持最后确认状态
  ✓ U2 ack×snooze×失败：拒绝反馈不是成功提示
State save failed: commit failed
  ✓ U2 ack×snooze×失败：原生成败如实向外返回
  ✓ U2 ack×snooze×失败：内存只包含原生事务结果
  ✓ U2 ack×snooze×失败：权威快照与内存一致
  ✓ U2 ack×snooze×失败：重载与内存/权威快照一致
  ✓ U2 ack×snooze×失败：事件台账只记录成功原生动作
  ✓ U2 ack×snooze×失败：同一父实例无重复派生
  ✓ U2 ack×edit×成功：UI 命令明确返回 false
  ✓ U2 ack×edit×成功：拒绝期间内存保持最后确认状态
  ✓ U2 ack×edit×成功：拒绝反馈不是成功提示
  ✓ U2 ack×edit×成功：编辑输入保留供重试
  ✓ U2 ack×edit×成功：原生成败如实向外返回
  ✓ U2 ack×edit×成功：内存只包含原生事务结果
  ✓ U2 ack×edit×成功：权威快照与内存一致
  ✓ U2 ack×edit×成功：重载与内存/权威快照一致
  ✓ U2 ack×edit×成功：事件台账只记录成功原生动作
  ✓ U2 ack×edit×成功：同一父实例无重复派生
  ✓ U2 ack×edit×失败：UI 命令明确返回 false
  ✓ U2 ack×edit×失败：拒绝期间内存保持最后确认状态
  ✓ U2 ack×edit×失败：拒绝反馈不是成功提示
  ✓ U2 ack×edit×失败：编辑输入保留供重试
State save failed: commit failed
  ✓ U2 ack×edit×失败：原生成败如实向外返回
  ✓ U2 ack×edit×失败：内存只包含原生事务结果
  ✓ U2 ack×edit×失败：权威快照与内存一致
  ✓ U2 ack×edit×失败：重载与内存/权威快照一致
  ✓ U2 ack×edit×失败：事件台账只记录成功原生动作
  ✓ U2 ack×edit×失败：同一父实例无重复派生
  ✓ U2 ack×delete×成功：UI 命令明确返回 false
  ✓ U2 ack×delete×成功：拒绝期间内存保持最后确认状态
  ✓ U2 ack×delete×成功：拒绝反馈不是成功提示
  ✓ U2 ack×delete×成功：原生成败如实向外返回
  ✓ U2 ack×delete×成功：内存只包含原生事务结果
  ✓ U2 ack×delete×成功：权威快照与内存一致
  ✓ U2 ack×delete×成功：重载与内存/权威快照一致
  ✓ U2 ack×delete×成功：事件台账只记录成功原生动作
  ✓ U2 ack×delete×成功：同一父实例无重复派生
  ✓ U2 ack×delete×失败：UI 命令明确返回 false
  ✓ U2 ack×delete×失败：拒绝期间内存保持最后确认状态
  ✓ U2 ack×delete×失败：拒绝反馈不是成功提示
State save failed: commit failed
  ✓ U2 ack×delete×失败：原生成败如实向外返回
  ✓ U2 ack×delete×失败：内存只包含原生事务结果
  ✓ U2 ack×delete×失败：权威快照与内存一致
  ✓ U2 ack×delete×失败：重载与内存/权威快照一致
  ✓ U2 ack×delete×失败：事件台账只记录成功原生动作
  ✓ U2 ack×delete×失败：同一父实例无重复派生
  ✓ U2 ack×stopRepeat×成功：UI 命令明确返回 false
  ✓ U2 ack×stopRepeat×成功：拒绝期间内存保持最后确认状态
  ✓ U2 ack×stopRepeat×成功：拒绝反馈不是成功提示
  ✓ U2 ack×stopRepeat×成功：原生成败如实向外返回
  ✓ U2 ack×stopRepeat×成功：内存只包含原生事务结果
  ✓ U2 ack×stopRepeat×成功：权威快照与内存一致
  ✓ U2 ack×stopRepeat×成功：重载与内存/权威快照一致
  ✓ U2 ack×stopRepeat×成功：事件台账只记录成功原生动作
  ✓ U2 ack×stopRepeat×成功：同一父实例无重复派生
  ✓ U2 ack×stopRepeat×失败：UI 命令明确返回 false
  ✓ U2 ack×stopRepeat×失败：拒绝期间内存保持最后确认状态
  ✓ U2 ack×stopRepeat×失败：拒绝反馈不是成功提示
State save failed: commit failed
  ✓ U2 ack×stopRepeat×失败：原生成败如实向外返回
  ✓ U2 ack×stopRepeat×失败：内存只包含原生事务结果
  ✓ U2 ack×stopRepeat×失败：权威快照与内存一致
  ✓ U2 ack×stopRepeat×失败：重载与内存/权威快照一致
  ✓ U2 ack×stopRepeat×失败：事件台账只记录成功原生动作
  ✓ U2 ack×stopRepeat×失败：同一父实例无重复派生
  ✓ U2 snooze×ack×成功：UI 命令明确返回 false
  ✓ U2 snooze×ack×成功：拒绝期间内存保持最后确认状态
  ✓ U2 snooze×ack×成功：拒绝反馈不是成功提示
  ✓ U2 snooze×ack×成功：原生成败如实向外返回
  ✓ U2 snooze×ack×成功：内存只包含原生事务结果
  ✓ U2 snooze×ack×成功：权威快照与内存一致
  ✓ U2 snooze×ack×成功：重载与内存/权威快照一致
  ✓ U2 snooze×ack×成功：事件台账只记录成功原生动作
  ✓ U2 snooze×ack×成功：同一父实例无重复派生
  ✓ U2 snooze×ack×失败：UI 命令明确返回 false
  ✓ U2 snooze×ack×失败：拒绝期间内存保持最后确认状态
  ✓ U2 snooze×ack×失败：拒绝反馈不是成功提示
State save failed: commit failed
  ✓ U2 snooze×ack×失败：原生成败如实向外返回
  ✓ U2 snooze×ack×失败：内存只包含原生事务结果
  ✓ U2 snooze×ack×失败：权威快照与内存一致
  ✓ U2 snooze×ack×失败：重载与内存/权威快照一致
  ✓ U2 snooze×ack×失败：事件台账只记录成功原生动作
  ✓ U2 snooze×ack×失败：同一父实例无重复派生
  ✓ U2 snooze×complete×成功：UI 命令明确返回 false
  ✓ U2 snooze×complete×成功：拒绝期间内存保持最后确认状态
  ✓ U2 snooze×complete×成功：拒绝反馈不是成功提示
  ✓ U2 snooze×complete×成功：原生成败如实向外返回
  ✓ U2 snooze×complete×成功：内存只包含原生事务结果
  ✓ U2 snooze×complete×成功：权威快照与内存一致
  ✓ U2 snooze×complete×成功：重载与内存/权威快照一致
  ✓ U2 snooze×complete×成功：事件台账只记录成功原生动作
  ✓ U2 snooze×complete×成功：同一父实例无重复派生
  ✓ U2 snooze×complete×失败：UI 命令明确返回 false
  ✓ U2 snooze×complete×失败：拒绝期间内存保持最后确认状态
  ✓ U2 snooze×complete×失败：拒绝反馈不是成功提示
State save failed: commit failed
  ✓ U2 snooze×complete×失败：原生成败如实向外返回
  ✓ U2 snooze×complete×失败：内存只包含原生事务结果
  ✓ U2 snooze×complete×失败：权威快照与内存一致
  ✓ U2 snooze×complete×失败：重载与内存/权威快照一致
  ✓ U2 snooze×complete×失败：事件台账只记录成功原生动作
  ✓ U2 snooze×complete×失败：同一父实例无重复派生
  ✓ U2 snooze×snooze×成功：UI 命令明确返回 false
  ✓ U2 snooze×snooze×成功：拒绝期间内存保持最后确认状态
  ✓ U2 snooze×snooze×成功：拒绝反馈不是成功提示
  ✓ U2 snooze×snooze×成功：原生成败如实向外返回
  ✓ U2 snooze×snooze×成功：内存只包含原生事务结果
  ✓ U2 snooze×snooze×成功：权威快照与内存一致
  ✓ U2 snooze×snooze×成功：重载与内存/权威快照一致
  ✓ U2 snooze×snooze×成功：事件台账只记录成功原生动作
  ✓ U2 snooze×snooze×成功：同一父实例无重复派生
  ✓ U2 snooze×snooze×失败：UI 命令明确返回 false
  ✓ U2 snooze×snooze×失败：拒绝期间内存保持最后确认状态
  ✓ U2 snooze×snooze×失败：拒绝反馈不是成功提示
State save failed: commit failed
  ✓ U2 snooze×snooze×失败：原生成败如实向外返回
  ✓ U2 snooze×snooze×失败：内存只包含原生事务结果
  ✓ U2 snooze×snooze×失败：权威快照与内存一致
  ✓ U2 snooze×snooze×失败：重载与内存/权威快照一致
  ✓ U2 snooze×snooze×失败：事件台账只记录成功原生动作
  ✓ U2 snooze×snooze×失败：同一父实例无重复派生
  ✓ U2 snooze×edit×成功：UI 命令明确返回 false
  ✓ U2 snooze×edit×成功：拒绝期间内存保持最后确认状态
  ✓ U2 snooze×edit×成功：拒绝反馈不是成功提示
  ✓ U2 snooze×edit×成功：编辑输入保留供重试
  ✓ U2 snooze×edit×成功：原生成败如实向外返回
  ✓ U2 snooze×edit×成功：内存只包含原生事务结果
  ✓ U2 snooze×edit×成功：权威快照与内存一致
  ✓ U2 snooze×edit×成功：重载与内存/权威快照一致
  ✓ U2 snooze×edit×成功：事件台账只记录成功原生动作
  ✓ U2 snooze×edit×成功：同一父实例无重复派生
  ✓ U2 snooze×edit×失败：UI 命令明确返回 false
  ✓ U2 snooze×edit×失败：拒绝期间内存保持最后确认状态
  ✓ U2 snooze×edit×失败：拒绝反馈不是成功提示
  ✓ U2 snooze×edit×失败：编辑输入保留供重试
State save failed: commit failed
  ✓ U2 snooze×edit×失败：原生成败如实向外返回
  ✓ U2 snooze×edit×失败：内存只包含原生事务结果
  ✓ U2 snooze×edit×失败：权威快照与内存一致
  ✓ U2 snooze×edit×失败：重载与内存/权威快照一致
  ✓ U2 snooze×edit×失败：事件台账只记录成功原生动作
  ✓ U2 snooze×edit×失败：同一父实例无重复派生
  ✓ U2 snooze×delete×成功：UI 命令明确返回 false
  ✓ U2 snooze×delete×成功：拒绝期间内存保持最后确认状态
  ✓ U2 snooze×delete×成功：拒绝反馈不是成功提示
  ✓ U2 snooze×delete×成功：原生成败如实向外返回
  ✓ U2 snooze×delete×成功：内存只包含原生事务结果
  ✓ U2 snooze×delete×成功：权威快照与内存一致
  ✓ U2 snooze×delete×成功：重载与内存/权威快照一致
  ✓ U2 snooze×delete×成功：事件台账只记录成功原生动作
  ✓ U2 snooze×delete×成功：同一父实例无重复派生
  ✓ U2 snooze×delete×失败：UI 命令明确返回 false
  ✓ U2 snooze×delete×失败：拒绝期间内存保持最后确认状态
  ✓ U2 snooze×delete×失败：拒绝反馈不是成功提示
State save failed: commit failed
  ✓ U2 snooze×delete×失败：原生成败如实向外返回
  ✓ U2 snooze×delete×失败：内存只包含原生事务结果
  ✓ U2 snooze×delete×失败：权威快照与内存一致
  ✓ U2 snooze×delete×失败：重载与内存/权威快照一致
  ✓ U2 snooze×delete×失败：事件台账只记录成功原生动作
  ✓ U2 snooze×delete×失败：同一父实例无重复派生
  ✓ U2 snooze×stopRepeat×成功：UI 命令明确返回 false
  ✓ U2 snooze×stopRepeat×成功：拒绝期间内存保持最后确认状态
  ✓ U2 snooze×stopRepeat×成功：拒绝反馈不是成功提示
  ✓ U2 snooze×stopRepeat×成功：原生成败如实向外返回
  ✓ U2 snooze×stopRepeat×成功：内存只包含原生事务结果
  ✓ U2 snooze×stopRepeat×成功：权威快照与内存一致
  ✓ U2 snooze×stopRepeat×成功：重载与内存/权威快照一致
  ✓ U2 snooze×stopRepeat×成功：事件台账只记录成功原生动作
  ✓ U2 snooze×stopRepeat×成功：同一父实例无重复派生
  ✓ U2 snooze×stopRepeat×失败：UI 命令明确返回 false
  ✓ U2 snooze×stopRepeat×失败：拒绝期间内存保持最后确认状态
  ✓ U2 snooze×stopRepeat×失败：拒绝反馈不是成功提示
State save failed: commit failed
  ✓ U2 snooze×stopRepeat×失败：原生成败如实向外返回
  ✓ U2 snooze×stopRepeat×失败：内存只包含原生事务结果
  ✓ U2 snooze×stopRepeat×失败：权威快照与内存一致
  ✓ U2 snooze×stopRepeat×失败：重载与内存/权威快照一致
  ✓ U2 snooze×stopRepeat×失败：事件台账只记录成功原生动作
  ✓ U2 snooze×stopRepeat×失败：同一父实例无重复派生
  ✓ U2 done×ack×成功：UI 命令明确返回 false
  ✓ U2 done×ack×成功：拒绝期间内存保持最后确认状态
  ✓ U2 done×ack×成功：拒绝反馈不是成功提示
  ✓ U2 done×ack×成功：原生成败如实向外返回
  ✓ U2 done×ack×成功：内存只包含原生事务结果
  ✓ U2 done×ack×成功：权威快照与内存一致
  ✓ U2 done×ack×成功：重载与内存/权威快照一致
  ✓ U2 done×ack×成功：事件台账只记录成功原生动作
  ✓ U2 done×ack×成功：同一父实例无重复派生
  ✓ U2 done×ack×失败：UI 命令明确返回 false
  ✓ U2 done×ack×失败：拒绝期间内存保持最后确认状态
  ✓ U2 done×ack×失败：拒绝反馈不是成功提示
State save failed: commit failed
  ✓ U2 done×ack×失败：原生成败如实向外返回
  ✓ U2 done×ack×失败：内存只包含原生事务结果
  ✓ U2 done×ack×失败：权威快照与内存一致
  ✓ U2 done×ack×失败：重载与内存/权威快照一致
  ✓ U2 done×ack×失败：事件台账只记录成功原生动作
  ✓ U2 done×ack×失败：同一父实例无重复派生
  ✓ U2 done×complete×成功：UI 命令明确返回 false
  ✓ U2 done×complete×成功：拒绝期间内存保持最后确认状态
  ✓ U2 done×complete×成功：拒绝反馈不是成功提示
  ✓ U2 done×complete×成功：原生成败如实向外返回
  ✓ U2 done×complete×成功：内存只包含原生事务结果
  ✓ U2 done×complete×成功：权威快照与内存一致
  ✓ U2 done×complete×成功：重载与内存/权威快照一致
  ✓ U2 done×complete×成功：事件台账只记录成功原生动作
  ✓ U2 done×complete×成功：同一父实例无重复派生
  ✓ U2 done×complete×失败：UI 命令明确返回 false
  ✓ U2 done×complete×失败：拒绝期间内存保持最后确认状态
  ✓ U2 done×complete×失败：拒绝反馈不是成功提示
State save failed: commit failed
  ✓ U2 done×complete×失败：原生成败如实向外返回
  ✓ U2 done×complete×失败：内存只包含原生事务结果
  ✓ U2 done×complete×失败：权威快照与内存一致
  ✓ U2 done×complete×失败：重载与内存/权威快照一致
  ✓ U2 done×complete×失败：事件台账只记录成功原生动作
  ✓ U2 done×complete×失败：同一父实例无重复派生
  ✓ U2 done×snooze×成功：UI 命令明确返回 false
  ✓ U2 done×snooze×成功：拒绝期间内存保持最后确认状态
  ✓ U2 done×snooze×成功：拒绝反馈不是成功提示
  ✓ U2 done×snooze×成功：原生成败如实向外返回
  ✓ U2 done×snooze×成功：内存只包含原生事务结果
  ✓ U2 done×snooze×成功：权威快照与内存一致
  ✓ U2 done×snooze×成功：重载与内存/权威快照一致
  ✓ U2 done×snooze×成功：事件台账只记录成功原生动作
  ✓ U2 done×snooze×成功：同一父实例无重复派生
  ✓ U2 done×snooze×失败：UI 命令明确返回 false
  ✓ U2 done×snooze×失败：拒绝期间内存保持最后确认状态
  ✓ U2 done×snooze×失败：拒绝反馈不是成功提示
State save failed: commit failed
  ✓ U2 done×snooze×失败：原生成败如实向外返回
  ✓ U2 done×snooze×失败：内存只包含原生事务结果
  ✓ U2 done×snooze×失败：权威快照与内存一致
  ✓ U2 done×snooze×失败：重载与内存/权威快照一致
  ✓ U2 done×snooze×失败：事件台账只记录成功原生动作
  ✓ U2 done×snooze×失败：同一父实例无重复派生
  ✓ U2 done×edit×成功：UI 命令明确返回 false
  ✓ U2 done×edit×成功：拒绝期间内存保持最后确认状态
  ✓ U2 done×edit×成功：拒绝反馈不是成功提示
  ✓ U2 done×edit×成功：编辑输入保留供重试
  ✓ U2 done×edit×成功：原生成败如实向外返回
  ✓ U2 done×edit×成功：内存只包含原生事务结果
  ✓ U2 done×edit×成功：权威快照与内存一致
  ✓ U2 done×edit×成功：重载与内存/权威快照一致
  ✓ U2 done×edit×成功：事件台账只记录成功原生动作
  ✓ U2 done×edit×成功：同一父实例无重复派生
  ✓ U2 done×edit×失败：UI 命令明确返回 false
  ✓ U2 done×edit×失败：拒绝期间内存保持最后确认状态
  ✓ U2 done×edit×失败：拒绝反馈不是成功提示
  ✓ U2 done×edit×失败：编辑输入保留供重试
State save failed: commit failed
  ✓ U2 done×edit×失败：原生成败如实向外返回
  ✓ U2 done×edit×失败：内存只包含原生事务结果
  ✓ U2 done×edit×失败：权威快照与内存一致
  ✓ U2 done×edit×失败：重载与内存/权威快照一致
  ✓ U2 done×edit×失败：事件台账只记录成功原生动作
  ✓ U2 done×edit×失败：同一父实例无重复派生
  ✓ U2 done×delete×成功：UI 命令明确返回 false
  ✓ U2 done×delete×成功：拒绝期间内存保持最后确认状态
  ✓ U2 done×delete×成功：拒绝反馈不是成功提示
  ✓ U2 done×delete×成功：原生成败如实向外返回
  ✓ U2 done×delete×成功：内存只包含原生事务结果
  ✓ U2 done×delete×成功：权威快照与内存一致
  ✓ U2 done×delete×成功：重载与内存/权威快照一致
  ✓ U2 done×delete×成功：事件台账只记录成功原生动作
  ✓ U2 done×delete×成功：同一父实例无重复派生
  ✓ U2 done×delete×失败：UI 命令明确返回 false
  ✓ U2 done×delete×失败：拒绝期间内存保持最后确认状态
  ✓ U2 done×delete×失败：拒绝反馈不是成功提示
State save failed: commit failed
  ✓ U2 done×delete×失败：原生成败如实向外返回
  ✓ U2 done×delete×失败：内存只包含原生事务结果
  ✓ U2 done×delete×失败：权威快照与内存一致
  ✓ U2 done×delete×失败：重载与内存/权威快照一致
  ✓ U2 done×delete×失败：事件台账只记录成功原生动作
  ✓ U2 done×delete×失败：同一父实例无重复派生
  ✓ U2 done×stopRepeat×成功：UI 命令明确返回 false
  ✓ U2 done×stopRepeat×成功：拒绝期间内存保持最后确认状态
  ✓ U2 done×stopRepeat×成功：拒绝反馈不是成功提示
  ✓ U2 done×stopRepeat×成功：原生成败如实向外返回
  ✓ U2 done×stopRepeat×成功：内存只包含原生事务结果
  ✓ U2 done×stopRepeat×成功：权威快照与内存一致
  ✓ U2 done×stopRepeat×成功：重载与内存/权威快照一致
  ✓ U2 done×stopRepeat×成功：事件台账只记录成功原生动作
  ✓ U2 done×stopRepeat×成功：同一父实例无重复派生
  ✓ U2 done×stopRepeat×失败：UI 命令明确返回 false
  ✓ U2 done×stopRepeat×失败：拒绝期间内存保持最后确认状态
  ✓ U2 done×stopRepeat×失败：拒绝反馈不是成功提示
State save failed: commit failed
  ✓ U2 done×stopRepeat×失败：原生成败如实向外返回
  ✓ U2 done×stopRepeat×失败：内存只包含原生事务结果
  ✓ U2 done×stopRepeat×失败：权威快照与内存一致
  ✓ U2 done×stopRepeat×失败：重载与内存/权威快照一致
  ✓ U2 done×stopRepeat×失败：事件台账只记录成功原生动作
  ✓ U2 done×stopRepeat×失败：同一父实例无重复派生

== G5 初始化完成信号必须真正代表「状态已恢复」 ==
  ✓ G5 ready 之后持久化状态已完整恢复
  ✓ G5 就绪后准备的状态不会被初始化恢复覆盖
  ✓ G5 反例：不等就绪时准备的 state 会被初始化恢复覆盖（证明必须先等）

== Q1. 启动链完整性 / addListener 返回契约 ==
  ✓ Q1 真机契约：addListener 确实被调用到了（否则本用例在空转）
  ✓ Q1 真机契约（同步句柄）：ready() === true，init 未被中断
  ✓ Q1 真机契约：干净首启不自动写入演示数据（UX-C01）
  ✓ Q1 真机契约：15 秒心跳已装上（启动链跑到底的标志）
  ✓ Q1 Promise 契约：同样能注册且不中断启动
  ✓ Q1 Promise 契约：启动链照常跑到底（首启无演示数据 + 15 秒心跳装上）
  ✓ Q1 注册同步抛错：错误被隔离，ready() 仍为 true
  ✓ Q1 注册同步抛错：其余启动动作照常完成（15 秒心跳装上）

== UX-C01 演示是只读预览，不是「载入示例数据」 ==
  ✓ C01 演示有实际内容（空壳预览等于没做）
  ✓ C01 打开演示不写事项
  ✓ C01 打开演示不写便签 / 项目（老入口正是从这两处覆盖用户状态）
  ✓ C01 用户那条还在原位（数量与 id 都没动）
  ✓ C01 演示条目一条都没进用户数据

== UX-C03 新建的有限撤销（幽灵排程 / 误删的红线） ==
  ✓ C03 新建后版本未变可撤销
  ✓ C03 撤销真的撤掉了这条
  ✓ C03 版本已变 → 拒绝撤销
  ✓ C03 拒绝后事项仍在（没有误删）
  ✓ C03 已开始处理（ACK）→ 拒绝撤销
  ✓ C03 拒绝后这条仍在
  ✓ C03 已开始投递 → 拒绝撤销（否则旧提醒照响）
  ✓ C03 被拒的这条没被删

== UX-A03 完成的有限撤销（周期成组还原 / 不误删下一期） ==
  ✓ A03 完成后提供撤销入口
  ✓ A03 完成即归档（主动作不因撤销倒计时延迟）
  ✓ A03 撤销后回到未完成
  ✓ A03 周期完成确实派生了下一期（否则下面两条在空转）
  ✓ A03 撤销成组还原并回收未被处理的下一期
  ✓ A03 周期完成派生了下一期（③ 的前置）
  ✓ A03 下一期已处理 → 拒绝撤销
  ✓ A03 拒绝后下一期不被误删
  ✓ A03 已进入投递 → 拒绝撤销（不回放旧铃）
  ✓ A03 被拒后仍保持完成状态

== UX-T03 送达证据回流：只有拿到证据才下结论，缺证据绝不指控 ==
  ✓ T03 读不到证据时不指控漏提醒
  ✓ T03 新回执确实写进台账（对照不是空转）
  ✓ T03 层级只声明「系统已接收」，不写用户看到
  ✓ T03 证据回流绝不改 status（完成事项不能被回执复活）
  ✗ T03 有证据时说「系统已接收」，不说已看到/已读 — <div class="detail-row"><dt>提醒结果</dt><dd>这条记录的提醒无法核查</dd></div>
  ✓ T03 重复回执是幂等的
  ✓ T03 缺身份（无提醒键）的回执不动任何事项
  ✓ T03 缺身份后状态仍是 delivered（没有把它降级成失败）
  ✓ T03 旧轮次回执不写入（新轮次不被污染）
  ✓ T03 本轮内但未登记的轮次不写入（宁可尚未确认，不谎报已接收）
  ✓ T03 缺 receivedAt/carrier/itemRev 的回执不作数（不接受「用当前时间补上」）
  ✓ T03 同一条补全规范字段后即可写入（上面的拒绝不是通路故障）

== 返工 R1（F02）：同一份表单连续提交只落一条 ==
  ✓ R1 第一次提交被接受
  ✓ R1 第二次提交被同一份提交身份拒绝（旧实现：两次都返回 true）
  ✓ R1 内存里只有一条
  ✓ R1 权威存储里也只有一条
  ✓ R1 对照组：提交结束后新的一条照常保存

== 返工 R2（F03）：上一笔保存的结果不碰用户新写的草稿 ==
  ✓ R2 旧保存成功不清掉新输入（旧实现：输入被清成空字符串）
State save failed: commit failed
  ✓ R2 旧保存失败不覆盖新输入（改成给一个显式的找回入口）
  ✓ R2 失败时明确说明「你正在写的内容没被动过」

== 返工 R3（F04）：原生提交在途时撤销完成，不被权威草稿覆盖 ==
  ✓ R3 撤销被接受
  ✓ R3 撤销后立刻回到未完成
  ✓ R3 原生提交发布后仍未被覆盖（旧实现：又变回 archived）
  ✓ R3 重启后仍是撤销后的状态（旧实现：restart 后又归档）

== 返工 R5（F05）：跨过原定时刻的撤销完成不立即补投 ==
  ✓ R5 撤销被接受
  ✓ R5 不因撤销立刻补响已经过去的那一次（旧实现：now+2s 的 catchUp 通知）
  ✓ R5 该轮次在台账里被标成 suppressed（抑制落在这一条键上，不动全局规则）
  ✓ R5 对照组：未被抑制的 cancelled 轮次仍然补投（上面的空不是空转）

== 返工 R6（F04）：撤销的「已撤销」只在落库之后说 ==
State save failed: commit failed
  ✓ R6 撤销命令被接受
  ✓ R6 落库之前绝不说「已撤销」（旧实现：写完就提示）
  ✓ R6 可见状态退回撤销之前（不留下「界面说撤销了、磁盘没有」）
  ✓ R6 权威存储里没有假的撤销结果
  ✓ R6 重启后与磁盘一致
  ✓ R6 如实说明没写进去并给出重试入口

== 返工 R7 / R7b（F01）：Java 真实行穿过桥与归一化，读不到不伪装成读到了 ==
  ✓ R7 Java 真实行穿过桥后身份完整（旧实现：valid=false / missing-identity）
  ✓ R7 并进事项台账后写成 delivered（证据回流真的通了）
  ✓ R7b 桥说读不到时如实转述 available:false（旧实现：恒 available:true）

== 返工 F07：停止测试铃声走 token 限定的停铃链路 ==
  ✓ F07 停铃返回本次真正停掉的条数（旧实现：走不到停铃分支，恒 0）
  ✓ F07 只停本次测试那一条（id + token 双重限定）
  ✓ F07 绝不误停用户自己的闹钟
  ✓ F07 上一次测试的残留投递不被当成本次
  ✓ F07 本次运行记录被标成已停止

== 返工 F08：无时间记录的保存反馈只出一条，撤销入口不被顶掉 ==
  ✓ F08 无时间记录被收下
  ✓ F08 反馈里保留「待整理」语义
  ✓ F08 同一条反馈里给出去整理的入口
  ✓ F08 撤销入口没有被第二条提示顶掉（旧实现：只看到「已收下 · 待整理 / 去整理」）

== 返工2 R-F06：旧轮回执不得抬高当前轮的核查状态（复验 X1） ==
  ✓ R-F06 前置：旧轮的键都带上了轮次身份
  ✓ R-F06 前置：稍后提醒换了起点并推进版本
  ✓ R-F06 前置：旧轮追提醒被原生撤销后仍作为历史保留
  ✓ R-F06 前置：保留旧键时必须**带着它自己的轮次身份**（丢掉它 = 把旧键当新轮）
  ✓ R-F06 前置：旧轮的键在时间上确实「落进」当前范围（否则这个反例是假的）
  ✓ R-F06 旧轮回执不写入台账（旧实现：applied=1）
  ✓ R-F06 当前轮如实停在「尚未确认」（旧实现：显示「系统已接收这次提醒」）
  ✓ R-F06 对照组：当前轮的键送达照常写入
  ✓ R-F06 对照组：这时才说「系统已接收」

== 返工2 R-F06b：旧轮 delivered 只是历史；同刻重排 / 重复 / 乱序 / 非排程编辑都不误伤 ==
  ✓ R-F06b 旧轮的 delivered 仍在台账里（保留历史，不删）
  ✓ R-F06b 但它不算当前轮的证据（旧实现：直接显示「系统已接收」）
  ✓ R-F06b 保存反馈用的「本条排程证据」也不认旧轮（旧实现：返回 delivered，等于说「已安排好」）
  ✓ R-F06b 同一时刻重排不换轮
  ✓ R-F06b 同刻重排后的回执照样写入（不因为「重排过」就判旧轮）
  ✓ R-F06b 重复回执是幂等的
  ✓ R-F06b 乱序到达的第二个键照样记账
  ✓ R-F06b 非排程字段编辑：版本推进了，时间与轮次都没变
  ✓ R-F06b 编排时那个旧版本号回来的回执仍然有效（不能机械要求 rev 相等）

== 返工3 Y1：正常接收保留轮次身份，编辑换轮与重启后旧历史不证明新轮 ==
  ✗ Y1 正常 scheduled → delivered 入口保留 roundBase — {"1@1789838577634":{"at":1789838577634,"state":"delivered","receivedAt":1789838577634,"carrier":"alarm","level":"received","source":"native"}}
  ✗ Y1 编辑换轮后旧 delivered 保留为历史但不冒充当前轮 — {"0@1789838460000":{"at":1789838460000,"state":"scheduled","roundBase":1789838460000},"1@1789838577634":{"at":1789838577634,"state":"delivered","receivedAt":1789838577634,"carrier":"alarm","level":"received","source":"native"}}
  ✗ Y1 重启回读后轮次身份仍在，旧历史仍不能证明新轮已接收 — {"0@1789838460000":{"at":1789838460000,"state":"scheduled","roundBase":1789838460000},"1@1789838577634":{"at":1789838577634,"state":"delivered","receivedAt":1789838577634,"carrier":"alarm","level":"received","source":"native"}}

== 返工3 Y2：升级前缺身份的三态保持不可验证；可证明的当前对账才补身份 ==
  ✓ Y2 旧 scheduled 缺 roundBase 的乱序/重复回执均不提升当前轮
  ✓ Y2 旧 cancelled 缺 roundBase 的乱序/重复回执均不提升当前轮
  ✓ Y2 旧 delivered 缺 roundBase 的乱序/重复回执均不提升当前轮
  ✓ Y2 可证明的当前轮对账补齐身份，同时保留 delivered 历史
  ✓ Y2 重启后旧 scheduled 仍是历史且身份未知
  ✓ Y2 重启后旧 cancelled 仍是历史且身份未知
  ✓ Y2 重启后旧 delivered 仍是历史且身份未知
  ✓ Y2 可证明迁移的 roundBase 也能跨重启保留

== 返工2 R-F03：AI 迟到结果不得覆盖新草稿（复验 X2） ==
  ✓ R-F03 迟到结果不清空新草稿（旧实现：#capText 被清成空）
  ✓ R-F03 第二条的备注仍在表单上
  ✓ R-F03 第一条**没有**串进第二条的备注（旧实现：标题「取快递」+ 备注「第二条的备注」）
  ✓ R-F03 第一条落库的仍是它自己草稿的内容（AI 归一化标题照常生效）
  ✓ R-F03 对照组：正常路径照常落库（AI 归一化标题生效）
  ✓ R-F03 对照组：正常路径照常关闭并复位表单（面板用 open 类，不是 hidden）
  ✓ R-F03 AI 失败时不吞掉新写的内容
  ✓ R-F03 AI 失败时落库的是**提交时冻结的**那份草稿，不是后来写的那份
  ✓ R-F03 前置：重开表单确实换了会话身份
  ✓ R-F03 换表单之后迟到的 AI 结果不碰新表单（内容相同也不行）
  ✓ R-F03 前置：两次不同内容的提交各自都在途
  ✓ R-F03 两次提交各落一条、内容不串写

== 返工3 Y3：新建/编辑的持久化收尾必须绑定表单会话 ==
  ✓ Y3 新建成功回调不清空另一会话的同内容表单
  ✓ Y3 新会话同内容不是重复点击，仍可独立提交
  ✓ Y3 两个独立会话各自落库一次
State save failed: commit failed
  ✓ Y3 新建失败回调不把旧草稿恢复到另一会话
State save failed: commit failed
  ✓ Y3 对照组：同会话保存失败仍保留草稿并打开表单
  ✓ Y3 编辑成功回调不碰另一会话的同内容表单
State save failed: commit failed
  ✓ Y3 编辑失败回调不碰另一会话的同内容表单

== 返工2 R-F07：停铃读取失败不冒充「没有正在响」（复验 X4） ==
  ✓ R-F07 读取失败时不报「停掉了几条」
  ✓ R-F07 读取失败不说「没有正在响」（旧实现：读异常被吞，照报「没有正在响的测试铃声」）
  ✓ R-F07 读取失败也不宣称已经停住
  ✓ R-F07 未确认就不把 stoppedAt 当成功证据（旧实现：无条件写 stoppedAt）
  ✓ R-F07 未确认时给出重试入口
  ✓ R-F07 对照组：确认无活跃投递时如实说「没有正在响的测试铃声」
  ✓ R-F07 对照组：确认无铃才算确认，可以记 stoppedAt
  ✓ R-F07 对照组：真的停住了就报停住
  ✓ R-F07 对照组：停住后记 stoppedAt
  ✓ R-F07 停不住时不宣称已停
  ✓ R-F07 停不住时也不谎称「没有在响」
  ✓ R-F07 停不住时同样不记 stoppedAt（那是成功证据，不是尝试记录）

== 返工2 SW：预缓存必须覆盖 index.html 真正加载的每个脚本，且脚本不得回落成 HTML ==
  ✓ SW 前置：index.html 确实加载了脚本
  ✓ SW 前置：原生桥脚本在 index.html 的加载清单里（否则这条回归测不到那个缺口）
  ✓ SW 新装预缓存覆盖 index.html 加载的**全部**脚本（旧实现：漏 lib/native-reminders.js）
  ✓ SW 离线时原生桥脚本拿回的是**脚本本身**，不是 index.html
  ✓ SW 缓存未命中的脚本**不回落** index.html（旧实现：`.then(hit => hit || caches.match("./index.html"))`）
  ✓ SW 对照组：离线导航仍然回落 index.html

========== 回归结果 ==========
通过: 711  失败: 4
失败项:
  - T03 有证据时说「系统已接收」，不说已看到/已读 — <div class="detail-row"><dt>提醒结果</dt><dd>这条记录的提醒无法核查</dd></div>
  - Y1 正常 scheduled → delivered 入口保留 roundBase — {"1@1789838577634":{"at":1789838577634,"state":"delivered","receivedAt":1789838577634,"carrier":"alarm","level":"received","source":"native"}}
  - Y1 编辑换轮后旧 delivered 保留为历史但不冒充当前轮 — {"0@1789838460000":{"at":1789838460000,"state":"scheduled","roundBase":1789838460000},"1@1789838577634":{"at":1789838577634,"state":"delivered","receivedAt":1789838577634,"carrier":"alarm","level":"received","source":"native"}}
  - Y1 重启回读后轮次身份仍在，旧历史仍不能证明新轮已接收 — {"0@1789838460000":{"at":1789838460000,"state":"scheduled","roundBase":1789838460000},"1@1789838577634":{"at":1789838577634,"state":"delivered","receivedAt":1789838577634,"carrier":"alarm","level":"received","source":"native"}}
