反向对照：篡改实现能被报出差异 = true
反向对照：同一输入重复调用结果稳定 = true

比对项：567
结果：搬移前后逐项一致（PASS）
反向对照：把新实现的默认时长改成 2500 ⇒ 能被报出差异 = true
自检：同一实现连跑两遍轨迹一致 = true
自检：轨迹里出现过非空 DOM 状态 = true，出现过挂起定时器 = true

场景数：16，比对字段项：590
结果：DOM 层搬移前后逐步逐字段一致（PASS）
{
  "runtime": {
    "refs": [
      "AppUi",
      "AppUi.createUi",
      "AppUi.safeExternalHref",
      "DatePrimitives",
      "DatePrimitives.addDays",
      "DatePrimitives.applyClock",
      "DatePrimitives.dayOfMonthIn",
      "DatePrimitives.endOfDay",
      "DatePrimitives.lastDayOfMonth",
      "DatePrimitives.nextDayOfMonth",
      "DatePrimitives.nextWeekend",
      "DatePrimitives.nthWeekdayInMonth",
      "DatePrimitives.nthWeekdayOfNextMonthByDay",
      "DatePrimitives.nthWeekdayOfNextMonthByInstant",
      "DatePrimitives.sameDay",
      "DatePrimitives.startOfDay",
      "DatePrimitives.weekdayOfNextWeek",
      "DeliveryEvidence",
      "DeliveryEvidence.entryRoundBase",
      "DeliveryEvidence.evidenceStatusFor",
      "DeliveryEvidence.mergeEvidence",
      "DeliveryEvidence.normalizeEvidence",
      "Feedback",
      "Feedback.captureSummary",
      "Feedback.reminderFeedback",
      "Feedback.saveFeedback",
      "NativeReminders.buildDesired",
      "NativeReminders.drainAlarmActions",
      "NativeReminders.getDeliveryEvidence",
      "NativeReminders.getPermissionState",
      "NativeReminders.initialize",
      "NativeReminders.isNativeAndroid",
      "NativeReminders.migrateItem",
      "NativeReminders.onAlarmAction",
      "NativeReminders.openExactAlarmSettings",
      "NativeReminders.reconcile",
      "NativeReminders.requestNotificationPermission",
      "NativeReminders.suppressPastReminderReplay",
      "NativeReminders.systemBridge",
      "UiFormat",
      "UiFormat.dayLabel",
      "UiFormat.escapeAttr",
      "UiFormat.escapeHtml",
      "UiFormat.fmtDate",
      "UiFormat.fmtTime",
      "UiFormat.pad",
      "UiFormat.parseLocalInput",
      "UiFormat.relDue",
      "UiFormat.renderMarkdown",
      "UiFormat.toLocalInput",
      "UiFormat.uid",
      "applyWindowTrigger",
      "cnInt",
      "deadlineStageKey",
      "hasIdb",
      "inQuietHours",
      "markReminded",
      "nextRepeatTrigger",
      "parseChineseTime",
      "quietEnd",
      "shouldRealert"
    ],
    "declared": [
      "AppUi",
      "AppUi.createUi",
      "AppUi.safeExternalHref",
      "AttentionLib",
      "AttentionNativeReminders",
      "DatePrimitives",
      "DatePrimitives.addDays",
      "DatePrimitives.applyClock",
      "DatePrimitives.dayOfMonthIn",
      "DatePrimitives.endOfDay",
      "DatePrimitives.lastDayOfMonth",
      "DatePrimitives.nextDayOfMonth",
      "DatePrimitives.nextWeekend",
      "DatePrimitives.nthWeekdayInMonth",
      "DatePrimitives.nthWeekdayOfNextMonthByDay",
      "DatePrimitives.nthWeekdayOfNextMonthByInstant",
      "DatePrimitives.sameDay",
      "DatePrimitives.startOfDay",
      "DatePrimitives.weekdayOfNextWeek",
      "DeliveryEvidence",
      "DeliveryEvidence.entryRoundBase",
      "DeliveryEvidence.evidenceStatusFor",
      "DeliveryEvidence.mergeEvidence",
      "DeliveryEvidence.normalizeEvidence",
      "Feedback",
      "Feedback.actionSpec",
      "Feedback.captureSummary",
      "Feedback.reminderFeedback",
      "Feedback.saveFeedback",
      "Feedback.setupSteps",
      "Feedback.testFeedbackVerdict",
      "NativeReminders.buildDesired",
      "NativeReminders.drainAlarmActions",
      "NativeReminders.getDeliveryEvidence",
      "NativeReminders.getPermissionState",
      "NativeReminders.initialize",
      "NativeReminders.isNativeAndroid",
      "NativeReminders.migrateItem",
      "NativeReminders.onAlarmAction",
      "NativeReminders.openExactAlarmSettings",
      "NativeReminders.reconcile",
      "NativeReminders.requestNotificationPermission",
      "NativeReminders.suppressPastReminderReplay",
      "NativeReminders.systemBridge",
      "UiFormat",
      "UiFormat.dayLabel",
      "UiFormat.escapeAttr",
      "UiFormat.escapeHtml",
      "UiFormat.fmtDate",
      "UiFormat.fmtTime",
      "UiFormat.pad",
      "UiFormat.parseLocalInput",
      "UiFormat.relDue",
      "UiFormat.renderMarkdown",
      "UiFormat.toLocalInput",
      "UiFormat.uid",
      "applyWindowTrigger",
      "cnInt",
      "createStorage",
      "deadlineStageKey",
      "deadlineStagePoints",
      "hasIdb",
      "hasSpecificTimeWord",
      "inQuietHours",
      "markReminded",
      "nextRepeatPreview",
      "nextRepeatTrigger",
      "parseChineseTime",
      "quietEnd",
      "repeatLabel",
      "shouldRealert"
    ],
    "undeclared": [],
    "guardedRefs": [
      "DeliveryEvidence.entryRoundBase",
      "Feedback.TEST_FEEDBACK",
      "Feedback.UNDO_WINDOW_MS",
      "Feedback.actionSpec",
      "Feedback.setupSteps",
      "Feedback.testFeedbackVerdict",
      "NativeReminders.buildDesired",
      "NativeReminders.drainAlarmActions",
      "NativeReminders.getDeliveryEvidence",
      "NativeReminders.getPermissionState",
      "NativeReminders.isNativeAndroid",
      "NativeReminders.migrateItem",
      "NativeReminders.onAlarmAction",
      "NativeReminders.openExactAlarmSettings",
      "NativeReminders.reconcile",
      "NativeReminders.requestNotificationPermission",
      "NativeReminders.suppressPastReminderReplay",
      "NativeReminders.systemBridge"
    ],
    "ambiguousRefs": [],
    "aliases": {
      "feedbackApi": "FeedbackLib"
    },
    "ambiguousAliases": [],
    "problems": [],
    "unusedDeclarations": [
      "AttentionLib",
      "AttentionNativeReminders",
      "createStorage",
      "deadlineStagePoints",
      "hasSpecificTimeWord",
      "nextRepeatPreview",
      "repeatLabel"
    ]
  },
  "ui": {
    "used": [
      "$",
      "$$",
      "closeAllSheets",
      "closeSheet",
      "confirmDialog",
      "hideToast",
      "openSheet",
      "toast"
    ],
    "declared": [
      "$",
      "$$",
      "closeAllSheets",
      "closeSheet",
      "confirmDialog",
      "hideToast",
      "openSheet",
      "toast"
    ],
    "missingInContract": [],
    "unusedInContract": []
  },
  "precache": [],
  "packaging": []
}
