Starting a Gradle Daemon (subsequent builds will be faster)

> Configure project :app
WARNING: Using flatDir should be avoided because it doesn't support any meta-data formats.

> Configure project :capacitor-cordova-android-plugins
WARNING: Using flatDir should be avoided because it doesn't support any meta-data formats.

> Task :app:preBuild UP-TO-DATE
> Task :app:preDebugBuild UP-TO-DATE
> Task :app:mergeDebugNativeDebugMetadata NO-SOURCE
> Task :capacitor-android:preBuild UP-TO-DATE
> Task :capacitor-android:preDebugBuild UP-TO-DATE
> Task :app:javaPreCompileDebug
> Task :capacitor-app:preBuild UP-TO-DATE
> Task :capacitor-app:preDebugBuild UP-TO-DATE
> Task :capacitor-cordova-android-plugins:preBuild UP-TO-DATE
> Task :capacitor-cordova-android-plugins:preDebugBuild UP-TO-DATE
> Task :capacitor-local-notifications:preBuild UP-TO-DATE
> Task :capacitor-local-notifications:preDebugBuild UP-TO-DATE
> Task :capacitor-cordova-android-plugins:writeDebugAarMetadata
> Task :capacitor-app:writeDebugAarMetadata
> Task :capacitor-android:writeDebugAarMetadata
> Task :capacitor-local-notifications:writeDebugAarMetadata
> Task :app:generateDebugResValues
> Task :capacitor-android:generateDebugResValues
> Task :capacitor-android:generateDebugResources
> Task :app:checkDebugAarMetadata
> Task :capacitor-android:packageDebugResources
> Task :capacitor-app:generateDebugResValues
> Task :capacitor-app:generateDebugResources
> Task :capacitor-app:packageDebugResources
> Task :capacitor-cordova-android-plugins:generateDebugResValues
> Task :capacitor-cordova-android-plugins:generateDebugResources
> Task :capacitor-cordova-android-plugins:packageDebugResources
> Task :capacitor-local-notifications:generateDebugResValues
> Task :capacitor-local-notifications:generateDebugResources
> Task :capacitor-local-notifications:packageDebugResources
> Task :app:mapDebugSourceSetPaths
> Task :app:generateDebugResources
> Task :app:packageDebugResources
> Task :app:createDebugCompatibleScreenManifests
> Task :app:extractDeepLinksDebug
> Task :capacitor-android:extractDeepLinksDebug
> Task :capacitor-app:extractDeepLinksDebug
> Task :app:parseDebugLocalResources
> Task :capacitor-android:processDebugManifest
> Task :app:mergeDebugResources
> Task :capacitor-cordova-android-plugins:extractDeepLinksDebug
> Task :capacitor-app:processDebugManifest
> Task :capacitor-local-notifications:extractDeepLinksDebug
> Task :capacitor-cordova-android-plugins:processDebugManifest
> Task :capacitor-local-notifications:processDebugManifest
> Task :capacitor-android:compileDebugLibraryResources
> Task :app:processDebugMainManifest
> Task :app:processDebugManifest
> Task :capacitor-app:compileDebugLibraryResources
> Task :capacitor-android:parseDebugLocalResources
> Task :capacitor-cordova-android-plugins:compileDebugLibraryResources
> Task :capacitor-app:parseDebugLocalResources
> Task :capacitor-cordova-android-plugins:parseDebugLocalResources
> Task :capacitor-local-notifications:compileDebugLibraryResources
> Task :app:processDebugManifestForPackage
> Task :capacitor-android:javaPreCompileDebug
> Task :capacitor-local-notifications:parseDebugLocalResources
> Task :capacitor-app:javaPreCompileDebug
> Task :capacitor-app:generateDebugRFile
> Task :capacitor-android:generateDebugRFile
> Task :capacitor-cordova-android-plugins:generateDebugRFile
> Task :capacitor-local-notifications:generateDebugRFile

> Task :capacitor-android:compileDebugJavaWithJavac
注: 某些输入文件使用了未经检查或不安全的操作。
注: 有关详细信息, 请使用 -Xlint:unchecked 重新编译。

> Task :capacitor-cordova-android-plugins:javaPreCompileDebug
> Task :capacitor-local-notifications:javaPreCompileDebug
> Task :capacitor-cordova-android-plugins:compileDebugJavaWithJavac NO-SOURCE
> Task :capacitor-cordova-android-plugins:bundleLibCompileToJarDebug
> Task :capacitor-android:bundleLibCompileToJarDebug
> Task :app:mergeDebugShaders
> Task :capacitor-app:compileDebugJavaWithJavac
> Task :capacitor-app:bundleLibCompileToJarDebug
> Task :app:processDebugResources
> Task :capacitor-local-notifications:compileDebugJavaWithJavac
> Task :app:compileDebugShaders NO-SOURCE
> Task :app:generateDebugAssets UP-TO-DATE
> Task :capacitor-local-notifications:bundleLibCompileToJarDebug
> Task :capacitor-android:mergeDebugShaders

> Task :app:compileDebugJavaWithJavac
注: 某些输入文件使用或覆盖了已过时的 API。
注: 有关详细信息, 请使用 -Xlint:deprecation 重新编译。

> Task :capacitor-android:compileDebugShaders NO-SOURCE
> Task :capacitor-android:generateDebugAssets UP-TO-DATE
> Task :capacitor-android:packageDebugAssets
> Task :capacitor-app:mergeDebugShaders
> Task :capacitor-app:compileDebugShaders NO-SOURCE
> Task :capacitor-app:generateDebugAssets UP-TO-DATE
> Task :capacitor-app:packageDebugAssets
> Task :capacitor-cordova-android-plugins:mergeDebugShaders
> Task :capacitor-cordova-android-plugins:compileDebugShaders NO-SOURCE
> Task :capacitor-cordova-android-plugins:generateDebugAssets UP-TO-DATE
> Task :capacitor-cordova-android-plugins:packageDebugAssets
> Task :capacitor-local-notifications:mergeDebugShaders
> Task :capacitor-local-notifications:compileDebugShaders NO-SOURCE
> Task :capacitor-local-notifications:generateDebugAssets UP-TO-DATE
> Task :capacitor-local-notifications:packageDebugAssets
> Task :app:mergeDebugAssets
> Task :capacitor-app:bundleLibRuntimeToJarDebug
> Task :capacitor-local-notifications:bundleLibRuntimeToJarDebug
> Task :capacitor-cordova-android-plugins:bundleLibRuntimeToJarDebug
> Task :app:compressDebugAssets
> Task :capacitor-android:bundleLibRuntimeToJarDebug
> Task :app:desugarDebugFileDependencies
> Task :app:dexBuilderDebug
> Task :app:processDebugJavaRes NO-SOURCE
> Task :capacitor-android:processDebugJavaRes NO-SOURCE
> Task :capacitor-app:processDebugJavaRes NO-SOURCE
> Task :capacitor-cordova-android-plugins:processDebugJavaRes NO-SOURCE
> Task :capacitor-local-notifications:processDebugJavaRes NO-SOURCE
> Task :app:mergeDebugJniLibFolders
> Task :capacitor-android:mergeDebugJniLibFolders
> Task :capacitor-android:mergeDebugNativeLibs NO-SOURCE
> Task :app:checkDebugDuplicateClasses
> Task :capacitor-android:copyDebugJniLibsProjectOnly
> Task :capacitor-app:mergeDebugJniLibFolders
> Task :capacitor-app:mergeDebugNativeLibs NO-SOURCE
> Task :capacitor-app:copyDebugJniLibsProjectOnly
> Task :capacitor-cordova-android-plugins:mergeDebugJniLibFolders
> Task :capacitor-cordova-android-plugins:mergeDebugNativeLibs NO-SOURCE
> Task :capacitor-cordova-android-plugins:copyDebugJniLibsProjectOnly
> Task :capacitor-local-notifications:mergeDebugJniLibFolders
> Task :capacitor-local-notifications:mergeDebugNativeLibs NO-SOURCE
> Task :capacitor-local-notifications:copyDebugJniLibsProjectOnly
> Task :app:validateSigningDebug
> Task :app:mergeDebugNativeLibs NO-SOURCE
> Task :app:stripDebugDebugSymbols NO-SOURCE
> Task :app:writeDebugAppMetadata
> Task :app:writeDebugSigningConfigVersions
> Task :app:mergeProjectDexDebug
> Task :app:preDebugUnitTestBuild UP-TO-DATE
> Task :app:javaPreCompileDebugUnitTest
> Task :app:processDebugUnitTestJavaRes NO-SOURCE
> Task :app:bundleDebugClassesToRuntimeJar
> Task :app:bundleDebugClassesToCompileJar
> Task :app:mergeDebugJavaResource
> Task :app:compileDebugUnitTestJavaWithJavac
> Task :app:mergeDebugGlobalSynthetics
> Task :app:mergeLibDexDebug
> Task :app:mergeExtDexDebug

> Task :app:testDebugUnitTest
OpenJDK 64-Bit Server VM warning: Sharing is only supported for boot loader classes because bootstrap classpath has been appended

> Task :app:packageDebug
> Task :app:createDebugApkListingFileRedirect
> Task :app:assembleDebug

BUILD SUCCESSFUL in 12s
99 actionable tasks: 99 executed
