
DevTools listening on ws://127.0.0.1:18782/devtools/browser/644286b1-8c46-436b-a23b-f2defd5acfdc
Trying to load the allocator multiple times. This is *not* supported.
[50826:3262619:0922/133354.261496:ERROR:ui/display/mac/cv_display_link_mac.mm:195] CVDisplayLinkCreateWithCGDisplay failed. CVReturn: -6670
[50826:3262619:0922/133354.261792:ERROR:ui/display/mac/cv_display_link_mac.mm:195] CVDisplayLinkCreateWithCGDisplay failed. CVReturn: -6670
[50826:3262619:0922/133354.261852:ERROR:ui/display/mac/cv_display_link_mac.mm:195] CVDisplayLinkCreateWithCGDisplay failed. CVReturn: -6670
[50826:3262619:0922/133354.261983:ERROR:ui/display/mac/cv_display_link_mac.mm:195] CVDisplayLinkCreateWithCGDisplay failed. CVReturn: -6670
[50826:3262619:0922/133354.262104:ERROR:ui/display/mac/cv_display_link_mac.mm:195] CVDisplayLinkCreateWithCGDisplay failed. CVReturn: -6670
Created TensorFlow Lite XNNPACK delegate for CPU.
[50826:3262619:0922/133354.307408:ERROR:ui/display/mac/cv_display_link_mac.mm:195] CVDisplayLinkCreateWithCGDisplay failed. CVReturn: -6670
[50826:3262619:0922/133354.309028:ERROR:ui/display/mac/cv_display_link_mac.mm:195] CVDisplayLinkCreateWithCGDisplay failed. CVReturn: -6670
[50826:3262619:0922/133354.310620:ERROR:ui/display/mac/cv_display_link_mac.mm:195] CVDisplayLinkCreateWithCGDisplay failed. CVReturn: -6670
[50826:3262619:0922/133354.310696:ERROR:ui/display/mac/cv_display_link_mac.mm:195] CVDisplayLinkCreateWithCGDisplay failed. CVReturn: -6670
[50826:3262619:0922/133354.310809:ERROR:ui/display/mac/cv_display_link_mac.mm:195] CVDisplayLinkCreateWithCGDisplay failed. CVReturn: -6670
[50821:3262569:0922/133357.795831:ERROR:google_apis/gcm/engine/registration_request.cc:291] Registration response error message: DEPRECATED_ENDPOINT
[50821:3262581:0922/133358.310284:ERROR:base/process/process_mac.cc:53] task_policy_set TASK_CATEGORY_POLICY: (os/kern) invalid argument (4)
[50821:3262581:0922/133358.310325:ERROR:base/process/process_mac.cc:98] task_policy_set TASK_SUPPRESSION_POLICY: (os/kern) invalid argument (4)
[50826:3262619:0922/133358.375797:ERROR:ui/display/mac/cv_display_link_mac.mm:195] CVDisplayLinkCreateWithCGDisplay failed. CVReturn: -6670
[50826:3262619:0922/133358.377538:ERROR:ui/display/mac/cv_display_link_mac.mm:195] CVDisplayLinkCreateWithCGDisplay failed. CVReturn: -6670
[50826:3262619:0922/133358.381694:ERROR:ui/display/mac/cv_display_link_mac.mm:195] CVDisplayLinkCreateWithCGDisplay failed. CVReturn: -6670
[50826:3262619:0922/133358.381860:ERROR:ui/display/mac/cv_display_link_mac.mm:195] CVDisplayLinkCreateWithCGDisplay failed. CVReturn: -6670
[50826:3262619:0922/133358.381916:ERROR:ui/display/mac/cv_display_link_mac.mm:195] CVDisplayLinkCreateWithCGDisplay failed. CVReturn: -6670
[50821:3262581:0922/133401.965908:ERROR:base/process/process_mac.cc:53] task_policy_set TASK_CATEGORY_POLICY: (os/kern) invalid argument (4)
[50821:3262581:0922/133401.966022:ERROR:base/process/process_mac.cc:98] task_policy_set TASK_SUPPRESSION_POLICY: (os/kern) invalid argument (4)
[50826:3262619:0922/133402.032734:ERROR:ui/display/mac/cv_display_link_mac.mm:195] CVDisplayLinkCreateWithCGDisplay failed. CVReturn: -6670
[50826:3262619:0922/133402.034213:ERROR:ui/display/mac/cv_display_link_mac.mm:195] CVDisplayLinkCreateWithCGDisplay failed. CVReturn: -6670
[50826:3262619:0922/133402.034903:ERROR:ui/display/mac/cv_display_link_mac.mm:195] CVDisplayLinkCreateWithCGDisplay failed. CVReturn: -6670
[50826:3262619:0922/133402.034978:ERROR:ui/display/mac/cv_display_link_mac.mm:195] CVDisplayLinkCreateWithCGDisplay failed. CVReturn: -6670
[50826:3262619:0922/133402.035079:ERROR:ui/display/mac/cv_display_link_mac.mm:195] CVDisplayLinkCreateWithCGDisplay failed. CVReturn: -6670
[50821:3262581:0922/133406.020646:ERROR:base/process/process_mac.cc:53] task_policy_set TASK_CATEGORY_POLICY: (os/kern) invalid argument (4)
[50821:3262581:0922/133406.020849:ERROR:base/process/process_mac.cc:98] task_policy_set TASK_SUPPRESSION_POLICY: (os/kern) invalid argument (4)
[50826:3262619:0922/133406.085950:ERROR:ui/display/mac/cv_display_link_mac.mm:195] CVDisplayLinkCreateWithCGDisplay failed. CVReturn: -6670
[50826:3262619:0922/133406.088168:ERROR:ui/display/mac/cv_display_link_mac.mm:195] CVDisplayLinkCreateWithCGDisplay failed. CVReturn: -6670
[50826:3262619:0922/133406.089975:ERROR:ui/display/mac/cv_display_link_mac.mm:195] CVDisplayLinkCreateWithCGDisplay failed. CVReturn: -6670
[50826:3262619:0922/133406.090245:ERROR:ui/display/mac/cv_display_link_mac.mm:195] CVDisplayLinkCreateWithCGDisplay failed. CVReturn: -6670
[50826:3262619:0922/133406.090338:ERROR:ui/display/mac/cv_display_link_mac.mm:195] CVDisplayLinkCreateWithCGDisplay failed. CVReturn: -6670
[50821:3262581:0922/133408.862089:ERROR:base/process/process_mac.cc:53] task_policy_set TASK_CATEGORY_POLICY: (os/kern) invalid argument (4)
[50821:3262581:0922/133408.862138:ERROR:base/process/process_mac.cc:98] task_policy_set TASK_SUPPRESSION_POLICY: (os/kern) invalid argument (4)
[50826:3262619:0922/133408.936047:ERROR:ui/display/mac/cv_display_link_mac.mm:195] CVDisplayLinkCreateWithCGDisplay failed. CVReturn: -6670
[50826:3262619:0922/133408.937717:ERROR:ui/display/mac/cv_display_link_mac.mm:195] CVDisplayLinkCreateWithCGDisplay failed. CVReturn: -6670
[50826:3262619:0922/133408.938887:ERROR:ui/display/mac/cv_display_link_mac.mm:195] CVDisplayLinkCreateWithCGDisplay failed. CVReturn: -6670
[50826:3262619:0922/133408.938975:ERROR:ui/display/mac/cv_display_link_mac.mm:195] CVDisplayLinkCreateWithCGDisplay failed. CVReturn: -6670
[50826:3262619:0922/133408.939105:ERROR:ui/display/mac/cv_display_link_mac.mm:195] CVDisplayLinkCreateWithCGDisplay failed. CVReturn: -6670
[50821:3262581:0922/133411.715925:ERROR:base/process/process_mac.cc:53] task_policy_set TASK_CATEGORY_POLICY: (os/kern) invalid argument (4)
[50821:3262581:0922/133411.715985:ERROR:base/process/process_mac.cc:98] task_policy_set TASK_SUPPRESSION_POLICY: (os/kern) invalid argument (4)
[50826:3262619:0922/133411.774190:ERROR:ui/display/mac/cv_display_link_mac.mm:195] CVDisplayLinkCreateWithCGDisplay failed. CVReturn: -6670
[50826:3262619:0922/133411.775481:ERROR:ui/display/mac/cv_display_link_mac.mm:195] CVDisplayLinkCreateWithCGDisplay failed. CVReturn: -6670
[50826:3262619:0922/133411.776598:ERROR:ui/display/mac/cv_display_link_mac.mm:195] CVDisplayLinkCreateWithCGDisplay failed. CVReturn: -6670
[50826:3262619:0922/133411.776658:ERROR:ui/display/mac/cv_display_link_mac.mm:195] CVDisplayLinkCreateWithCGDisplay failed. CVReturn: -6670
[50826:3262619:0922/133411.776743:ERROR:ui/display/mac/cv_display_link_mac.mm:195] CVDisplayLinkCreateWithCGDisplay failed. CVReturn: -6670
[50957:3263794:0922/133413.152961:VERBOSE1:chrome/updater/updater.cc:374] Version: 152.0.7933.0, opt, ARM_64, command line: /Users/qlyf/Library/Application Support/Google/GoogleUpdater/152.0.7933.0/GoogleUpdater.app/Contents/MacOS/GoogleUpdater --wake-all --enable-logging --vmodule=*/components/update_client/*=2,*/chrome/enterprise_companion/*=2,*/chrome/updater/*=2
[50957:3263794:0922/133413.153244:VERBOSE1:chrome/updater/updater.cc:377] OS version: 15.8.0, arch: arm64, System uptime (seconds): 51529, parent pid: 50821
[50957:3263794:0922/133413.154580:VERBOSE1:chrome/updater/updater.cc:382] Available disk space in install directory (/Users/qlyf/Library/Application Support/Google/GoogleUpdater): 93906046976B (87.457GiB) / 245107195904B (228.274GiB)
[50957:3263794:0922/133413.154593:VERBOSE1:chrome/updater/updater.cc:386] Available disk space in temporary directory (/var/folders/3z/wj46qg4j2pn2fwgtccdj093m0000gn/T/): 93906046976B (87.457GiB) / 245107195904B (228.274GiB)
[50957:3263794:0922/133413.154649:VERBOSE2:chrome/updater/event_history.cc:265] Emitted a UPDATER_PROCESS START event to the history log
[50959:3263799:0922/133413.159977:VERBOSE1:chrome/updater/updater.cc:374] Version: 152.0.7933.0, opt, ARM_64, command line: /Users/qlyf/Library/Application Support/Google/GoogleUpdater/152.0.7933.0/GoogleUpdater.app/Contents/MacOS/GoogleUpdater --crash-handler --database=/Users/qlyf/Library/Application Support/Google/GoogleUpdater/152.0.7933.0/Crashpad --url=https://clients2.google.com/cr/report --annotation=prod=Update4 --annotation=ver=152.0.7933.0 --handshake-fd=6 --enable-logging --vmodule=*/components/update_client/*=2,*/chrome/enterprise_companion/*=2,*/chrome/updater/*=2
[50959:3263799:0922/133413.160384:VERBOSE1:chrome/updater/updater.cc:377] OS version: 15.8.0, arch: arm64, System uptime (seconds): 51529, parent pid: 1
[50959:3263799:0922/133413.161468:VERBOSE1:chrome/updater/updater.cc:382] Available disk space in install directory (/Users/qlyf/Library/Application Support/Google/GoogleUpdater): 93906046976B (87.457GiB) / 245107195904B (228.274GiB)
[50959:3263799:0922/133413.161478:VERBOSE1:chrome/updater/updater.cc:386] Available disk space in temporary directory (/var/folders/3z/wj46qg4j2pn2fwgtccdj093m0000gn/T/): 93906046976B (87.457GiB) / 245107195904B (228.274GiB)
[50959:3263799:0922/133413.161528:VERBOSE2:chrome/updater/event_history.cc:265] Emitted a UPDATER_PROCESS START event to the history log
[50957:3263794:0922/133413.161801:VERBOSE1:chrome/updater/crash_reporter.cc:124] Crash handler launched and ready.
[50957:3263794:0922/133413.162320:VERBOSE1:chrome/updater/crash_client.cc:108] Found 1 completed crash reports
[50957:3263794:0922/133413.162330:VERBOSE1:chrome/updater/crash_client.cc:117] Crash since last run: ID "", created at 1790000679, 1 upload attempts, file path "/Users/qlyf/Library/Application Support/Google/GoogleUpdater/152.0.7933.0/Crashpad/completed/27b16e46-abf4-4919-a60b-0c7b04fcdd89.dmp", unique ID "27b16e46-abf4-4919-a60b-0c7b04fcdd89"; uploaded: no
[50957:3263794:0922/133413.162374:VERBOSE1:chrome/updater/crash_client.cc:132] Found 0 pending crash reports
[50957:3263794:0922/133413.162419:ERROR:third_party/crashpad/crashpad/util/file/file_io_posix.cc:145] open /Users/qlyf/Library/Application Support/Google/RLZ/Crashpad/settings.dat: No such file or directory (2)
[50957:3263794:0922/133413.162428:ERROR:third_party/crashpad/crashpad/util/file/file_io_posix.cc:145] open /Users/qlyf/Library/Application Support/Google/Chrome for Testing/Crashpad/settings.dat: No such file or directory (2)
[50957:3263794:0922/133413.162592:VERBOSE1:chrome/updater/updater.cc:105] Crash reporting initialized.
[50957:3263808:0922/133413.162788:VERBOSE1:chrome/updater/app/app_wakeall.cc:58] Launching `/Users/qlyf/Library/Application Support/Google/GoogleUpdater/152.0.7933.0/GoogleUpdater.app/Contents/MacOS/GoogleUpdater --wake`
[50960:3263812:0922/133413.167255:VERBOSE1:chrome/updater/updater.cc:374] Version: 152.0.7933.0, opt, ARM_64, command line: /Users/qlyf/Library/Application Support/Google/GoogleUpdater/152.0.7933.0/GoogleUpdater.app/Contents/MacOS/GoogleUpdater --wake --enable-logging --vmodule=*/components/update_client/*=2,*/chrome/enterprise_companion/*=2,*/chrome/updater/*=2
[50960:3263812:0922/133413.167523:VERBOSE1:chrome/updater/updater.cc:377] OS version: 15.8.0, arch: arm64, System uptime (seconds): 51529, parent pid: 50957
[50960:3263812:0922/133413.168610:VERBOSE1:chrome/updater/updater.cc:382] Available disk space in install directory (/Users/qlyf/Library/Application Support/Google/GoogleUpdater): 93906046976B (87.457GiB) / 245107195904B (228.274GiB)
[50960:3263812:0922/133413.168619:VERBOSE1:chrome/updater/updater.cc:386] Available disk space in temporary directory (/var/folders/3z/wj46qg4j2pn2fwgtccdj093m0000gn/T/): 93906046976B (87.457GiB) / 245107195904B (228.274GiB)
[50960:3263812:0922/133413.168661:VERBOSE2:chrome/updater/event_history.cc:265] Emitted a UPDATER_PROCESS START event to the history log
[50962:3263817:0922/133413.174297:VERBOSE1:chrome/updater/updater.cc:374] Version: 152.0.7933.0, opt, ARM_64, command line: /Users/qlyf/Library/Application Support/Google/GoogleUpdater/152.0.7933.0/GoogleUpdater.app/Contents/MacOS/GoogleUpdater --crash-handler --database=/Users/qlyf/Library/Application Support/Google/GoogleUpdater/152.0.7933.0/Crashpad --url=https://clients2.google.com/cr/report --annotation=prod=Update4 --annotation=ver=152.0.7933.0 --handshake-fd=6 --enable-logging --vmodule=*/components/update_client/*=2,*/chrome/enterprise_companion/*=2,*/chrome/updater/*=2
[50962:3263817:0922/133413.174636:VERBOSE1:chrome/updater/updater.cc:377] OS version: 15.8.0, arch: arm64, System uptime (seconds): 51529, parent pid: 1
[50962:3263817:0922/133413.175725:VERBOSE1:chrome/updater/updater.cc:382] Available disk space in install directory (/Users/qlyf/Library/Application Support/Google/GoogleUpdater): 93906046976B (87.457GiB) / 245107195904B (228.274GiB)
[50962:3263817:0922/133413.175736:VERBOSE1:chrome/updater/updater.cc:386] Available disk space in temporary directory (/var/folders/3z/wj46qg4j2pn2fwgtccdj093m0000gn/T/): 93906046976B (87.457GiB) / 245107195904B (228.274GiB)
[50962:3263817:0922/133413.175786:VERBOSE2:chrome/updater/event_history.cc:265] Emitted a UPDATER_PROCESS START event to the history log
[50960:3263812:0922/133413.176078:VERBOSE1:chrome/updater/crash_reporter.cc:124] Crash handler launched and ready.
[50960:3263812:0922/133413.176620:VERBOSE1:chrome/updater/crash_client.cc:108] Found 1 completed crash reports
[50960:3263812:0922/133413.176629:VERBOSE1:chrome/updater/crash_client.cc:117] Crash since last run: ID "", created at 1790000679, 1 upload attempts, file path "/Users/qlyf/Library/Application Support/Google/GoogleUpdater/152.0.7933.0/Crashpad/completed/27b16e46-abf4-4919-a60b-0c7b04fcdd89.dmp", unique ID "27b16e46-abf4-4919-a60b-0c7b04fcdd89"; uploaded: no
[50960:3263812:0922/133413.176673:VERBOSE1:chrome/updater/crash_client.cc:132] Found 0 pending crash reports
[50960:3263812:0922/133413.176723:ERROR:third_party/crashpad/crashpad/util/file/file_io_posix.cc:145] open /Users/qlyf/Library/Application Support/Google/RLZ/Crashpad/settings.dat: No such file or directory (2)
[50960:3263812:0922/133413.176733:ERROR:third_party/crashpad/crashpad/util/file/file_io_posix.cc:145] open /Users/qlyf/Library/Application Support/Google/Chrome for Testing/Crashpad/settings.dat: No such file or directory (2)
[50960:3263812:0922/133413.176833:VERBOSE1:chrome/updater/updater.cc:105] Crash reporting initialized.
[50960:3263812:0922/133413.176947:VERBOSE1:chrome/updater/ipc/update_service_internal_proxy_mojo.cc:61] Run
[50821:3262581:0922/133414.546742:ERROR:base/process/process_mac.cc:53] task_policy_set TASK_CATEGORY_POLICY: (os/kern) invalid argument (4)
[50821:3262581:0922/133414.546809:ERROR:base/process/process_mac.cc:98] task_policy_set TASK_SUPPRESSION_POLICY: (os/kern) invalid argument (4)
[50826:3262619:0922/133414.621743:ERROR:ui/display/mac/cv_display_link_mac.mm:195] CVDisplayLinkCreateWithCGDisplay failed. CVReturn: -6670
[50826:3262619:0922/133414.623608:ERROR:ui/display/mac/cv_display_link_mac.mm:195] CVDisplayLinkCreateWithCGDisplay failed. CVReturn: -6670
[50826:3262619:0922/133414.624830:ERROR:ui/display/mac/cv_display_link_mac.mm:195] CVDisplayLinkCreateWithCGDisplay failed. CVReturn: -6670
[50826:3262619:0922/133414.624943:ERROR:ui/display/mac/cv_display_link_mac.mm:195] CVDisplayLinkCreateWithCGDisplay failed. CVReturn: -6670
[50826:3262619:0922/133414.625083:ERROR:ui/display/mac/cv_display_link_mac.mm:195] CVDisplayLinkCreateWithCGDisplay failed. CVReturn: -6670
[50821:3262581:0922/133417.405302:ERROR:base/process/process_mac.cc:53] task_policy_set TASK_CATEGORY_POLICY: (os/kern) invalid argument (4)
[50821:3262581:0922/133417.405351:ERROR:base/process/process_mac.cc:98] task_policy_set TASK_SUPPRESSION_POLICY: (os/kern) invalid argument (4)
[50826:3262619:0922/133417.473868:ERROR:ui/display/mac/cv_display_link_mac.mm:195] CVDisplayLinkCreateWithCGDisplay failed. CVReturn: -6670
[50826:3262619:0922/133417.475365:ERROR:ui/display/mac/cv_display_link_mac.mm:195] CVDisplayLinkCreateWithCGDisplay failed. CVReturn: -6670
[50826:3262619:0922/133417.476061:ERROR:ui/display/mac/cv_display_link_mac.mm:195] CVDisplayLinkCreateWithCGDisplay failed. CVReturn: -6670
[50826:3262619:0922/133417.476183:ERROR:ui/display/mac/cv_display_link_mac.mm:195] CVDisplayLinkCreateWithCGDisplay failed. CVReturn: -6670
[50826:3262619:0922/133417.476234:ERROR:ui/display/mac/cv_display_link_mac.mm:195] CVDisplayLinkCreateWithCGDisplay failed. CVReturn: -6670
[50821:3262569:0922/133419.979255:ERROR:google_apis/gcm/engine/registration_request.cc:291] Registration response error message: DEPRECATED_ENDPOINT
[50821:3262581:0922/133420.242812:ERROR:base/process/process_mac.cc:53] task_policy_set TASK_CATEGORY_POLICY: (os/kern) invalid argument (4)
[50821:3262581:0922/133420.242863:ERROR:base/process/process_mac.cc:98] task_policy_set TASK_SUPPRESSION_POLICY: (os/kern) invalid argument (4)
[50826:3262619:0922/133420.289842:ERROR:ui/display/mac/cv_display_link_mac.mm:195] CVDisplayLinkCreateWithCGDisplay failed. CVReturn: -6670
[50826:3262619:0922/133420.291399:ERROR:ui/display/mac/cv_display_link_mac.mm:195] CVDisplayLinkCreateWithCGDisplay failed. CVReturn: -6670
[50826:3262619:0922/133420.292640:ERROR:ui/display/mac/cv_display_link_mac.mm:195] CVDisplayLinkCreateWithCGDisplay failed. CVReturn: -6670
[50826:3262619:0922/133420.292734:ERROR:ui/display/mac/cv_display_link_mac.mm:195] CVDisplayLinkCreateWithCGDisplay failed. CVReturn: -6670
[50826:3262619:0922/133420.292816:ERROR:ui/display/mac/cv_display_link_mac.mm:195] CVDisplayLinkCreateWithCGDisplay failed. CVReturn: -6670
[50821:3262581:0922/133423.063911:ERROR:base/process/process_mac.cc:53] task_policy_set TASK_CATEGORY_POLICY: (os/kern) invalid argument (4)
[50821:3262581:0922/133423.063944:ERROR:base/process/process_mac.cc:98] task_policy_set TASK_SUPPRESSION_POLICY: (os/kern) invalid argument (4)
[50826:3262619:0922/133423.124023:ERROR:ui/display/mac/cv_display_link_mac.mm:195] CVDisplayLinkCreateWithCGDisplay failed. CVReturn: -6670
[50826:3262619:0922/133423.125297:ERROR:ui/display/mac/cv_display_link_mac.mm:195] CVDisplayLinkCreateWithCGDisplay failed. CVReturn: -6670
[50826:3262619:0922/133423.126323:ERROR:ui/display/mac/cv_display_link_mac.mm:195] CVDisplayLinkCreateWithCGDisplay failed. CVReturn: -6670
[50826:3262619:0922/133423.126402:ERROR:ui/display/mac/cv_display_link_mac.mm:195] CVDisplayLinkCreateWithCGDisplay failed. CVReturn: -6670
[50826:3262619:0922/133423.126483:ERROR:ui/display/mac/cv_display_link_mac.mm:195] CVDisplayLinkCreateWithCGDisplay failed. CVReturn: -6670
[50821:3262581:0922/133425.892192:ERROR:base/process/process_mac.cc:53] task_policy_set TASK_CATEGORY_POLICY: (os/kern) invalid argument (4)
[50821:3262581:0922/133425.892242:ERROR:base/process/process_mac.cc:98] task_policy_set TASK_SUPPRESSION_POLICY: (os/kern) invalid argument (4)
[50960:3263812:0922/133430.979241:VERBOSE1:chrome/updater/app/app.cc:52] Shutdown: 0
[50960:3263812:0922/133430.979632:VERBOSE2:chrome/updater/event_history.cc:265] Emitted a UPDATER_PROCESS END event to the history log
[50960:3263812:0922/133430.979649:VERBOSE1:chrome/updater/updater.cc:419] UpdaterMain (--wake) returned 0.
[50957:3263808:0922/133431.016555:VERBOSE1:chrome/updater/app/app_wakeall.cc:68] `/Users/qlyf/Library/Application Support/Google/GoogleUpdater/152.0.7933.0/GoogleUpdater.app/Contents/MacOS/GoogleUpdater --wake` exited 0
[50957:3263794:0922/133431.016807:VERBOSE1:chrome/updater/app/app.cc:52] Shutdown: 0
[50957:3263794:0922/133431.017125:VERBOSE2:chrome/updater/event_history.cc:265] Emitted a UPDATER_PROCESS END event to the history log
[50957:3263794:0922/133431.017140:VERBOSE1:chrome/updater/updater.cc:419] UpdaterMain (--wake-all) returned 0.
[50962:3263817:0922/133440.983289:VERBOSE2:chrome/updater/event_history.cc:265] Emitted a UPDATER_PROCESS END event to the history log
[50962:3263817:0922/133440.983381:VERBOSE1:chrome/updater/updater.cc:419] UpdaterMain (--crash-handler) returned 0.
[50959:3263799:0922/133440.984013:VERBOSE2:chrome/updater/event_history.cc:265] Emitted a UPDATER_PROCESS END event to the history log
[50959:3263799:0922/133440.984114:VERBOSE1:chrome/updater/updater.cc:419] UpdaterMain (--crash-handler) returned 0.
