解锁前 sha: production-scripts.js=35ea18371856a5f1c769dbe0d8b270d7e7fb637ac3c2aa44b9a705c314aae443  app-core.js=8b05e1cdba1b2ab04a2abb181fb38b36d85ee998c279c503b2a87eda8630cefc

############ N1 变异：把两类歧义从 problems 里摘掉（退回「只报告、不判错」） ############
N1 已注入
N1 语法 OK
N1 变红摘要：
  ✗ MUT-C 同名歧义：`ambiguousAliases` 点名 auditAlias，且 `problems` 非空（既有 ambiguous-alias，也有落在它上面的 ambiguous-ref）——「只报告歧义但仍视为闭合」被明确禁止 — {"ambiguousAliases":["auditAlias"],"ambiguousRefs":["auditAlias.auditMember"],"problems":[]}
  ✗ 反向对照（同名歧义）：证不了归属 ⇒ `problems` 必须非空，而不是「只报告歧义但仍视为闭合」 — {"ambiguousAliases":["auditAlias"],"ambiguousRefs":["auditAlias.auditMember"],"problems":[]}
  ✗ 反向对照（同名歧义）：证不了归属 ⇒ `problems` 必须非空，而不是「只报告歧义但仍视为闭合」 — {"ambiguousAliases":["auditAlias"],"ambiguousRefs":["auditAlias.auditMember"],"problems":[]}
通过: 260  失败: 1
通过 148 项，失败 1 项
N1 还原后 sha 一致 = YES

############ N2 变异：把 app-core 的别名改制整体退回（feedbackApi→f，selectedFile→f） ############
feedbackApi 替换 21 处，selectedFile 替换 3 处
N2 语法 OK
N2 变红摘要：
  ✗ 别名归一生效：`feedbackApi` ⇒ `FeedbackLib`，引用落到 `Feedback.*` 这个声明路径上 — {"aliases":{},"feedbackRefs":["Feedback","Feedback.saveFeedback","Feedback.UNDO_WINDOW_MS","Feedback.actionSpec","Feedback.testFeedbackVerdict"]}
  ✗ 产品源码**没有歧义别名**（`f` 那种一名两义已消除：反馈用 feedbackApi / 上传用 selectedFile / 返回值用 feedbackResult） — ["f"]
  ✗ 产品源码**没有歧义引用**（扫描器里不存在「证不了归属就跳过」的残留） — ["f.TEST_FEEDBACK","f.captureSummary","f.reminderFeedback","f.setupSteps"]
  ✗ 依赖矩阵完全闭合：undeclared / ambiguousAliases / ambiguousRefs / problems 四个都为空 — {"undeclared":[],"ambiguousAliases":["f"],"ambiguousRefs":["f.TEST_FEEDBACK","f.captureSummary","f.reminderFeedback","f.setupSteps"],"problems":["ambiguous-alias:f（同一名字既被赋成已知命名空间、又被赋成别的东西）","ambiguous-ref:f.TEST_FEEDBACK（归属不可证明）","ambiguous-ref:f.captureSummary（归属不可证明）","ambiguous-ref:f.reminderFeedback（归属不可证明）","ambiguous-ref:f.setupSteps（归属不可证明）"]}
  ✗ 产品源码没有歧义别名（一名两义已被消除） — ["f"]
  ✗ 产品源码没有歧义引用（不存在「证不了归属就跳过」的残留） — ["f.TEST_FEEDBACK","f.captureSummary","f.reminderFeedback","f.setupSteps"]
  ✗ 唯一判定出口 problems 为空（undeclared + 两类歧义都进来） — ["ambiguous-alias:f（同一名字既被赋成已知命名空间、又被赋成别的东西）","ambiguous-ref:f.TEST_FEEDBACK（归属不可证明）","ambiguous-ref:f.captureSummary（归属不可证明）","ambiguous-ref:f.reminderFeedback（归属不可证明）","ambiguous-ref:f.setupSteps（归属不可证明）"]
  ✗ 别名归一生效：`feedbackApi` ⇒ `FeedbackLib`（别名调用确实落在声明路径上） — {"aliases":{},"feedbackRefs":["Feedback","Feedback.saveFeedback","Feedback.UNDO_WINDOW_MS","Feedback.actionSpec","Feedback.testFeedbackVerdict"]}
  ✗ 产品源码没有歧义别名（一名两义已被消除） — ["f"]
  ✗ 产品源码没有歧义引用（不存在「证不了归属就跳过」的残留） — ["f.TEST_FEEDBACK","f.captureSummary","f.reminderFeedback","f.setupSteps"]
  ✗ 唯一判定出口 problems 为空（undeclared + 两类歧义都进来） — ["ambiguous-alias:f（同一名字既被赋成已知命名空间、又被赋成别的东西）","ambiguous-ref:f.TEST_FEEDBACK（归属不可证明）","ambiguous-ref:f.captureSummary（归属不可证明）","ambiguous-ref:f.reminderFeedback（归属不可证明）","ambiguous-ref:f.setupSteps（归属不可证明）"]
  ✗ 别名归一生效：`feedbackApi` ⇒ `FeedbackLib`（别名调用确实落在声明路径上） — {"aliases":{},"feedbackRefs":["Feedback","Feedback.saveFeedback","Feedback.UNDO_WINDOW_MS","Feedback.actionSpec","Feedback.testFeedbackVerdict"]}
通过: 257  失败: 4
通过 145 项，失败 4 项

############ 按字节还原并核对 ############
app-core.js          sha 一致 = YES
production-scripts.js sha 一致 = YES

############ 还原后回绿确认 ############
========== 生产组合启动测试结果 ==========
通过: 261  失败: 0
全部通过。
通过 149 项，失败 0 项
结果：单一来源已闭合（PASS）
