
DevTools listening on ws://127.0.0.1:18782/devtools/browser/91fbe82c-00f4-42de-942b-57af982ee1a1
Trying to load the allocator multiple times. This is *not* supported.
[16033:4439888:0922/215839.454244:ERROR:ui/display/mac/cv_display_link_mac.mm:195] CVDisplayLinkCreateWithCGDisplay failed. CVReturn: -6670
[16033:4439888:0922/215839.455377:ERROR:ui/display/mac/cv_display_link_mac.mm:195] CVDisplayLinkCreateWithCGDisplay failed. CVReturn: -6670
[16033:4439888:0922/215839.455430:ERROR:ui/display/mac/cv_display_link_mac.mm:195] CVDisplayLinkCreateWithCGDisplay failed. CVReturn: -6670
[16033:4439888:0922/215839.455487:ERROR:ui/display/mac/cv_display_link_mac.mm:195] CVDisplayLinkCreateWithCGDisplay failed. CVReturn: -6670
[16033:4439888:0922/215839.455530:ERROR:ui/display/mac/cv_display_link_mac.mm:195] CVDisplayLinkCreateWithCGDisplay failed. CVReturn: -6670
[16033:4439888:0922/215839.455589:ERROR:ui/display/mac/cv_display_link_mac.mm:195] CVDisplayLinkCreateWithCGDisplay failed. CVReturn: -6670
[16033:4439888:0922/215839.599958:ERROR:ui/display/mac/cv_display_link_mac.mm:195] CVDisplayLinkCreateWithCGDisplay failed. CVReturn: -6670
[16033:4439888:0922/215839.608452:ERROR:ui/display/mac/cv_display_link_mac.mm:195] CVDisplayLinkCreateWithCGDisplay failed. CVReturn: -6670
[16033:4439888:0922/215839.610446:ERROR:ui/display/mac/cv_display_link_mac.mm:195] CVDisplayLinkCreateWithCGDisplay failed. CVReturn: -6670
[16033:4439888:0922/215839.610753:ERROR:ui/display/mac/cv_display_link_mac.mm:195] CVDisplayLinkCreateWithCGDisplay failed. CVReturn: -6670
[16033:4439888:0922/215839.610881:ERROR:ui/display/mac/cv_display_link_mac.mm:195] CVDisplayLinkCreateWithCGDisplay failed. CVReturn: -6670
[16033:4439888:0922/215841.368459:ERROR:ui/display/mac/cv_display_link_mac.mm:195] CVDisplayLinkCreateWithCGDisplay failed. CVReturn: -6670
[16033:4439888:0922/215841.417515:ERROR:ui/display/mac/cv_display_link_mac.mm:195] CVDisplayLinkCreateWithCGDisplay failed. CVReturn: -6670
[16033:4439888:0922/215841.441522:ERROR:ui/display/mac/cv_display_link_mac.mm:195] CVDisplayLinkCreateWithCGDisplay failed. CVReturn: -6670
[16033:4439888:0922/215841.472802:ERROR:ui/display/mac/cv_display_link_mac.mm:195] CVDisplayLinkCreateWithCGDisplay failed. CVReturn: -6670
[16033:4439888:0922/215841.496864:ERROR:ui/display/mac/cv_display_link_mac.mm:195] CVDisplayLinkCreateWithCGDisplay failed. CVReturn: -6670
[16033:4439888:0922/215841.530165:ERROR:ui/display/mac/cv_display_link_mac.mm:195] CVDisplayLinkCreateWithCGDisplay failed. CVReturn: -6670
[16033:4439888:0922/215841.554674:ERROR:ui/display/mac/cv_display_link_mac.mm:195] CVDisplayLinkCreateWithCGDisplay failed. CVReturn: -6670
[16023:4439828:0922/215842.430937:ERROR:google_apis/gcm/engine/registration_request.cc:291] Registration response error message: DEPRECATED_ENDPOINT
[16033:4439888:0922/215843.085739:ERROR:ui/display/mac/cv_display_link_mac.mm:195] CVDisplayLinkCreateWithCGDisplay failed. CVReturn: -6670
[16023:4439852:0922/215843.639041:ERROR:base/process/process_mac.cc:53] task_policy_set TASK_CATEGORY_POLICY: (os/kern) invalid argument (4)
[16023:4439852:0922/215843.639119:ERROR:base/process/process_mac.cc:98] task_policy_set TASK_SUPPRESSION_POLICY: (os/kern) invalid argument (4)
[16033:4439888:0922/215843.691729:ERROR:ui/display/mac/cv_display_link_mac.mm:195] CVDisplayLinkCreateWithCGDisplay failed. CVReturn: -6670
[16033:4439888:0922/215843.693231:ERROR:ui/display/mac/cv_display_link_mac.mm:195] CVDisplayLinkCreateWithCGDisplay failed. CVReturn: -6670
[16033:4439888:0922/215843.694271:ERROR:ui/display/mac/cv_display_link_mac.mm:195] CVDisplayLinkCreateWithCGDisplay failed. CVReturn: -6670
[16033:4439888:0922/215843.694385:ERROR:ui/display/mac/cv_display_link_mac.mm:195] CVDisplayLinkCreateWithCGDisplay failed. CVReturn: -6670
[16033:4439888:0922/215843.694484:ERROR:ui/display/mac/cv_display_link_mac.mm:195] CVDisplayLinkCreateWithCGDisplay failed. CVReturn: -6670
[16023:4439852:0922/215847.262489:ERROR:base/process/process_mac.cc:53] task_policy_set TASK_CATEGORY_POLICY: (os/kern) invalid argument (4)
[16023:4439852:0922/215847.262582:ERROR:base/process/process_mac.cc:98] task_policy_set TASK_SUPPRESSION_POLICY: (os/kern) invalid argument (4)
[16033:4439888:0922/215847.323445:ERROR:ui/display/mac/cv_display_link_mac.mm:195] CVDisplayLinkCreateWithCGDisplay failed. CVReturn: -6670
[16033:4439888:0922/215847.325063:ERROR:ui/display/mac/cv_display_link_mac.mm:195] CVDisplayLinkCreateWithCGDisplay failed. CVReturn: -6670
[16033:4439888:0922/215847.325811:ERROR:ui/display/mac/cv_display_link_mac.mm:195] CVDisplayLinkCreateWithCGDisplay failed. CVReturn: -6670
[16033:4439888:0922/215847.325933:ERROR:ui/display/mac/cv_display_link_mac.mm:195] CVDisplayLinkCreateWithCGDisplay failed. CVReturn: -6670
[16033:4439888:0922/215847.326010:ERROR:ui/display/mac/cv_display_link_mac.mm:195] CVDisplayLinkCreateWithCGDisplay failed. CVReturn: -6670
[16023:4439852:0922/215851.309683:ERROR:base/process/process_mac.cc:53] task_policy_set TASK_CATEGORY_POLICY: (os/kern) invalid argument (4)
[16023:4439852:0922/215851.309809:ERROR:base/process/process_mac.cc:98] task_policy_set TASK_SUPPRESSION_POLICY: (os/kern) invalid argument (4)
[16033:4439888:0922/215851.372105:ERROR:ui/display/mac/cv_display_link_mac.mm:195] CVDisplayLinkCreateWithCGDisplay failed. CVReturn: -6670
[16033:4439888:0922/215851.373317:ERROR:ui/display/mac/cv_display_link_mac.mm:195] CVDisplayLinkCreateWithCGDisplay failed. CVReturn: -6670
[16033:4439888:0922/215851.374440:ERROR:ui/display/mac/cv_display_link_mac.mm:195] CVDisplayLinkCreateWithCGDisplay failed. CVReturn: -6670
[16033:4439888:0922/215851.374570:ERROR:ui/display/mac/cv_display_link_mac.mm:195] CVDisplayLinkCreateWithCGDisplay failed. CVReturn: -6670
[16033:4439888:0922/215851.374726:ERROR:ui/display/mac/cv_display_link_mac.mm:195] CVDisplayLinkCreateWithCGDisplay failed. CVReturn: -6670
Created TensorFlow Lite XNNPACK delegate for CPU.
[16023:4439852:0922/215854.141691:ERROR:base/process/process_mac.cc:53] task_policy_set TASK_CATEGORY_POLICY: (os/kern) invalid argument (4)
[16023:4439852:0922/215854.141747:ERROR:base/process/process_mac.cc:98] task_policy_set TASK_SUPPRESSION_POLICY: (os/kern) invalid argument (4)
[16033:4439888:0922/215854.193320:ERROR:ui/display/mac/cv_display_link_mac.mm:195] CVDisplayLinkCreateWithCGDisplay failed. CVReturn: -6670
[16033:4439888:0922/215854.194322:ERROR:ui/display/mac/cv_display_link_mac.mm:195] CVDisplayLinkCreateWithCGDisplay failed. CVReturn: -6670
[16033:4439888:0922/215854.194909:ERROR:ui/display/mac/cv_display_link_mac.mm:195] CVDisplayLinkCreateWithCGDisplay failed. CVReturn: -6670
[16033:4439888:0922/215854.194977:ERROR:ui/display/mac/cv_display_link_mac.mm:195] CVDisplayLinkCreateWithCGDisplay failed. CVReturn: -6670
[16033:4439888:0922/215854.195232:ERROR:ui/display/mac/cv_display_link_mac.mm:195] CVDisplayLinkCreateWithCGDisplay failed. CVReturn: -6670
[16023:4439852:0922/215856.973644:ERROR:base/process/process_mac.cc:53] task_policy_set TASK_CATEGORY_POLICY: (os/kern) invalid argument (4)
[16023:4439852:0922/215856.973831:ERROR:base/process/process_mac.cc:98] task_policy_set TASK_SUPPRESSION_POLICY: (os/kern) invalid argument (4)
[16033:4439888:0922/215857.034907:ERROR:ui/display/mac/cv_display_link_mac.mm:195] CVDisplayLinkCreateWithCGDisplay failed. CVReturn: -6670
[16033:4439888:0922/215857.036364:ERROR:ui/display/mac/cv_display_link_mac.mm:195] CVDisplayLinkCreateWithCGDisplay failed. CVReturn: -6670
[16033:4439888:0922/215857.037187:ERROR:ui/display/mac/cv_display_link_mac.mm:195] CVDisplayLinkCreateWithCGDisplay failed. CVReturn: -6670
[16033:4439888:0922/215857.037246:ERROR:ui/display/mac/cv_display_link_mac.mm:195] CVDisplayLinkCreateWithCGDisplay failed. CVReturn: -6670
[16033:4439888:0922/215857.037351:ERROR:ui/display/mac/cv_display_link_mac.mm:195] CVDisplayLinkCreateWithCGDisplay failed. CVReturn: -6670
[16290:4441948:0922/215858.151350:VERBOSE1:chrome/updater/updater.cc:374] Version: 152.0.7933.0, opt, ARM_64, command line: /Users/qlyf/Library/Application Support/Google/GoogleUpdater/152.0.7933.0/GoogleUpdater.app/Contents/MacOS/GoogleUpdater --wake-all --enable-logging --vmodule=*/components/update_client/*=2,*/chrome/enterprise_companion/*=2,*/chrome/updater/*=2
[16290:4441948:0922/215858.151770:VERBOSE1:chrome/updater/updater.cc:377] OS version: 15.8.0, arch: arm64, System uptime (seconds): 76468, parent pid: 16023
[16290:4441948:0922/215858.153062:VERBOSE1:chrome/updater/updater.cc:382] Available disk space in install directory (/Users/qlyf/Library/Application Support/Google/GoogleUpdater): 89060048896B (82.944GiB) / 245107195904B (228.274GiB)
[16290:4441948:0922/215858.153070:VERBOSE1:chrome/updater/updater.cc:386] Available disk space in temporary directory (/var/folders/3z/wj46qg4j2pn2fwgtccdj093m0000gn/T/): 89060048896B (82.944GiB) / 245107195904B (228.274GiB)
[16290:4441948:0922/215858.153120:VERBOSE2:chrome/updater/event_history.cc:265] Emitted a UPDATER_PROCESS START event to the history log
[16292:4441952:0922/215858.158372:VERBOSE1:chrome/updater/updater.cc:374] Version: 152.0.7933.0, opt, ARM_64, command line: /Users/qlyf/Library/Application Support/Google/GoogleUpdater/152.0.7933.0/GoogleUpdater.app/Contents/MacOS/GoogleUpdater --crash-handler --database=/Users/qlyf/Library/Application Support/Google/GoogleUpdater/152.0.7933.0/Crashpad --url=https://clients2.google.com/cr/report --annotation=prod=Update4 --annotation=ver=152.0.7933.0 --handshake-fd=6 --enable-logging --vmodule=*/components/update_client/*=2,*/chrome/enterprise_companion/*=2,*/chrome/updater/*=2
[16292:4441952:0922/215858.158679:VERBOSE1:chrome/updater/updater.cc:377] OS version: 15.8.0, arch: arm64, System uptime (seconds): 76468, parent pid: 1
[16292:4441952:0922/215858.159782:VERBOSE1:chrome/updater/updater.cc:382] Available disk space in install directory (/Users/qlyf/Library/Application Support/Google/GoogleUpdater): 89060048896B (82.944GiB) / 245107195904B (228.274GiB)
[16292:4441952:0922/215858.159792:VERBOSE1:chrome/updater/updater.cc:386] Available disk space in temporary directory (/var/folders/3z/wj46qg4j2pn2fwgtccdj093m0000gn/T/): 89060048896B (82.944GiB) / 245107195904B (228.274GiB)
[16292:4441952:0922/215858.159847:VERBOSE2:chrome/updater/event_history.cc:265] Emitted a UPDATER_PROCESS START event to the history log
[16290:4441948:0922/215858.160173:VERBOSE1:chrome/updater/crash_reporter.cc:124] Crash handler launched and ready.
[16290:4441948:0922/215858.160644:VERBOSE1:chrome/updater/crash_client.cc:108] Found 1 completed crash reports
[16290:4441948:0922/215858.160652:VERBOSE1:chrome/updater/crash_client.cc:117] Crash since last run: ID "", created at 1790000679, 1 upload attempts, file path "/Users/qlyf/Library/Application Support/Google/GoogleUpdater/152.0.7933.0/Crashpad/completed/27b16e46-abf4-4919-a60b-0c7b04fcdd89.dmp", unique ID "27b16e46-abf4-4919-a60b-0c7b04fcdd89"; uploaded: no
[16290:4441948:0922/215858.160690:VERBOSE1:chrome/updater/crash_client.cc:132] Found 0 pending crash reports
[16290:4441948:0922/215858.160732:ERROR:third_party/crashpad/crashpad/util/file/file_io_posix.cc:145] open /Users/qlyf/Library/Application Support/Google/RLZ/Crashpad/settings.dat: No such file or directory (2)
[16290:4441948:0922/215858.160740:ERROR:third_party/crashpad/crashpad/util/file/file_io_posix.cc:145] open /Users/qlyf/Library/Application Support/Google/Chrome for Testing/Crashpad/settings.dat: No such file or directory (2)
[16290:4441948:0922/215858.160857:VERBOSE1:chrome/updater/updater.cc:105] Crash reporting initialized.
[16290:4441960:0922/215858.161064:VERBOSE1:chrome/updater/app/app_wakeall.cc:58] Launching `/Users/qlyf/Library/Application Support/Google/GoogleUpdater/152.0.7933.0/GoogleUpdater.app/Contents/MacOS/GoogleUpdater --wake`
[16293:4441964:0922/215858.165409:VERBOSE1:chrome/updater/updater.cc:374] Version: 152.0.7933.0, opt, ARM_64, command line: /Users/qlyf/Library/Application Support/Google/GoogleUpdater/152.0.7933.0/GoogleUpdater.app/Contents/MacOS/GoogleUpdater --wake --enable-logging --vmodule=*/components/update_client/*=2,*/chrome/enterprise_companion/*=2,*/chrome/updater/*=2
[16293:4441964:0922/215858.165695:VERBOSE1:chrome/updater/updater.cc:377] OS version: 15.8.0, arch: arm64, System uptime (seconds): 76468, parent pid: 16290
[16293:4441964:0922/215858.166744:VERBOSE1:chrome/updater/updater.cc:382] Available disk space in install directory (/Users/qlyf/Library/Application Support/Google/GoogleUpdater): 89060044800B (82.944GiB) / 245107195904B (228.274GiB)
[16293:4441964:0922/215858.166752:VERBOSE1:chrome/updater/updater.cc:386] Available disk space in temporary directory (/var/folders/3z/wj46qg4j2pn2fwgtccdj093m0000gn/T/): 89060044800B (82.944GiB) / 245107195904B (228.274GiB)
[16293:4441964:0922/215858.166799:VERBOSE2:chrome/updater/event_history.cc:265] Emitted a UPDATER_PROCESS START event to the history log
[16295:4441968:0922/215858.172078:VERBOSE1:chrome/updater/updater.cc:374] Version: 152.0.7933.0, opt, ARM_64, command line: /Users/qlyf/Library/Application Support/Google/GoogleUpdater/152.0.7933.0/GoogleUpdater.app/Contents/MacOS/GoogleUpdater --crash-handler --database=/Users/qlyf/Library/Application Support/Google/GoogleUpdater/152.0.7933.0/Crashpad --url=https://clients2.google.com/cr/report --annotation=prod=Update4 --annotation=ver=152.0.7933.0 --handshake-fd=6 --enable-logging --vmodule=*/components/update_client/*=2,*/chrome/enterprise_companion/*=2,*/chrome/updater/*=2
[16295:4441968:0922/215858.172361:VERBOSE1:chrome/updater/updater.cc:377] OS version: 15.8.0, arch: arm64, System uptime (seconds): 76468, parent pid: 1
[16295:4441968:0922/215858.173466:VERBOSE1:chrome/updater/updater.cc:382] Available disk space in install directory (/Users/qlyf/Library/Application Support/Google/GoogleUpdater): 89060044800B (82.944GiB) / 245107195904B (228.274GiB)
[16295:4441968:0922/215858.173474:VERBOSE1:chrome/updater/updater.cc:386] Available disk space in temporary directory (/var/folders/3z/wj46qg4j2pn2fwgtccdj093m0000gn/T/): 89060044800B (82.944GiB) / 245107195904B (228.274GiB)
[16295:4441968:0922/215858.173522:VERBOSE2:chrome/updater/event_history.cc:265] Emitted a UPDATER_PROCESS START event to the history log
[16293:4441964:0922/215858.173781:VERBOSE1:chrome/updater/crash_reporter.cc:124] Crash handler launched and ready.
[16293:4441964:0922/215858.174292:VERBOSE1:chrome/updater/crash_client.cc:108] Found 1 completed crash reports
[16293:4441964:0922/215858.174298:VERBOSE1:chrome/updater/crash_client.cc:117] Crash since last run: ID "", created at 1790000679, 1 upload attempts, file path "/Users/qlyf/Library/Application Support/Google/GoogleUpdater/152.0.7933.0/Crashpad/completed/27b16e46-abf4-4919-a60b-0c7b04fcdd89.dmp", unique ID "27b16e46-abf4-4919-a60b-0c7b04fcdd89"; uploaded: no
[16293:4441964:0922/215858.174334:VERBOSE1:chrome/updater/crash_client.cc:132] Found 0 pending crash reports
[16293:4441964:0922/215858.174372:ERROR:third_party/crashpad/crashpad/util/file/file_io_posix.cc:145] open /Users/qlyf/Library/Application Support/Google/RLZ/Crashpad/settings.dat: No such file or directory (2)
[16293:4441964:0922/215858.174379:ERROR:third_party/crashpad/crashpad/util/file/file_io_posix.cc:145] open /Users/qlyf/Library/Application Support/Google/Chrome for Testing/Crashpad/settings.dat: No such file or directory (2)
[16293:4441964:0922/215858.174489:VERBOSE1:chrome/updater/updater.cc:105] Crash reporting initialized.
[16293:4441964:0922/215858.174618:VERBOSE1:chrome/updater/ipc/update_service_internal_proxy_mojo.cc:61] Run
[16023:4439852:0922/215859.809551:ERROR:base/process/process_mac.cc:53] task_policy_set TASK_CATEGORY_POLICY: (os/kern) invalid argument (4)
[16023:4439852:0922/215859.809630:ERROR:base/process/process_mac.cc:98] task_policy_set TASK_SUPPRESSION_POLICY: (os/kern) invalid argument (4)
[16033:4439888:0922/215859.869218:ERROR:ui/display/mac/cv_display_link_mac.mm:195] CVDisplayLinkCreateWithCGDisplay failed. CVReturn: -6670
[16033:4439888:0922/215859.870479:ERROR:ui/display/mac/cv_display_link_mac.mm:195] CVDisplayLinkCreateWithCGDisplay failed. CVReturn: -6670
[16033:4439888:0922/215859.871873:ERROR:ui/display/mac/cv_display_link_mac.mm:195] CVDisplayLinkCreateWithCGDisplay failed. CVReturn: -6670
[16033:4439888:0922/215859.871970:ERROR:ui/display/mac/cv_display_link_mac.mm:195] CVDisplayLinkCreateWithCGDisplay failed. CVReturn: -6670
[16033:4439888:0922/215859.872048:ERROR:ui/display/mac/cv_display_link_mac.mm:195] CVDisplayLinkCreateWithCGDisplay failed. CVReturn: -6670
[16023:4439852:0922/215902.650146:ERROR:base/process/process_mac.cc:53] task_policy_set TASK_CATEGORY_POLICY: (os/kern) invalid argument (4)
[16023:4439852:0922/215902.650221:ERROR:base/process/process_mac.cc:98] task_policy_set TASK_SUPPRESSION_POLICY: (os/kern) invalid argument (4)
[16033:4439888:0922/215902.711759:ERROR:ui/display/mac/cv_display_link_mac.mm:195] CVDisplayLinkCreateWithCGDisplay failed. CVReturn: -6670
[16033:4439888:0922/215902.713585:ERROR:ui/display/mac/cv_display_link_mac.mm:195] CVDisplayLinkCreateWithCGDisplay failed. CVReturn: -6670
[16033:4439888:0922/215902.714721:ERROR:ui/display/mac/cv_display_link_mac.mm:195] CVDisplayLinkCreateWithCGDisplay failed. CVReturn: -6670
[16033:4439888:0922/215902.714786:ERROR:ui/display/mac/cv_display_link_mac.mm:195] CVDisplayLinkCreateWithCGDisplay failed. CVReturn: -6670
[16033:4439888:0922/215902.714831:ERROR:ui/display/mac/cv_display_link_mac.mm:195] CVDisplayLinkCreateWithCGDisplay failed. CVReturn: -6670
[16023:4439852:0922/215905.494816:ERROR:base/process/process_mac.cc:53] task_policy_set TASK_CATEGORY_POLICY: (os/kern) invalid argument (4)
[16023:4439852:0922/215905.494883:ERROR:base/process/process_mac.cc:98] task_policy_set TASK_SUPPRESSION_POLICY: (os/kern) invalid argument (4)
[16033:4439888:0922/215905.554918:ERROR:ui/display/mac/cv_display_link_mac.mm:195] CVDisplayLinkCreateWithCGDisplay failed. CVReturn: -6670
[16033:4439888:0922/215905.556577:ERROR:ui/display/mac/cv_display_link_mac.mm:195] CVDisplayLinkCreateWithCGDisplay failed. CVReturn: -6670
[16033:4439888:0922/215905.557270:ERROR:ui/display/mac/cv_display_link_mac.mm:195] CVDisplayLinkCreateWithCGDisplay failed. CVReturn: -6670
[16033:4439888:0922/215905.557331:ERROR:ui/display/mac/cv_display_link_mac.mm:195] CVDisplayLinkCreateWithCGDisplay failed. CVReturn: -6670
[16033:4439888:0922/215905.557385:ERROR:ui/display/mac/cv_display_link_mac.mm:195] CVDisplayLinkCreateWithCGDisplay failed. CVReturn: -6670
[16023:4439852:0922/215908.331992:ERROR:base/process/process_mac.cc:53] task_policy_set TASK_CATEGORY_POLICY: (os/kern) invalid argument (4)
[16023:4439852:0922/215908.332030:ERROR:base/process/process_mac.cc:98] task_policy_set TASK_SUPPRESSION_POLICY: (os/kern) invalid argument (4)
[16033:4439888:0922/215908.388189:ERROR:ui/display/mac/cv_display_link_mac.mm:195] CVDisplayLinkCreateWithCGDisplay failed. CVReturn: -6670
[16033:4439888:0922/215908.389644:ERROR:ui/display/mac/cv_display_link_mac.mm:195] CVDisplayLinkCreateWithCGDisplay failed. CVReturn: -6670
[16033:4439888:0922/215908.390813:ERROR:ui/display/mac/cv_display_link_mac.mm:195] CVDisplayLinkCreateWithCGDisplay failed. CVReturn: -6670
[16033:4439888:0922/215908.390911:ERROR:ui/display/mac/cv_display_link_mac.mm:195] CVDisplayLinkCreateWithCGDisplay failed. CVReturn: -6670
[16033:4439888:0922/215908.391004:ERROR:ui/display/mac/cv_display_link_mac.mm:195] CVDisplayLinkCreateWithCGDisplay failed. CVReturn: -6670
[16023:4439852:0922/215911.157504:ERROR:base/process/process_mac.cc:53] task_policy_set TASK_CATEGORY_POLICY: (os/kern) invalid argument (4)
[16023:4439852:0922/215911.157561:ERROR:base/process/process_mac.cc:98] task_policy_set TASK_SUPPRESSION_POLICY: (os/kern) invalid argument (4)
[16033:4439888:0922/215911.215746:ERROR:ui/display/mac/cv_display_link_mac.mm:195] CVDisplayLinkCreateWithCGDisplay failed. CVReturn: -6670
[16033:4439888:0922/215911.217193:ERROR:ui/display/mac/cv_display_link_mac.mm:195] CVDisplayLinkCreateWithCGDisplay failed. CVReturn: -6670
[16033:4439888:0922/215911.218006:ERROR:ui/display/mac/cv_display_link_mac.mm:195] CVDisplayLinkCreateWithCGDisplay failed. CVReturn: -6670
[16033:4439888:0922/215911.218094:ERROR:ui/display/mac/cv_display_link_mac.mm:195] CVDisplayLinkCreateWithCGDisplay failed. CVReturn: -6670
[16033:4439888:0922/215911.218221:ERROR:ui/display/mac/cv_display_link_mac.mm:195] CVDisplayLinkCreateWithCGDisplay failed. CVReturn: -6670
[16023:4439828:0922/215911.912400:ERROR:google_apis/gcm/engine/registration_request.cc:291] Registration response error message: DEPRECATED_ENDPOINT
[16293:4441964:0922/215913.316035:VERBOSE1:chrome/updater/app/app.cc:52] Shutdown: 0
[16293:4441964:0922/215913.316444:VERBOSE2:chrome/updater/event_history.cc:265] Emitted a UPDATER_PROCESS END event to the history log
[16293:4441964:0922/215913.316484:VERBOSE1:chrome/updater/updater.cc:419] UpdaterMain (--wake) returned 0.
[16290:4441960:0922/215913.326195:VERBOSE1:chrome/updater/app/app_wakeall.cc:68] `/Users/qlyf/Library/Application Support/Google/GoogleUpdater/152.0.7933.0/GoogleUpdater.app/Contents/MacOS/GoogleUpdater --wake` exited 0
[16290:4441948:0922/215913.326307:VERBOSE1:chrome/updater/app/app.cc:52] Shutdown: 0
[16290:4441948:0922/215913.326597:VERBOSE2:chrome/updater/event_history.cc:265] Emitted a UPDATER_PROCESS END event to the history log
[16290:4441948:0922/215913.326635:VERBOSE1:chrome/updater/updater.cc:419] UpdaterMain (--wake-all) returned 0.
[16023:4439852:0922/215918.048027:ERROR:base/process/process_mac.cc:53] task_policy_set TASK_CATEGORY_POLICY: (os/kern) invalid argument (4)
[16023:4439852:0922/215918.048098:ERROR:base/process/process_mac.cc:98] task_policy_set TASK_SUPPRESSION_POLICY: (os/kern) invalid argument (4)
[16295:4441968:0922/215923.332986:VERBOSE2:chrome/updater/event_history.cc:265] Emitted a UPDATER_PROCESS END event to the history log
[16295:4441968:0922/215923.333047:VERBOSE1:chrome/updater/updater.cc:419] UpdaterMain (--crash-handler) returned 0.
[16292:4441952:0922/215923.334589:VERBOSE2:chrome/updater/event_history.cc:265] Emitted a UPDATER_PROCESS END event to the history log
[16292:4441952:0922/215923.334831:VERBOSE1:chrome/updater/updater.cc:419] UpdaterMain (--crash-handler) returned 0.
