node:internal/modules/cjs/loader:1228
  throw err;
  ^

Error: Cannot find module '/Users/qlyf/Developer/reminder/docs/scripts/verification/production-scripts.js'
Require stack:
- /Users/qlyf/Developer/reminder/docs/reviews/verification-runs/20260922T160029-independent-p2d-recheck/mutations/independent-mutations.js
    at Module._resolveFilename (node:internal/modules/cjs/loader:1225:15)
    at Module._load (node:internal/modules/cjs/loader:1051:27)
    at Module.require (node:internal/modules/cjs/loader:1311:19)
    at require (node:internal/modules/helpers:179:18)
    at Object.<anonymous> (/Users/qlyf/Developer/reminder/docs/reviews/verification-runs/20260922T160029-independent-p2d-recheck/mutations/independent-mutations.js:10:14)
    at Module._compile (node:internal/modules/cjs/loader:1469:14)
    at Module._extensions..js (node:internal/modules/cjs/loader:1548:10)
    at Module.load (node:internal/modules/cjs/loader:1288:32)
    at Module._load (node:internal/modules/cjs/loader:1104:12)
    at Function.executeUserEntryPoint [as runMain] (node:internal/modules/run_main:174:12) {
  code: 'MODULE_NOT_FOUND',
  requireStack: [
    '/Users/qlyf/Developer/reminder/docs/reviews/verification-runs/20260922T160029-independent-p2d-recheck/mutations/independent-mutations.js'
  ]
}

Node.js v20.17.0
