  ✓ Q1 启动链完整跑完（ready() === true）

== 1. 自然语言时间解析 ==
  ✓ 周五解析出 trigger
  ✓ 周五标题含 Horolog
  ✓ 周五 confidence high/mid
  ✓ 低置信度
  ✓ 低置信度仍给出时间（供上层按 D17 覆盖）
  ✓ D17 兜底落在下一个整理窗口起点
  ✓ D17 兜底不再是一周后
  ✓ 截止时间
  ✓ 提前五天 trigger
  ✓ deadline 在 9/30
  ✓ 每两周 ACK 模式
  ✓ 每月底 monthEnd
  ✓ 每月第N个星期X
  ✓ 明天下午3点

== 2. Attention Lifecycle（ACK ≠ Complete） ==
  ✓ 到期 promote 到 due
  ✓ due 时 isDue=true
  ✓ ACK 后 status=acknowledged
  ✓ ACK 后不是 completed/archived
  ✓ ACK 后 isDue=false（不再自动算到期）
  ✓ acknowledgedAt 已写入
  ✓ Complete 后 archived
  ✓ completedAt 已写入

== 3. 稍后 / 再提醒 / 恢复 ==
  ✓ snooze 后 snoozed
  ✓ snooze 时间正确
  ✓ snoozeCount+1
  ✓ reopen 回到 snoozed
  ✓ restore 回到 waiting
  ✓ restore 清除 completedAt
  ✓ restore 不设 trigger_at（D23）

== 3b. 决策落地 D5/D7/D17/D23/D25 ==
  ✓ D17 NEEDS_REVIEW 不进 due
  ✓ D17 Review 关闭后正常 due
  ✓ D25 关键档 delivery_mode=alarm
  ✓ D25 未标记取默认 notification
  ✓ D25 默认 alarm 时未标记为 alarm
  ✓ D22 followupMs=60min
  ✓ D22 maxFollowups=2
  ✓ D15 识别具体时间词
  ✓ D15 模糊词不算具体时间

== 3c. 首页信息架构 D5/D6/D7/D8 ==
  ✓ D5 首页不出现「即将到来」
  ✓ D5 #homeUpcoming 不承载任何内容
  ✓ D5 未来事项不上首页
  ✓ D5 需要注意区块正常渲染
  ✓ D7 已看到未完成折叠成一行带数量
  ✓ D7 明细默认隐藏
  ✓ D6 有待整理 → 入口常驻
  ✓ D6 入口形态与窗口/宽限期判定一致
  ✓ D7 单条也折叠不直接列出
  ✓ D8 空态含「今天已完成 1 件」
  ✓ D8 完成数是纯文字不可点击
  ✓ D6 无待整理 → 入口完全不渲染

== 3d. 整理会话出口（P0-3） ==
  ✓ P0-3 会话含「稍后」出口
  ✓ P0-3 会话含「跳过本次」出口
  ✓ P0-3 卡片三动作仍在
  ✓ P0-3 二次渲染后出口仍在
  ✓ P0-3 稍后五档选项未被破坏

== 3e. 弹条与全屏动作语义 D12/D13/D14 ==
  ✓ D14 弹条已挂起
  ✓ D14 自动收起不消耗提醒预算
  ✓ D14 自动收起不写抑制
  ✓ D13 关闭写入 30 分钟抑制
  ✓ D13 关闭不写 ACK、不写完成
  ✓ D12 全屏「关闭」不写 ACK
  ✓ D12 全屏「我知道了」写 ACK 且不归档

== 3f. 整理会话提醒节奏 D20/D22 ==
  ✓ D22 窗口内不再每分钟重复发（回归）
  ✓ D20 稍后到点照发一次
  ✓ D20 宽限期后 snoozedUntil 被清空
  ✓ D20 次日窗口仍能正常提醒
  ✓ 迁移 旧 lastSessionKey 被作废
  ✓ N4 长窗口首发加两次补充，23:00 不再发
  ✓ N4 跨午夜同一窗口只有三次
  ✓ N4 零点窗口不被默认值覆盖
  ✓ N4 勿扰结束窗内只发一次，终点不含
  ✓ N4 主动稍后仍遵守勿扰，顺延后跨窗仅一次

== 3g. 环境判断健壮性 ==
  ✓ 不再使用 `"Notification" in window` 判断
  ✓ showSystemNotification 走真值判断

== 相对时间实际录入保存 ==
  ✓ 三分钟以后提醒我 保存为三分钟后
  ✓ 三分钟以后提醒我 不落兜底
  ✓ 三分钟以后提醒我 保留有效标题
  ✓ 三分钟以后提醒我 使用相对时长调度
  ✓ 三分钟以后提醒我 原生对账不截断秒数
  ✓ 三分钟以后提醒我 原生排程保持三分钟
  ✓ 三分钟以后提醒我喝水 保存为三分钟后
  ✓ 三分钟以后提醒我喝水 不落兜底
  ✓ 三分钟以后提醒我喝水 保留有效标题
  ✓ 三分钟以后提醒我喝水 使用相对时长调度
  ✓ 三分钟以后提醒我喝水 原生对账不截断秒数
  ✓ 三分钟以后提醒我喝水 原生排程保持三分钟
  ✓ 手选时间仍覆盖相对表达

== 3h. 业务逻辑回归（L01–L08 / D23） ==
  ✓ L01 手选时间原样保存
  ✓ L01 手选时间不落兜底标记
  ✓ L01 低置信度仍进入待整理（内容质量）
  ✓ L01 无时间且无手选 → 兜底为下一个整理窗口
  ✓ L01 有真实时间的待整理照常进 due
  ✓ L02 截止临近 → 重新唤醒为 due
  ✓ L02 已记录阶段身份
  ✓ L02 ACK → acknowledged
  ✓ L02 同一阶段内 ACK 不再被拉回 due
  ✓ L02 到下一保护阶段才再次唤醒
  ✓ L03 calendar 周期 ACK 不改原定日期
  ✓ L03 完成后生成下期
  ✓ L03 锚定原定日期（10月1日而非完成日的下月）
  ✓ L03 ACK 保持 acknowledged（确认不等于完成）
  ✓ L03 ACK 周期确认后生成下一期实例
  ✓ L03 下一期按 ACK 时刻 +14 天并保留原时刻
  ✓ V04 ACK 后完成，仍保留一个活跃的下一期（不归零）
  ✓ L03 月末不因 setMonth 溢出跳月
  ✓ V04 「停止重复」终止规则并归档当前实例
  ✓ F3 ACK 后已派生下一期
  ✓ F3 「停止重复」终止系列后无未归档或带 repeat 的活跃事项
  ✓ F3 未来实例未完成不虚增已完成数（completedAt 为空）
  ✓ F3 完成后生成了下一期
  ✓ F3 从历史已完成入口停止重复，未来实例同样被终止
  ✓ V04 月末 09:00 严格推进到下一期
  ✓ L04 同一完成事件重复投递只推进一次周期
  ✓ L04 已完成事项不接受旧 ACK
  ✓ F5 版本缺失的闹钟动作不改动状态
  ✓ F5 版本为 0 的闹钟动作不改动状态
  ✓ F5 版本匹配的闹钟动作正常执行
  ✓ F2 首次事件执行
  ✓ F2 重放的同一事件被跳过
  ✓ F2 持久化失败时向外上抛异常
  ✓ F2 持久化失败时未记录 alarmEventLog
  ✓ F2 存储恢复后重试成功
  ✓ L05 会话含两条队列
  ✓ L05 兜底记录确认后顺延到下一个整理窗口
  ✓ L05 确认后前进到下一条
  ✓ L05 「留着待整理」保留本条状态并前进
  ✓ L05 明确采用的时间被采纳且解除兜底
  ✓ L06 「稍后 30 分钟」按 30 分钟生效
  ✓ L06 「今天跳过」到下一个整理窗口前不再提醒
  ✓ V05 编辑保存推进数据版本
  ✓ V05 编辑改期重置追提醒轮次（L08 缺口）
  ✓ V05 旧版本的通知动作被拒绝
  ✓ F1 首次记账写库
  ✓ F1 两个阶段同时在表（不互相覆盖）
  ✓ F1 计划未变时不再写库（不再持续对账）
  ✓ G3 投递时刻已过也不推断为已送达（保持待定）
  ✓ F1 待定阶段不再重复对账写库
  ✓ F1 系统送达回调才落库为已送达
  ✓ F1 已送达的阶段不再重排
  ✓ G3 空计划下已过去的排程保持待定，不得推断为已送达
  ✓ G3 原生确认撤销的排程记为 cancelled
  ✓ G3 撤销不得覆盖已送达的终态
  ✓ F1 截止时间清除后历史阶段记录被清理
  ✓ V06 兜底记录仍被截止保护拉起（INV-05）
  ✓ V06 过期兜底不出现在「需要注意」
  ✓ L08 稍后重置轮次与预算
  ✓ D23 重开不设 trigger_at
  ✓ D23 重开默认暂停截止保护
  ✓ D23 暂停期间不因截止被拉回 due
  ✓ D23 显式恢复后保护重新生效

== 4. Deadline Protection ==
  ✓ ACK 但截止临近 → 再次 due
  ✓ 远期截止不强制拉回

== 5. 周期下一跳 ==
  ✓ 每天 +1 天
  ✓ monthEnd 是月末
  ✓ nthWeekday 是周二
  ✓ nthWeekday 在月内第2个周二区间
  ✓ repeatLabel monthEnd
  ✓ repeatLabel nth

== 6. 勿扰时段 ==
  ✓ 23:30 在勿扰内
  ✓ 08:00 不在勿扰内
  ✓ 勿扰结束到次日 07:30
  ✓ 勿扰中普通事项不立刻 due
  ✓ 勿扰中重要事项仍 due

== 7. 相似事项提示（不合并） ==
  ✓ 找到相似
  ✓ 不相似不提示
  ✓ 不自动删除/合并

== 8. 本地持久化（模拟离线） ==
  ✓ 已写入 localStorage
  ✓ load 成功
  ✓ load 恢复事项

== 9. 首页分桶规则 ==
  ✓ Future 不算 due
  ✓ ACK 不算 due
  ✓ due 计入首页

== 10. D43 提醒台账与 H-07 降级恢复 ==
  ✓ D43 落库：已排的触发点记为 scheduled
  ✓ D43 无变化不写库（否则 save→对账 会自激）
  ✓ D43 已送达是终态，不被后续对账抹掉
  ✓ D43 撤销且投递时刻未到 → cancelled（撤销 ≠ 送达）
  ✓ D43 触发点改到更晚 → 旧触发点的记录作废（台账不无限增长）
  ✓ H-07 没有待回放凭据时不误判
  ✓ H-07 有待回放快照时采用它作为权威状态（降级期改动不再静默丢失）
  ✓ H-07 重放成功后清除凭据（不重复重放）
  ✓ H-07 降级写入留待回放凭据的接线在位
  ✓ H-07 加载时先重放再回落到 IDB 旧值（P2-C-R 起：重放成功即判定为 loaded）
  ✓ H-07 重放**应用失败**不再被折叠成「没有快照」，而是判 failed 并关掉写闸门
  ✓ H-07 覆盖「IDB 打不开 → 后端整体降级为 local」这条路径（storageReady 仍为 true）
  ✓ H-07 仍在镜像上跑时不得重放（否则凭据被提前清掉，IDB 恢复后拿不回来）
  ✓ H-07 待回放键与权威键分离（不会污染镜像）

== 11. H-08 投递归因：无通知权限必须被直说 ==
  ✓ P2-D：AttentionLib.AppDiagnostics 已加载且导出工厂
  ✓ P2-D：模块求值零副作用（不注册监听、不起定时器）
  ✓ P2-D：bind() 第一次绑定诊断按钮与 visibilitychange
  ✗ P2-D：bind() 幂等 —— 第二次调用不增加任何监听 — afterSecond=17
  ✓ P2-D：createAppDiagnostics 缺依赖时立刻抛错（不装半套实例）
  ✓ P2-D：app-core 不再保留 describeAlarmDelivery 算法体（只转发）
  ✓ P2-D：投递快照优先级逻辑在 lib/app-diagnostics.js
  ✓ MUT-DIAG-CARRIER 变异必红：删掉 carrier 证据优先级会改变「已响未亮」结论
  ✓ MUT-DIAG-SNAPSHOT 变异必红：删掉投递时快照优先级会改变缺权限归因
  ✓ H-08 投递时无通知权限 → 归因指向「全屏没有载体」
  ✓ H-08 与「缺全屏通知权限」同时命中时，先说根因（通知没有载体）
  ✓ H-08 老记录（无该键）不被误判成无通知权限
  ✓ H-08 权限齐备时保持原有归因（不改变既有结论）
  ✓ A-03 其他应用前台时：通知已提交但全屏未显示，必须明确提示检查系统横幅开关
  ✓ A-03 其他应用前台时：原生未确认通知提交，不得冒充系统横幅已投递
  ✓ H-08 界面确实显示出来时仍以「已显示」为准（不误报）
  ✓ D59 载体为前台服务时 label 改为「已响未亮」，不再说整个闹钟没响
  ✓ D59 界面回落自播也算「已响」（降级路径必须在面板上可见）
  ✓ D59 载体确实为空时才保持「无通知权限」，且如实说没有任何载体在响
  ✓ D59 载体归属不明时不冒充结论（老 APK 读不到该键）

== 11b. D64 门禁：归因用「投递当时」的权限，且非精确排程必须说出来 ==
  ✓ D64 快照说「缺全屏通知权限」时，活值说「有」也不得盖过它
  ✓ D64 反向：快照说「有权限」时不得被活值拉回「缺权限」
  ✓ D64 老记录（无快照键）回退读活值，既有结论不变
  ✓ D64 投递时无精确闹钟权限 → 归因里明说是「非精确」排程
  ✓ D64 无通知权限那条分支同样带上非精确提示（不能只在一个分支说）
  ✓ D64 负向对照：精确排程时不得凭空出现非精确提示
  ✓ D64 老记录缺 exactAtDelivery 键时按「精确」处理，不凭空指控

== 11b. A-2 后台链路断了，首页必须直说（基线 §473 / AC-14） ==
  ✓ A-2 无通知权限 → 告知条出现，且必须写「无法保证提醒」
  ✓ A-2 权限文案不得说成「闹钟不响 / 没有任何提醒」（D59：声音不依赖通知权限）
  ✓ A-2 权限文案必须点出真正丢失的两项能力：没有通知 + 屏幕不会亮
  ✓ A-2 总开关未开 → 与「权限没给」分开说，并指向「我的」而不是系统授权
  ✓ A-2 原生桥始终不就绪 → 告知条说是「提醒能力未就绪」
  ✓ A-2 对账失败 → 告知条说是「同步失败、排程可能没落地」
  ✓ A-2 状态未定（unknown）不得出声
  ✓ A-2 权限齐备且对账正常时首页保持安静（不新增常驻噪音）
  ✓ A-2 仅「精确闹钟未授权」不进首页
  ✓ A-2 非原生环境（PWA / 浏览器）不得出现告知条
  ✓ A-2 权限被撤销后：首页 DOM 里真的出现告知条（带 data-notice-kind）
  ✓ A-2 权限恢复后：同一条通路把告知条自动清掉（基线 §473 后半句）
  ✓ A-2 用户自己关掉总开关也出声，且指向「我的」
  ✓ A-2 复位后首页回到安静态（非原生不得留残余告知条）
  ✓ A-2 负向对照：Web 下走完整 renderHome() 也不得出告知条

== 12. 导出文件：原生保存、诚实反馈与旧格式兼容 ==
  ✓ 导出保持旧 JSON 顶层结构
  ✓ 中文事项/笔记/项目原样进入备份
  ✓ AI 密钥与 baseUrl 继续排除
  ✓ Android 通过 SystemBridge 传一次 UTF-8 JSON 快照
  ✓ 保存后显示 provider 返回的真实同名文件名与逻辑位置
  ✓ 原生保存完成后按钮与说明恢复可用
  ✓ 系统对话框等待期间防重复点击
  ✓ 等待期间业务状态变化不会改写点击时快照
  ✓ 取消与切后台返回后恢复可重试且不报成功
  ✓ 写入失败恢复按钮且允许重试
  ✓ 未知路径不虚构普通文件路径
  ✓ Android 缺少原生保存能力时明确不可用且不退回网页下载
  ✓ 浏览器无分享能力时发起 download
  ✓ 浏览器下载只提示已发起并引导查看下载记录
  ✓ 分享取消不自动触发第二次下载
  ✓ 空备份仍是可被旧导入识别的数组结构
  ✓ Android 保存使用 ACTION_CREATE_DOCUMENT，交由系统处理同名而非静默覆盖
  ✓ 原生成功门槛包含 UTF-8 write、flush、close 后 resolve

== 13. PRD 验收主路径 ==
  ✓ ① 解析并保存 waiting
  ✓ ② 到期 delivered/due
  ✓ ③ 我知道了 → acknowledged
  ✓ ④ 稍后 → snoozed/回 Future
  ✓ ⑤ 再次到期
  ✓ ⑥ 完成 → archived
  ✓ ⑦ ACK 过程中从未自动变成 complete

== 13. 初学者模式与正常模式（双模式） ==
  ✓ 默认使用模式为初学者模式
  ✓ 初学者模式下 body 带有 mode-beginner
  ✓ 初学者模式下 body 不带 mode-normal
  ✓ 初学者模式空首页包含新手指南入口
  ✓ 切换后 userMode 为 normal
  ✓ 正常模式下 body 带有 mode-normal
  ✓ 正常模式下 body 不带 mode-beginner
  ✓ 正常模式仍保留首页可靠性设置入口
  ✓ 正常模式空首页不包含新手指南入口
  ✓ 备份包含 userMode: normal
  ✓ 还原后 userMode 为 beginner
  ✓ 还原后 body 带有 mode-beginner

========== 结果 ==========
通过: 265  失败: 1
失败项:
  - P2-D：bind() 幂等 —— 第二次调用不增加任何监听 — afterSecond=17
