ROUNDS=3 PKG=space.alliswell.inbox.exportrecheck
run-start=2026-09-22T11:07:46+0800

## timepoint A (启动前 · 进程活着)
IDB_STATE_SHA256=0625aacabcd5068a
BYTES=2443
IDB_FILES=5 IDB_BYTES=143335 IDB_SHA256=06504f37315c0ce17a3275189ae7c3cff04b62cec2662a0bf049b1098c4d98d3
MIRROR_FILES=5 MIRROR_BYTES=16798 MIRROR_SHA256=00dc41511a8bef6cd50190faa699046e7967c78c2cdac61bfbd379f9792d3e62
IDB_WAL_BYTES=142504
MIRROR_WAL_BYTES=16045
PAGE={"items":2,"projects":1,"title":"P2C 复验事项","status":"loaded","reason":"authoritative","backend":"idb","writesAllowed":true,"blockedWriteCount":0,"nativeBlocked":0,"mirrorLen":2443,"mirrorSha16":"0625aacabcd5068a","panel":false}
BASE_WAL=142504（冷启动前 WAL 字节数；下面每轮与它比，看有没有新增提交）
WAL_A_LOCAL=/tmp/p2cr2-independent-wal-4/wal-A.bin BYTES=142504

════ round 1 / 3 ════
## [1] timepoint B (进程死亡后且尚未启动)
B1: IDB_FILES=5 IDB_BYTES=143335 IDB_SHA256=06504f37315c0ce17a3275189ae7c3cff04b62cec2662a0bf049b1098c4d98d3 MIRROR_FILES=5 MIRROR_BYTES=16798 MIRROR_SHA256=00dc41511a8bef6cd50190faa699046e7967c78c2cdac61bfbd379f9792d3e62 IDB_WAL_BYTES=142504 MIRROR_WAL_BYTES=16045
pid-after-kill=[]
B2: IDB_FILES=5 IDB_BYTES=143335 IDB_SHA256=06504f37315c0ce17a3275189ae7c3cff04b62cec2662a0bf049b1098c4d98d3 MIRROR_FILES=5 MIRROR_BYTES=16798 MIRROR_SHA256=00dc41511a8bef6cd50190faa699046e7967c78c2cdac61bfbd379f9792d3e62 IDB_WAL_BYTES=142504 MIRROR_WAL_BYTES=16045
  ✓ 死亡窗口静止（3 秒间隔两次文件哈希相同；此期间没有任何写入者）

## [1] timepoint C (启动恢复完成后)
IDB_STATE_SHA256=0625aacabcd5068a
BYTES=2443
file: IDB_FILES=5 IDB_BYTES=143354 IDB_SHA256=f3c56b517cad7ede9cc3bf34e7aa679e9bf2e59fd7defd4be6b21224bfb990ec MIRROR_FILES=5 MIRROR_BYTES=16798 MIRROR_SHA256=df09fffa33d7135cbe2fdc3ce7ffbd2ead26665d140ce25b59468adc85c7cfe6 IDB_WAL_BYTES=142523 MIRROR_WAL_BYTES=16045
PAGE={"items":2,"projects":1,"title":"P2C 复验事项","status":"loaded","reason":"authoritative","backend":"idb","writesAllowed":true,"blockedWriteCount":0,"nativeBlocked":0,"mirrorLen":2443,"mirrorSha16":"0625aacabcd5068a","panel":false}

## [1] 判定
  ✓ 记录级哈希 A==C（0625aacabcd5068a）：冷启动后权威记录与启动前逐字节一致 ⇒ 未被空快照覆盖
  WAL 字节：142504 -> 142523（相对 A 时点累计 +19 B；**逐轮增量**见下面这一行）
  ✓ 追加记录为**空标记**（OPS=0，RECORD_KIND=EMPTY_MARKER）：零键操作、序号不前进 ⇒ 本轮冷启动没有产生任何提交

════ round 2 / 3 ════
## [2] timepoint B (进程死亡后且尚未启动)
B1: IDB_FILES=5 IDB_BYTES=143354 IDB_SHA256=f3c56b517cad7ede9cc3bf34e7aa679e9bf2e59fd7defd4be6b21224bfb990ec MIRROR_FILES=5 MIRROR_BYTES=16798 MIRROR_SHA256=df09fffa33d7135cbe2fdc3ce7ffbd2ead26665d140ce25b59468adc85c7cfe6 IDB_WAL_BYTES=142523 MIRROR_WAL_BYTES=16045
pid-after-kill=[]
B2: IDB_FILES=5 IDB_BYTES=143354 IDB_SHA256=f3c56b517cad7ede9cc3bf34e7aa679e9bf2e59fd7defd4be6b21224bfb990ec MIRROR_FILES=5 MIRROR_BYTES=16798 MIRROR_SHA256=df09fffa33d7135cbe2fdc3ce7ffbd2ead26665d140ce25b59468adc85c7cfe6 IDB_WAL_BYTES=142523 MIRROR_WAL_BYTES=16045
  ✓ 死亡窗口静止（3 秒间隔两次文件哈希相同；此期间没有任何写入者）

## [2] timepoint C (启动恢复完成后)
IDB_STATE_SHA256=0625aacabcd5068a
BYTES=2443
file: IDB_FILES=5 IDB_BYTES=143373 IDB_SHA256=4d44ce1e5c1a22f8a28d2531faab0bb5c603477c4a11f0774f7281df5212d77f MIRROR_FILES=5 MIRROR_BYTES=16798 MIRROR_SHA256=5641905b771a50a659aede9a7ecbbe94c51f745120fc13e5884888e57f55bbaf IDB_WAL_BYTES=142542 MIRROR_WAL_BYTES=16045
PAGE={"items":2,"projects":1,"title":"P2C 复验事项","status":"loaded","reason":"authoritative","backend":"idb","writesAllowed":true,"blockedWriteCount":0,"nativeBlocked":0,"mirrorLen":2443,"mirrorSha16":"0625aacabcd5068a","panel":false}

## [2] 判定
  ✓ 记录级哈希 A==C（0625aacabcd5068a）：冷启动后权威记录与启动前逐字节一致 ⇒ 未被空快照覆盖
  WAL 字节：142504 -> 142542（相对 A 时点累计 +38 B；**逐轮增量**见下面这一行）
  ✓ 追加记录为**空标记**（OPS=0，RECORD_KIND=EMPTY_MARKER）：零键操作、序号不前进 ⇒ 本轮冷启动没有产生任何提交

════ round 3 / 3 ════
## [3] timepoint B (进程死亡后且尚未启动)
B1: IDB_FILES=5 IDB_BYTES=143373 IDB_SHA256=4d44ce1e5c1a22f8a28d2531faab0bb5c603477c4a11f0774f7281df5212d77f MIRROR_FILES=5 MIRROR_BYTES=16798 MIRROR_SHA256=5641905b771a50a659aede9a7ecbbe94c51f745120fc13e5884888e57f55bbaf IDB_WAL_BYTES=142542 MIRROR_WAL_BYTES=16045
pid-after-kill=[]
B2: IDB_FILES=5 IDB_BYTES=143373 IDB_SHA256=4d44ce1e5c1a22f8a28d2531faab0bb5c603477c4a11f0774f7281df5212d77f MIRROR_FILES=5 MIRROR_BYTES=16798 MIRROR_SHA256=5641905b771a50a659aede9a7ecbbe94c51f745120fc13e5884888e57f55bbaf IDB_WAL_BYTES=142542 MIRROR_WAL_BYTES=16045
  ✓ 死亡窗口静止（3 秒间隔两次文件哈希相同；此期间没有任何写入者）

## [3] timepoint C (启动恢复完成后)
IDB_STATE_SHA256=0625aacabcd5068a
BYTES=2443
file: IDB_FILES=5 IDB_BYTES=143392 IDB_SHA256=7933e0a49563ff03a3b1bebf7a46ee02c3609c1f5bbb490a7d727e5a7ef32eff MIRROR_FILES=5 MIRROR_BYTES=16798 MIRROR_SHA256=b6a5de1abef0105ac1500d9ebeb6ac3f6d74f143a921394187f7251217462597 IDB_WAL_BYTES=142561 MIRROR_WAL_BYTES=16045
PAGE={"items":2,"projects":1,"title":"P2C 复验事项","status":"loaded","reason":"authoritative","backend":"idb","writesAllowed":true,"blockedWriteCount":0,"nativeBlocked":0,"mirrorLen":2443,"mirrorSha16":"0625aacabcd5068a","panel":false}

## [3] 判定
  ✓ 记录级哈希 A==C（0625aacabcd5068a）：冷启动后权威记录与启动前逐字节一致 ⇒ 未被空快照覆盖
  WAL 字节：142504 -> 142561（相对 A 时点累计 +57 B；**逐轮增量**见下面这一行）
  ✓ 追加记录为**空标记**（OPS=0，RECORD_KIND=EMPTY_MARKER）：零键操作、序号不前进 ⇒ 本轮冷启动没有产生任何提交

## 复验结束 2026-09-22T11:09:00+0800
OVERALL=PASS
