
== A. 生产组合清单从 index.html 推导（未知脚本 / 缺文件 / 顺序 / 加载期依赖） ==
  ✓ index.html 的脚本集合与顺序与契约逐项相符（11 支）
  ✓ 全部脚本形状合法且文件存在
  ✓ app-core.js 是最后一支（它在 IIFE 开头就取全局模块）
  ✓ 全部 4 条加载期依赖在真实生产顺序里都成立（不只是第一条）

== A2. 反向对照：坏清单必须被明确判错（不是「长度对不上」） ==
  ✓ 顺序倒置 ⇒ 报 load-order（真实后果：截止保护只剩 p24 一个阶段）
  ✓ 未知脚本 ⇒ 报 unknown-script
  ✓ 缺失文件 ⇒ 报 missing-file
  ✓ 日历原语被排到解析器之后 ⇒ 报 load-order:lib/parse-cn.js（新声明有牙齿）
  ✓ 日历原语整支缺席 ⇒ 报 missing-load-time-dependency:lib/parse-cn.js
  ✓ app-core 不在最后 ⇒ 同时报 app-core-not-last 与 lib-after-app-core
  ✓ 整份清单里没有 app-core ⇒ 报 missing-app-core
  ✓ 重复加载同一支 ⇒ 报 duplicate-script

== A3. 预缓存与打包链必须覆盖同一份清单（四件套的收口断言） ==
  ✓ sw.js 的 ASSETS 覆盖 index.html 加载的每一支脚本
  ✓ sw.js 的 ASSETS 里没有磁盘上不存在的条目
  ✓ scripts/sync-www.js 会把每支运行时脚本/目录复制进 www/

== A4. test-smoke.js / test-regressions.js 加载了哪些生产脚本（缺口必须是被声明的，不能是隐形的） ==
  ✓ 两套 harness 的加载清单都可从源码推导出来（不是空数组）
  ✓ test-smoke.js 加载的脚本都在生产清单里（没有自创/拼错的脚本名）
  ✓ test-smoke.js 相对生产组合的缺口恰好是 lib/native-reminders.js（有意的、已声明的缺席）
  ✓ test-smoke.js 的缺口被 coverageProblems 如实报成 unaccounted-production-script
  ✓ test-smoke.js 里 app-core.js 排在最后
  ✓ test-regressions.js 加载的脚本都在生产清单里（没有自创/拼错的脚本名）
  ✓ test-regressions.js 相对生产组合的缺口恰好是 lib/native-reminders.js（有意的、已声明的缺席）
  ✓ test-regressions.js 的缺口被 coverageProblems 如实报成 unaccounted-production-script
  ✓ test-regressions.js 里 app-core.js 排在最后
  ✓ 缺口有明确补位：本 harness（B 段）加载完整生产清单，含 lib/native-reminders.js
  ✓ 反向对照：只放一个**没有理由**的注入声明不算交代，仍然报错

== B. 生产组合在隔离上下文里加载同一顺序，导出与 ready 都要成立 ==
  ✓ 生产清单的 11 支脚本全部加载成功
  ✓ 应用 ready() === true（启动链跑到底）
  ✓ 测试钩子导出存在
  ✓ AttentionNativeReminders 是**真实现**（不是 undefined / 不是空对象）
  ✓ AttentionLib 带 Feedback 与 DeliveryEvidence 两套纯逻辑（app-core 的 FeedbackLib/EvidenceLib 来源）
  ✓ 解析器唯一来源：app-core.parseChineseTime === AttentionLib.parseChineseTime（同一函数对象，不是同名副本）
  ✓ 周期推进唯一来源：app-core.nextRepeatTrigger === AttentionLib.nextRepeatTrigger
  ✓ 周期标签唯一来源：app-core.repeatLabel === AttentionLib.repeatLabel
  ✓ 日历原语唯一来源：AttentionLib.DatePrimitives 存在且带两种 nthWeekdayOfNextMonth 语义
  ✓ app-core 暴露的两种 nthWeekdayOfNextMonth 直接来自该命名空间（没有中间副本）
  ✓ 反向对照：抽掉 lib/date-utils.js 后 parse-cn/repeat 求值即失败（不再静默换一套日历算法）
  ✓ 隔离上下文里 window 就是全局对象本身（平台 mock 与模块看到同一个 Capacitor）
  ✓ IDB 后端真的被用上了（证明 app-core 抓到的 Lib 是加载进沙箱的那一份）
  ✓ 反向对照：去掉 lib/native-reminders.js 后应用仍然 ready（缺口是静默的，必须靠清单判定拦住）
  ✓ 反向对照：去掉之后 AttentionNativeReminders 确实是 undefined（app-core 只能走 `|| {}` 降级）
  ✓ 反向对照：覆盖判定把它报成 unaccounted-production-script（不是「数量对不上」）
  ✓ 反向对照：app-core 在 lib 之前时不抛错（所以只能靠清单顺序判定拦住）
  ✓ 反向对照：顺序倒置后 app-core 抓到的 Lib 是空的 ⇒ 存储后端没建起来（IDB 一次都没写）
  ✓ 反向对照：证据模块也就位不了 ⇒ 详情页「提醒结果」这一行直接消失
  ✓ 反向对照：顺序判定同时报出 app-core-not-last

== B2. P1 装配闸门：唯一来源矩阵闭合，缺模块时明确失败且不进入业务启动 ==
  ✗ app-core 引用的每个 Lib/DatePrimitives 符号都在必需导出声明表里（矩阵闭合） — [{"path":"AppUi.createUi","lines":[30,31]}]
  ✓ 声明表本身非空且至少覆盖日期原语与解析器（防止「把表删空」也能过）
  ✗ 反向对照：新增一个未声明的 Lib.brandNewThing 引用 ⇒ 闭合判定报出来 — [{"path":"AppUi.createUi","lines":[30,31]},{"path":"brandNewThing","lines":[309,309]}]
  ✗ 反向对照：注释里的 Lib.commentOnlyThing 不被误报（剥注释真的生效） — [{"path":"AppUi.createUi","lines":[30,31]}]
  ✓ 正向：完整生产组合下启动闸门无问题（startupFailure() === null）
  ✓ 正向：完整生产组合下 ready() === true
  ✓ 正向：闸门声明表通过测试钩子可读、且条目数与源码一致
  ✓ 反例：抽掉 lib/parse-cn.js ⇒ ready() 明确失败（false），不是挂起也不是假装成功
  ✓ 反例：startupFailure() 点名是 parseChineseTime 缺失（且说明后果）
  ✓ 反例：未读库/未迁移 ⇒ IDB 一次都没写（不会出现「以为保存了」的界面）
  ✓ 反例：未启动业务定时器 ⇒ 既没有 15 秒心跳、也没有 2 秒闹钟轮询
  ✓ 反例：失败面板真的被插进了首页容器（不是只 console.error）
  ✓ 反例：日志侧也有记录（「有可见面板」与「有可查日志」两件事都成立）
  ✓ 反例：未做持久化状态恢复 ⇒ state.items 仍为空（没有半套数据被用起来）
  ✓ 反例：抽掉 lib/feedback.js ⇒ ready 失败且点名 Feedback
  ✓ 反例：抽掉 lib/storage.js ⇒ ready 失败且点名 createStorage
  ✓ 反例：日历原语被排到解析器之后 ⇒ 求值即报 eval-failed（顺序错的后果可见）
  ✓ 反例：顺序错时闸门同样拦住启动（ready=false，且点名 DatePrimitives 缺失）
  ✓ 反例：顺序错时不读库、不起业务定时器
  ✓ 边界：没有原生桥时闸门**不**报错（纯 Web 是正常状态，不是缺 JS 模块）
  ✓ 反例：抽掉 lib/ui-format.js ⇒ ready 失败且点名 UiFormat
  ✓ 反例：抽掉 lib/ui-format.js 后不读库、不起业务定时器
  ✓ 反例：lib/ui-format.js 排到 lib/date-utils.js 之前 ⇒ 求值即报 eval-failed
  ✓ 反例：顺序错时闸门拦住启动并点名 UiFormat
  ✗ 反例：抽掉 lib/app-ui.js ⇒ ready 失败且点名 AppUi / AppUi.createUi — ["AppUi","AppUi.safeExternalHref"]
  ✓ 反例：抽掉 lib/app-ui.js 后不读库、不起业务定时器、不落库
  ✓ 反例：抽掉 lib/app-ui.js 后仍然渲染出可见失败面板（缺的正是 DOM 能力，不能因此静默）
  ✓ 反例：抽掉 lib/app-ui.js 后失败面板里没有可编辑控件
  ✓ 反例：面板上真的写出了「哪一支没起来」（点名 AppUi），不是只 console.error
  ✓ 正向：正常组合下展示能力实例真的可用（不是「绑定存在」而是「能调用」）

== C. 可控 Android 桥：真实初始化与生命周期入口 ==
  ✓ 原生初始化注册了本地通知动作类型（监听注册这一幕真的发生了）
  ✓ 通知渠道被建起来（ensureChannels 走到了）
  ✓ 本地通知监听注册了 `localNotificationActionPerformed` 与 `localNotificationReceived`
  ✓ App 的 appStateChange 监听注册成功（回前台补偿的入口）
  ✓ 启动时至少做过一轮原生对账（forceRebuild 那一次）
  ✓ 15 秒心跳与 2 秒闹钟轮询都装上了

== C2. O2：业务保存 → 恰好一轮对账；**内部记账不再自激下一轮** ==
  ✓ 一次业务保存 = 恰好一轮对账（不是两轮）
  ✓ 首次对账排下了全屏闹钟（关键档首投走闹钟通道）
  ✓ 普通提醒通道也照常排程
  ✓ 排程台账被记进已提交快照（业务侧真的收到了结果）
  ✓ 提醒三态台账登记了这一轮的键，且都带有限值的 roundBase
  ✓ 轮次身份是**同一个**（= 登记时事项的触发起点），不是每条各自的 at
  ✓ 后续追提醒的 at 已经推后，但 roundBase 仍是那一轮的起点（R-F06 的判据）
  ✓ 静置 500ms 期间**没有**新增对账（内部记账不再自激下一轮）
  ✓ 静置期间也没有新增桥调用

== C3. 相同计划再对账：允许一轮对账，但不许重排 ==
  ✓ 第二次保存（计划未变）确实又对账了一轮
  ✓ 同一计划的第二轮**不重排全屏闹钟**（签名差量生效）
  ✓ 同一计划的第二轮也不重排普通提醒
  ✓ 第二轮不误撤闹钟

== C4. 改期：旧排程撤销 + 新排程落下 ==
  ✓ 改期后旧闹钟被撤销（不留下幽灵闹钟）
  ✓ 改期后按新时刻重新排下闹钟
  ✓ 新排程用的是**新**时刻（业务改变后最终计划正确）

== C5. 失败保留重试：排程失败不入账，桥恢复后下一轮补排（不谎报已排） ==
  ✓ 排程失败的那一条**没有**被记进排程台账（不入账才可能重试）
  ✓ 失败时既有的那条闹钟仍被保留（不因另一次失败把它忘掉）
  ✓ 失败没有让对账整体崩掉（异常被收进 status，没有逃逸出 API）
  ✓ 桥恢复后下一轮把那条补排上（失败保留重试闭环）
  ✓ 补排真的调到了桥（不是只改台账）

== C6. addListener 两种返回契约（真机同步句柄 / 官方 Promise）都要能启动 ==
  ✓ 同步句柄契约下 ready() === true（init 未被同步异常打断）
  ✓ 同步句柄契约下监听确实注册过
  ✓ Promise 契约下 ready() === true
  ✓ Promise 契约下监听确实注册过
  ✓ 两种契约下都真的排起了原生链路（不是「没抛错」这么弱的判据）

== C7. O5：正常保存的序列化计数（同一份独立快照给两个消费者） ==
  ✓ 一次保存只有 **1 次**全量 JSON.parse
  ✓ 两次 stringify 各自都有出处：① 生成 json 载荷 ② localStorage 镜像序列化
  ✓ 镜像仍然照写（不能为了少一次 parse 把镜像去掉）
  ✓ 权威后端（IDB）上确实落到了这次提交
  ✓ （前置）提交确实停在半路（put 已发出，事务还没完成）
  ✓ 落库的是**提交时刻**的独立快照（在途改内存没混进去）
  ✓ 在途新增的事项没有被塞进这次提交（不是把活数组直接交给后端）

== C8. O5：提交失败不得提前发布已提交快照（旧投递不被误停） ==
  ✓ 权威提交失败被如实上报（不是静默成功）
  ✓ 失败时权威后端上没有写入这次内容
  ✓ 未提交的终态没有被当成已提交 ⇒ 旧投递**没有**被误停
  ✓ 面板把这条在途投递作为「待处理」展示出来
  ✓ 提交成功后已提交快照才更新 ⇒ 旧投递被停掉
  ✓ 真实生命周期入口 visibilitychange 也被接上了（不是只有桥回调）

== D. O7：默认空首页一次启动只做**一次**必要的首页 DOM 构建 ==
  ✓ 空启动：#homeDue 只被重写 1 次
  ✓ 空启动：#homeActive / #homeEmpty / #homeStart 各只被重写 1 次
  ✓ 空首页确实是安静态（空态文案 + 「记一件事」入口）
  ✓ 末尾 tick 仍然执行（心跳与轮询都装上了）
  ✓ 持久数据启动 ready() 为真，且老数据被恢复出来
  ✓ 到期事项在启动当期就被推进为 due（没有等到 15 秒后的那一拍）
  ✓ 持久数据启动：#homeDue 只被重写 1 次
  ✓ 持久数据启动：那张到期卡片就在这一次构建里渲染出来（data-id 已在 DOM 里）
  ✓ 持久数据启动：#homeActive / #homeEmpty / #homeStart 也各只被重写 1 次

== D2. O6：1000 条「已看到未完成」折叠时生成 0 张隐藏卡片 ==
  ✓ 折叠态 #homeActive 里一张 `<article>` 都没有
  ✓ 折叠态仍然给出数量入口（数量、文案、展开动作都在）
  ✓ 折叠态 HTML 体积与卡片数无关（148 字节量级，而不是 600KB 量级）
  ✓ 渲染计数佐证：折叠态生成的 active 卡片数 = 0
  ✓ 展开后按当前状态生成全部 1000 张卡片
  ✓ 展开后没有 hidden 属性（卡片真的可见）
  ✓ 收起后这些卡片节点被释放（#homeActive 里重新变成 0 张）

== E. O3：危险协议没有可点击入口；含引号 ID 不突破属性（走持久化 → normalizeItem → 渲染真实路径） ==
  ✓ 13 条带链接的事项都进入「需要注意」并渲染出来（对照有效）
  ✓ 危险协议一次都没进 href（大小写 / 前导空白 / 内嵌换行 / data / vbscript / file 全覆盖）
  ✓ 所有可点击 href 都是 https:（白名单以外一个都不放行）
  ✓ 危险或畸形链接没有生成可点击的 <a class="linkish">（11 条都不行）
  ✓ 危险或畸形链接以纯文本节点呈现（linkish-plain 计 11 个）
  ✓ 解析器明确拒绝的畸形 IPv6 / percent encoding / 端口没有被兼容正则二次放行
  ✓ 纯文本仍然是**转义后**的（data: 那一条的 <script> 变成了 &lt;script&gt;）
  ✓ 危险值仍然原样留在 it.url 里（降级呈现 ≠ 删用户内容）
  ✓ 正常 HTTPS 仍然可点击，且 href 里的 & 被转义成 &amp;
  ✓ 含引号的 ID 在 data-id 里被转义（裸引号不能出现，否则能闭合属性）
  ✓ 含引号的 ID 没有在 HTML 里留下**裸**的 onmouseover=" 属性
  ✓ 含引号的 ID 也没有以原始形态出现在任何位置
  ✓ 含引号的 ID 在动作按钮上也同样被转义
  ✓ 含引号的 ID 本身没有被改写（不顺带重编号、不删除重复 ID）

== F. O4：100/500/2000 项 × 空台账 / 满台账，不再逐目标整表扫描（含优化前后对照） ==
  ✓ n=100 空台账：**0 次**对大数组（≥64）的 find（整表扫描已消除）
  ✓ n=100 空台账：也没有任何变化需要落库（没有借性能改动顺手改语义）
  ✓ n=100 满台账：同样 **0 次**大数组 find（索引建一次、查 n 次）
  ✓ n=100 满台账：业务结果正确（100 条都登记成当前轮的 scheduled）
  ✓ n=500 空台账：**0 次**对大数组（≥64）的 find（整表扫描已消除）
  ✓ n=500 空台账：也没有任何变化需要落库（没有借性能改动顺手改语义）
  ✓ n=500 满台账：同样 **0 次**大数组 find（索引建一次、查 n 次）
  ✓ n=500 满台账：业务结果正确（500 条都登记成当前轮的 scheduled）
  ✓ n=2000 空台账：**0 次**对大数组（≥64）的 find（整表扫描已消除）
  ✓ n=2000 空台账：也没有任何变化需要落库（没有借性能改动顺手改语义）
  ✓ n=2000 满台账：同样 **0 次**大数组 find（索引建一次、查 n 次）
  ✓ n=2000 满台账：业务结果正确（2000 条都登记成当前轮的 scheduled）
  ✓ 对照（编辑前 app-core.js，n=2000 空台账）：确实在做逐目标整表扫描
  ✓ 对照（本轮 app-core.js，n=2000 空台账）：比较次数降到 0
  ✓ 对照结论可复算：编辑前 ≈ n²/2 量级，本轮为 0（同一数据、同一调用）
  ✓ 对照两侧的业务结果一致（都判定为「无变化」）

== F2. O4：重复 ID 首项胜、cancelled / delivered / suppressed / roundBase 语义逐条保留 ==
  ✓ 重复 ID：登记落在**首项**上（首项胜语义没被索引改成末项覆盖）
  ✓ delivered 是终态：后续对账不抹掉真实送达证据
  ✓ suppressed 是终态：撤销完成时的抑制不会被对账抹掉
  ✓ cancelled：原生确认撤销（且撤销在投递时刻之前）被如实记账
  ✓ roundBase：没有新登记时，旧条目的轮次身份原样保留（不能被改写成当前轮）
  ✓ 截止台账：delivered 终态保留
  ✓ 截止台账：原生确认撤销 → cancelled（不谎报送达、也不补发）
  ✓ 截止台账：delivered / cancelled 两类记录都还在（没有借性能改动清除旧证据）

== G. O6：无显示变化的一拍不重写容器；时间 / 数量 / 展开状态变了必须重建 ==
  ✓ 首拍：真的渲染出了卡片，且文案是「1 小时后」
  ✓ 无显示变化的一拍：#homeDue **一次都没被重写**（不是「重写了相同内容」）
  ✓ 无显示变化的一拍：记为 skipped，builds 不增
  ✓ 无显示变化的一拍：容器内容逐字节相同 ⇒ 卡片节点没有被替换（焦点/滚动/忙碌态因此不受影响）
  ✓ 跨日文案变化：容器被重建（不是只有 rev 变了才更新）
  ✓ 重建后的文案确实换了（1 小时后 → 3 天后）
  ✓ 新增一条到期事项 → 重建，并且卡片数是 2
  ✓ 折叠态：入口只有数量，没有卡片
  ✓ 展开状态变化 ⇒ 重建（展开后卡片出现）
  ✓ #homeReview 连续两拍无变化 ⇒ 容器不重写（它本来每拍都会被调一次）
  ✓ #homeReview 数量真的变了 ⇒ 立刻重建（不滞后）
  ✓ 启动期 #homeNotice 只被写 1 次（原先每读一次原生状态就重写一次同一段内容）
  ✓ 启动期 #homeSetup 只被写 1 次
  ✓ 总开关默认关闭 ⇒ 告知条给的是「后台提醒已关闭」，不是权限话术（Q6 的既有结论）
  ✓ 优先级：总开关关闭 + 权限被拒 → 说的是「开关」，不是「去授权」
  ✓ 优先级：总开关打开 + 权限被拒 → 才是权限话术
  ✓ 链路正常（权限给了、对账没报错）→ 没有告知条
  ✓ 结论**没变**（仍被总开关话术遮住）⇒ 容器不重写，也没被误升级成权限警告
  ✓ 结论真的变了 ⇒ 立刻更新（不滞后）
  ✓ 同一结论重复到达 3 次 ⇒ 容器一次都没被重写（内容相同就不重建）
  ✓ 断链消失 ⇒ 告知条被清空（权限恢复后警告不残留）
  ✓ 清空之后再次到达同一结论 ⇒ 仍然不重写

== G2. O6：首页签名保留数组与字段边界，用户内容不能制造碰撞 ==
  ✓ ["work,home"] → ["work", "home"]：无需重载就重建为两个标签
  ✓ 字段中出现旧 SEP 字符也不会把 title/note 边界混在一起
  ✓ 项目字段中出现旧 ROW 字符也不会把相邻项目边界混在一起
  ✓ 结构化签名在内容不变时仍保持短路，不牺牲原优化

== H. O7：深链 / 分享入口不为满足「1 次」而丢功能，也不先渲染一次首页再切走 ==
  ✓ 深链 ?tab=future：ready 且路由生效
  ✓ 深链 ?tab=future：futureSeg 被落到 waiting（保留原语义）
  ✓ 深链 ?tab=future：首页三个卡片容器一次都没被渲染（不是「先渲染首页再切走」）
  ✓ 深链 ?tab=future：末尾 tick 仍然执行（心跳没被路由分支吞掉）
  ✓ 分享参数：ready 且被路由回首页
  ✓ 分享参数：标题确实进了表单（捕获发生在初始化里，不是被渲染短路掉）
  ✓ 分享参数：首页容器各只写 1 次（捕获与渲染合并成一次）

========== 生产组合启动测试结果 ==========
通过: 204  失败: 4
失败项:
  - app-core 引用的每个 Lib/DatePrimitives 符号都在必需导出声明表里（矩阵闭合） — [{"path":"AppUi.createUi","lines":[30,31]}]
  - 反向对照：新增一个未声明的 Lib.brandNewThing 引用 ⇒ 闭合判定报出来 — [{"path":"AppUi.createUi","lines":[30,31]},{"path":"brandNewThing","lines":[309,309]}]
  - 反向对照：注释里的 Lib.commentOnlyThing 不被误报（剥注释真的生效） — [{"path":"AppUi.createUi","lines":[30,31]}]
  - 反例：抽掉 lib/app-ui.js ⇒ ready 失败且点名 AppUi / AppUi.createUi — ["AppUi","AppUi.safeExternalHref"]

EXIT_CODE=1
