反向对照：把新实现的默认时长改成 2500 ⇒ 能被报出差异 = true
自检：同一实现连跑两遍轨迹一致 = true
自检：轨迹里出现过非空 DOM 状态 = true，出现过挂起定时器 = true

场景数：16，比对字段项：590
发现 13 处差异（前 10 条）：
  ✗ toast：无动作 / 步骤 0「toast 无动作」 挂起定时器
      oracle = [2400]
      next   = [2500]
  ✗ toast：无动作 / 步骤 1「手动 hideToast」 挂起定时器
      oracle = [2400]
      next   = [2500]
  ✗ toast：second 形状不合法（无 label） / 步骤 0「second 无 label」 挂起定时器
      oracle = [2400]
      next   = [2500]
  ✗ toast：second 形状不合法（无 label） / 步骤 1「second 为 null」 挂起定时器
      oracle = [2400]
      next   = [2500]
  ✗ toast：连续两次（前一个定时器必须被撤） / 步骤 0「第一次（挂起 [2400]）」 步骤标签
      oracle = 第一次（挂起 [2400]）
      next   = 第一次（挂起 [2500]）
  ✗ toast：连续两次（前一个定时器必须被撤） / 步骤 0「第一次（挂起 [2400]）」 挂起定时器
      oracle = [2400]
      next   = [2500]
  ✗ toast：连续两次（前一个定时器必须被撤） / 步骤 1「第二次（挂起 [2400]）」 步骤标签
      oracle = 第二次（挂起 [2400]）
      next   = 第二次（挂起 [2500]）
  ✗ toast：连续两次（前一个定时器必须被撤） / 步骤 1「第二次（挂起 [2400]）」 挂起定时器
      oracle = [2400]
      next   = [2500]
  ✗ toast：时长口径（默认 / 有动作 / 显式指定） / 步骤 0「无动作 ⇒ [2400]」 步骤标签
      oracle = 无动作 ⇒ [2400]
      next   = 无动作 ⇒ [2500]
  ✗ toast：时长口径（默认 / 有动作 / 显式指定） / 步骤 0「无动作 ⇒ [2400]」 挂起定时器
      oracle = [2400]
      next   = [2500]

结果：搬移改变了行为（FAIL）

EXIT_CODE=1
