
== A. 生产组合清单从 index.html 推导（未知脚本 / 缺文件 / 顺序 / 加载期依赖） ==
  ✗ index.html 的脚本集合与顺序与契约逐项相符（11 支） — ["lib/date-utils.js","lib/ui-format.js","lib/parse-cn.js","lib/repeat.js","lib/reminder.js","lib/storage.js","lib/feedback.js","lib/delivery-evidence.js","lib/native-reminders.js","app-core.js"]
  ✓ 全部脚本形状合法且文件存在
  ✓ app-core.js 是最后一支（它在 IIFE 开头就取全局模块）
  ✓ 全部 4 条加载期依赖在真实生产顺序里都成立（不只是第一条）

== A2. 反向对照：坏清单必须被明确判错（不是「长度对不上」） ==
  ✓ 顺序倒置 ⇒ 报 load-order（真实后果：截止保护只剩 p24 一个阶段）
  ✓ 未知脚本 ⇒ 报 unknown-script
  ✓ 缺失文件 ⇒ 报 missing-file
  ✓ 日历原语被排到解析器之后 ⇒ 报 load-order:lib/parse-cn.js（新声明有牙齿）
  ✓ 日历原语整支缺席 ⇒ 报 missing-load-time-dependency:lib/parse-cn.js
  ✓ app-core 不在最后 ⇒ 同时报 app-core-not-last 与 lib-after-app-core
  ✓ 整份清单里没有 app-core ⇒ 报 missing-app-core
  ✓ 重复加载同一支 ⇒ 报 duplicate-script

== A3. 预缓存与打包链必须覆盖同一份清单（四件套的收口断言） ==
  ✓ sw.js 的 ASSETS 覆盖 index.html 加载的每一支脚本
  ✓ sw.js 的 ASSETS 里没有磁盘上不存在的条目
  ✓ scripts/sync-www.js 会把每支运行时脚本/目录复制进 www/

== A4. test-smoke.js / test-regressions.js 加载了哪些生产脚本（缺口必须是被声明的，不能是隐形的） ==
  ✓ 两套 harness 的加载清单都可从源码推导出来（不是空数组）
  ✗ test-smoke.js 加载的脚本都在生产清单里（没有自创/拼错的脚本名） — ["lib/app-ui.js"]
  ✓ test-smoke.js 相对生产组合的缺口恰好是 lib/native-reminders.js（有意的、已声明的缺席）
  ✓ test-smoke.js 的缺口被 coverageProblems 如实报成 unaccounted-production-script
  ✓ test-smoke.js 里 app-core.js 排在最后
  ✗ test-regressions.js 加载的脚本都在生产清单里（没有自创/拼错的脚本名） — ["lib/app-ui.js"]
  ✓ test-regressions.js 相对生产组合的缺口恰好是 lib/native-reminders.js（有意的、已声明的缺席）
  ✓ test-regressions.js 的缺口被 coverageProblems 如实报成 unaccounted-production-script
  ✓ test-regressions.js 里 app-core.js 排在最后
  ✗ 缺口有明确补位：本 harness（B 段）加载完整生产清单，含 lib/native-reminders.js
  ✓ 反向对照：只放一个**没有理由**的注入声明不算交代，仍然报错

== B. 生产组合在隔离上下文里加载同一顺序，导出与 ready 都要成立 ==
  ✗ 生产清单的 11 支脚本全部加载成功 — []
  ✗ 应用 ready() === true（启动链跑到底）
  ✓ 测试钩子导出存在
  ✓ AttentionNativeReminders 是**真实现**（不是 undefined / 不是空对象）
  ✓ AttentionLib 带 Feedback 与 DeliveryEvidence 两套纯逻辑（app-core 的 FeedbackLib/EvidenceLib 来源）
  ✓ 解析器唯一来源：app-core.parseChineseTime === AttentionLib.parseChineseTime（同一函数对象，不是同名副本）
  ✓ 周期推进唯一来源：app-core.nextRepeatTrigger === AttentionLib.nextRepeatTrigger
  ✓ 周期标签唯一来源：app-core.repeatLabel === AttentionLib.repeatLabel
  ✓ 日历原语唯一来源：AttentionLib.DatePrimitives 存在且带两种 nthWeekdayOfNextMonth 语义
  ✓ app-core 暴露的两种 nthWeekdayOfNextMonth 直接来自该命名空间（没有中间副本）
  ✓ 反向对照：抽掉 lib/date-utils.js 后 parse-cn/repeat 求值即失败（不再静默换一套日历算法）
  ✓ 隔离上下文里 window 就是全局对象本身（平台 mock 与模块看到同一个 Capacitor）
  ✗ IDB 后端真的被用上了（证明 app-core 抓到的 Lib 是加载进沙箱的那一份） — idb puts=0
  ✗ 反向对照：去掉 lib/native-reminders.js 后应用仍然 ready（缺口是静默的，必须靠清单判定拦住）
  ✓ 反向对照：去掉之后 AttentionNativeReminders 确实是 undefined（app-core 只能走 `|| {}` 降级）
  ✓ 反向对照：覆盖判定把它报成 unaccounted-production-script（不是「数量对不上」）
  ✓ 反向对照：app-core 在 lib 之前时不抛错（所以只能靠清单顺序判定拦住）
  ✓ 反向对照：顺序倒置后 app-core 抓到的 Lib 是空的 ⇒ 存储后端没建起来（IDB 一次都没写）
  ✓ 反向对照：证据模块也就位不了 ⇒ 详情页「提醒结果」这一行直接消失
  ✓ 反向对照：顺序判定同时报出 app-core-not-last

== B2. P1 装配闸门：唯一来源矩阵闭合，缺模块时明确失败且不进入业务启动 ==
  ✓ app-core 引用的每个 Lib/DatePrimitives 符号都在必需导出声明表里（矩阵闭合）
  ✓ 声明表本身非空且至少覆盖日期原语与解析器（防止「把表删空」也能过）
  ✓ 反向对照：新增一个未声明的 Lib.brandNewThing 引用 ⇒ 闭合判定报出来
  ✓ 反向对照：注释里的 Lib.commentOnlyThing 不被误报（剥注释真的生效）
  ✗ 正向：完整生产组合下启动闸门无问题（startupFailure() === null） — [{"path":"AppUi","expected":"object","actual":"undefined","why":"lib/app-ui.js 未加载 —— DOM 查询/弹层/toast/确认框全部失效：界面看似能渲染，但点不动、也没有任何反馈"},{"path":"AppUi.createUi","expected":"function","actual":"undefined","why":"lib/app-ui.js 导出被破坏（展示能力装配入口）"},{"path":"AppUi.safeExternalHref","expected":"function","actual":"undefined","why":"lib/app-ui.js 导出被破坏 —— 外链协议白名单失效：`javascript:` / `data:` 这类用户数据可能被渲染成可点 href"}]
  ✗ 正向：完整生产组合下 ready() === true
  ✓ 正向：闸门声明表通过测试钩子可读、且条目数与源码一致
  ✓ 反例：抽掉 lib/parse-cn.js ⇒ ready() 明确失败（false），不是挂起也不是假装成功
  ✓ 反例：startupFailure() 点名是 parseChineseTime 缺失（且说明后果）
  ✓ 反例：未读库/未迁移 ⇒ IDB 一次都没写（不会出现「以为保存了」的界面）
  ✓ 反例：未启动业务定时器 ⇒ 既没有 15 秒心跳、也没有 2 秒闹钟轮询
  ✓ 反例：失败面板真的被插进了首页容器（不是只 console.error）
  ✓ 反例：日志侧也有记录（「有可见面板」与「有可查日志」两件事都成立）
  ✓ 反例：未做持久化状态恢复 ⇒ state.items 仍为空（没有半套数据被用起来）
  ✓ 反例：抽掉 lib/feedback.js ⇒ ready 失败且点名 Feedback
  ✓ 反例：抽掉 lib/storage.js ⇒ ready 失败且点名 createStorage
  ✓ 反例：日历原语被排到解析器之后 ⇒ 求值即报 eval-failed（顺序错的后果可见）
  ✓ 反例：顺序错时闸门同样拦住启动（ready=false，且点名 DatePrimitives 缺失）
  ✓ 反例：顺序错时不读库、不起业务定时器
  ✗ 边界：没有原生桥时闸门**不**报错（纯 Web 是正常状态，不是缺 JS 模块） — [{"path":"AppUi","expected":"object","actual":"undefined","why":"lib/app-ui.js 未加载 —— DOM 查询/弹层/toast/确认框全部失效：界面看似能渲染，但点不动、也没有任何反馈"},{"path":"AppUi.createUi","expected":"function","actual":"undefined","why":"lib/app-ui.js 导出被破坏（展示能力装配入口）"},{"path":"AppUi.safeExternalHref","expected":"function","actual":"undefined","why":"lib/app-ui.js 导出被破坏 —— 外链协议白名单失效：`javascript:` / `data:` 这类用户数据可能被渲染成可点 href"}]
  ✓ 反例：抽掉 lib/ui-format.js ⇒ ready 失败且点名 UiFormat
  ✓ 反例：抽掉 lib/ui-format.js 后不读库、不起业务定时器
  ✓ 反例：lib/ui-format.js 排到 lib/date-utils.js 之前 ⇒ 求值即报 eval-failed
  ✓ 反例：顺序错时闸门拦住启动并点名 UiFormat
  ✓ 反例：抽掉 lib/app-ui.js ⇒ ready 失败且点名 AppUi / AppUi.createUi
  ✓ 反例：抽掉 lib/app-ui.js 后不读库、不起业务定时器、不落库
  ✓ 反例：抽掉 lib/app-ui.js 后仍然渲染出可见失败面板（缺的正是 DOM 能力，不能因此静默）
  ✓ 反例：抽掉 lib/app-ui.js 后失败面板里没有可编辑控件
  ✓ 反例：面板上真的写出了「哪一支没起来」（点名 AppUi），不是只 console.error
  ✗ 正向：正常组合下展示能力实例真的可用（不是「绑定存在」而是「能调用」） — {"hasQuery":false,"hasQueryAll":false,"hasSheet":false,"hasCloseSheet":false,"hasCloseAllSheets":false,"hasConfirm":false,"hasToast":false,"hasHideToast":false,"hasSafeHref":false,"hrefHttps":"MISSING","hrefJs":"MISSING","hrefTab":"MISSING"}

== C. 可控 Android 桥：真实初始化与生命周期入口 ==
  ✗ 原生初始化注册了本地通知动作类型（监听注册这一幕真的发生了）
  ✗ 通知渠道被建起来（ensureChannels 走到了）
  ✗ 本地通知监听注册了 `localNotificationActionPerformed` 与 `localNotificationReceived` — []
  ✗ App 的 appStateChange 监听注册成功（回前台补偿的入口）
  ✗ 启动时至少做过一轮原生对账（forceRebuild 那一次） — {"totalRequests":0,"runs":0,"deduped":0,"bySource":{}}
  ✗ 15 秒心跳与 2 秒闹钟轮询都装上了 — []

== C2. O2：业务保存 → 恰好一轮对账；**内部记账不再自激下一轮** ==
  ✗ 一次业务保存 = 恰好一轮对账（不是两轮） — {"totalRequests":1,"runs":0,"deduped":0,"bySource":{"save":1}}
  ✗ 首次对账排下了全屏闹钟（关键档首投走闹钟通道） — scheduleAlarm+0
  ✗ 普通提醒通道也照常排程
  ✗ 排程台账被记进已提交快照（业务侧真的收到了结果）
  ✗ 提醒三态台账登记了这一轮的键，且都带有限值的 roundBase — {}
  ✗ 轮次身份是**同一个**（= 登记时事项的触发起点），不是每条各自的 at — roundBase=undefined soon=1789934944755
  ✗ 后续追提醒的 at 已经推后，但 roundBase 仍是那一轮的起点（R-F06 的判据）
  ✗ 静置 500ms 期间**没有**新增对账（内部记账不再自激下一轮） — {"totalRequests":1,"runs":0,"deduped":0,"bySource":{"save":1}}
  ✗ 静置期间也没有新增桥调用 — scheduleAlarm=0

== C3. 相同计划再对账：允许一轮对账，但不许重排 ==
app-core.js:1628
    const host = $("#homeNotice");
                 ^

TypeError: $ is not a function
    at renderHomeNotice (app-core.js:1628:18)
    at setNativeReminderStatus (app-core.js:4561:5)
    at syncNativeRemindersNow (app-core.js:4915:7)

Node.js v22.22.2

EXIT_CODE=1
