=== GIT INFO ===
HEAD: 3574824357dc7beb04cbd3e32aa413cd508e8484
origin/main: 3574824357dc7beb04cbd3e32aa413cd508e8484
Status:
 M app-core.js
 M index.html
 M lib/native-reminders.js
 M lib/parse-cn.js
 M lib/repeat.js
 M lib/storage.js
 M package.json
 D scripts/verification/parse-parity.js
 M scripts/verification/production-scripts.js
 M sw.js
 M test-boot-combination.js
 M test-native-reminders.js
 M test-regressions.js
 M test-smoke.js
 M test-unit.js
?? docs/handoff/2026-09-21-app-core-modularization-plan.md
?? docs/handoff/2026-09-22-p2d-app-diagnostics-extraction-plan.md
?? docs/handoff/2026-09-22-p2e-app-setup-extraction-plan.md
?? docs/handoff/2026-09-22-p2f1-app-content-extraction-plan.md
?? docs/handoff/2026-09-22-p2f2-app-views-extraction-plan.md
?? docs/handoff/2026-09-22-p2g1-app-capture-form-extraction-plan.md
?? docs/handoff/2026-09-22-p2g2-app-capture-submit-extraction-plan.md
?? docs/handoff/2026-09-22-p3a-app-model-extraction-plan.md
?? docs/handoff/2026-09-22-p3b-app-persistence-extraction-plan.md
?? docs/handoff/2026-09-22-p3c-app-transaction-extraction-plan.md
?? docs/handoff/2026-09-23-p3d-app-items-extraction-plan.md
?? docs/reviews/code-optimization-device-acceptance-20260920T183614.md
?? docs/reviews/directboot-locked-route-and-control-closure-2026-09-19.md
?? docs/reviews/foreground-system-banner-implementation-2026-09-19.md
?? docs/reviews/oppo-current-build-live-verification-2026-09-19.md
?? docs/reviews/repair-plan-background-delivery-2026-09-20.md
?? docs/reviews/repair-plan-device-blockers-2026-09-20.md
?? docs/reviews/verification-runs/20260919-foreground-banner-cold/
?? docs/reviews/verification-runs/20260919-foreground-banner-off/
?? docs/reviews/verification-runs/20260919-foreground-banner-other/
?? docs/reviews/verification-runs/20260919-n4-device/
?? docs/reviews/verification-runs/20260919-n4-window/
?? docs/reviews/verification-runs/20260919-oppo-cold-diag/
?? docs/reviews/verification-runs/20260919-oppo-connect-baseline/
?? docs/reviews/verification-runs/20260919-oppo-current-build-full/
?? docs/reviews/verification-runs/20260919-oppo-current-cold/
?? docs/reviews/verification-runs/20260919-oppo-current-off/
?? docs/reviews/verification-runs/20260919-oppo-current-other/
?? docs/reviews/verification-runs/20260919-oppo-interaction/
?? docs/reviews/verification-runs/20260919-oppo-warm-control/
?? docs/reviews/verification-runs/20260919-oppo2-asleep/
?? docs/reviews/verification-runs/20260919-oppo2-cold/
?? docs/reviews/verification-runs/20260919-oppo3-asleep/
?? docs/reviews/verification-runs/20260919-oppo3-bg/
?? docs/reviews/verification-runs/20260919-oppo3-cold/
?? docs/reviews/verification-runs/20260919-u2-delivered-writer/
?? docs/reviews/verification-runs/20260919-u3-autostart-landing/
?? docs/reviews/verification-runs/20260919-vivo-candidate/
?? docs/reviews/verification-runs/20260919T043348Z-device-verify/
?? docs/reviews/verification-runs/20260919T043405Z-device-verify/
?? docs/reviews/verification-runs/20260919T051023Z-device-verify/
?? docs/reviews/verification-runs/20260919T054627Z-device-verify/
?? docs/reviews/verification-runs/20260919T071920Z-device-verify/
?? docs/reviews/verification-runs/20260919T103321Z-audit-remediation/
?? docs/reviews/verification-runs/20260920-code-optimization-baseline/
?? docs/reviews/verification-runs/20260920-independent-code-optimization/
?? docs/reviews/verification-runs/20260920-independent-repair-review/
?? docs/reviews/verification-runs/20260920T115939-full-device/
?? docs/reviews/verification-runs/20260920T124045-bg-diag/
?? docs/reviews/verification-runs/20260920T152214Z-grilling-followup/
?? docs/reviews/verification-runs/20260920T154419Z-grilling-main-device/
?? docs/reviews/verification-runs/20260920T1706-code-optimization/baseline-npm-test.log
?? docs/reviews/verification-runs/20260920T1706-code-optimization/diff-app-core.js.patch
?? docs/reviews/verification-runs/20260920T1706-code-optimization/diff-native-reminders.js.patch
?? docs/reviews/verification-runs/20260920T1706-code-optimization/final-npm-test.log
?? docs/reviews/verification-runs/20260920T1706-code-optimization/perf-counts.json
?? docs/reviews/verification-runs/20260920T1706-code-optimization/perf-counts.log
?? docs/reviews/verification-runs/20260920T1706-code-optimization/pre-edit/index.html
?? docs/reviews/verification-runs/20260920T1706-code-optimization/pre-edit/native-reminders.js
?? docs/reviews/verification-runs/20260920T1706-code-optimization/pre-edit/test-regressions.js
?? docs/reviews/verification-runs/20260920T1706-code-optimization/pre-edit/test-smoke.js
?? docs/reviews/verification-runs/20260920T1706-code-optimization/repo-state-end.txt
?? docs/reviews/verification-runs/20260920T1706-code-optimization/script-combination-check.txt
?? docs/reviews/verification-runs/20260920T1706-code-optimization/source-hashes.txt
?? docs/reviews/verification-runs/20260920T181826-code-optimization-repair/
?? docs/reviews/verification-runs/20260920T183614-code-optimization-repair-device-debug/
?? docs/reviews/verification-runs/20260921T0230-app-core-modularization/
?? docs/reviews/verification-runs/20260921T033332-independent-modularization/
?? docs/reviews/verification-runs/20260921T0411-f01f02f03-rework/
?? docs/reviews/verification-runs/20260921T042905-independent-f01f02f03-recheck/
?? docs/reviews/verification-runs/20260921T050350-independent-alias-recheck/
?? docs/reviews/verification-runs/20260921T052806-independent-guard-recheck/
?? docs/reviews/verification-runs/20260921T0530-alias-fail-closed/
?? docs/reviews/verification-runs/20260921T0535-guard-fail-closed/
?? docs/reviews/verification-runs/20260921T0545-array-contract/
?? docs/reviews/verification-runs/20260921T060755-independent-array-contract-recheck/
?? docs/reviews/verification-runs/20260921T0900-p2a-app-ai-extraction/
?? docs/reviews/verification-runs/20260921T090750-independent-p2a-app-ai-recheck/
?? docs/reviews/verification-runs/20260921T1330-p2c-app-backup-extraction/
?? docs/reviews/verification-runs/20260921T134843-independent-p2c-backup-recheck/
?? docs/reviews/verification-runs/20260921T1425-g01g02-import-reliability/
?? docs/reviews/verification-runs/20260921T154157-independent-g01g02-recheck/
?? docs/reviews/verification-runs/20260921T1610-p2c-device-closure/
?? docs/reviews/verification-runs/20260921T2355-p2cr-authority-gate/
?? docs/reviews/verification-runs/20260922T-p2d-app-diagnostics-extraction/
?? docs/reviews/verification-runs/20260922T-p2f1-app-content-extraction/
?? docs/reviews/verification-runs/20260922T-p2f2-app-views-extraction/
?? docs/reviews/verification-runs/20260922T-p2g1-independent-recheck/
?? docs/reviews/verification-runs/20260922T-p2g2-app-capture-submit/
?? docs/reviews/verification-runs/20260922T-p2g2-independent-recheck/
?? docs/reviews/verification-runs/20260922T-p3a-app-model/
?? docs/reviews/verification-runs/20260922T-p3b-app-persistence/
?? docs/reviews/verification-runs/20260922T-p3c-app-transaction/
?? docs/reviews/verification-runs/20260922T001914-independent-p2cr-recheck/
?? docs/reviews/verification-runs/20260922T0055-p2cr-mirror-failclosed/
?? docs/reviews/verification-runs/20260922T1030-p2cr2-device-recheck/
?? docs/reviews/verification-runs/20260922T110036-independent-p2cr2-recheck/
?? docs/reviews/verification-runs/20260922T1130-evidence-script-gaps/
?? docs/reviews/verification-runs/20260922T114349-independent-evidence-gaps-recheck/
?? docs/reviews/verification-runs/20260922T124205-independent-import-format-audit/
?? docs/reviews/verification-runs/20260922T1304-p2cs-import-format-hardening/
?? docs/reviews/verification-runs/20260922T134219-independent-p2cs-recheck/
?? docs/reviews/verification-runs/20260922T1400-p2cs-b1-iso-time-fix/
?? docs/reviews/verification-runs/20260922T142800-independent-p2cs-b1-android-recheck/
?? docs/reviews/verification-runs/20260922T160029-independent-p2d-recheck/
?? docs/reviews/verification-runs/20260922T165355-p2e-app-setup-extraction/
?? docs/reviews/verification-runs/20260922T165911-independent-p2e-recheck/
?? docs/reviews/verification-runs/20260922T172519-independent-p2f1-recheck/
?? docs/reviews/verification-runs/20260922T195213-independent-p2f2-recheck/
?? docs/reviews/verification-runs/20260922T202253-independent-p2f2-final/
?? docs/reviews/verification-runs/20260922T215022-p3a-independent-recheck/
?? docs/reviews/verification-runs/20260922T225137-p3b-independent-recheck/
?? docs/reviews/verification-runs/20260923T0735-p3c-independent-recheck/
?? docs/reviews/verification-runs/20260923T073920Z-device-verify/
?? docs/reviews/verification-runs/20260923T073944Z-device-verify/
?? docs/reviews/verification-runs/20260923T074216Z-device-verify/
?? docs/reviews/verification-runs/20260923T074444Z-device-verify/
?? docs/reviews/verification-runs/20260923T0800-p3c-repair/
?? docs/reviews/verification-runs/20260923T0803-p3cr-independent-recheck/
?? docs/reviews/verification-runs/20260923T0915-p3d-app-items/
?? docs/reviews/verification-runs/20260923T0923-p3d-independent-recheck/
?? docs/reviews/verification-runs/20260923T1000-p3e-app-native-coordinator/
?? docs/reviews/verification-runs/20260923T1014-p3e-independent-recheck/
?? docs/reviews/verification-runs/20260923T1055-p3e-repair/
?? docs/reviews/verification-runs/20260923T1104-p3er-independent-recheck/
?? docs/reviews/verification-runs/20260923T1115-p3er-delivery-closure/
?? docs/reviews/verification-runs/20260923T112233-p3er-delivery-independent-recheck/
?? docs/reviews/verification-runs/20260923T1135-p3f-app-review/
?? docs/reviews/verification-runs/20260923T120439-p3f-independent-recheck/
?? docs/reviews/verification-runs/20260923T1330-p3fr-delivery-closure/
?? docs/reviews/verification-runs/20260923T134748-p3fr-independent-recheck/
?? docs/reviews/verification-runs/20260923T1405-p3g-alerts-extraction/
?? docs/reviews/verification-runs/20260923T1455-p3g-independent-recheck/
?? docs/reviews/verification-runs/20260923T1540-p3g-device-verification/
?? docs/reviews/verification-runs/20260923T1553-p3gr-independent-recheck/
?? docs/reviews/verification-runs/20260923T1605-p3gr-delivery-closure/
?? docs/reviews/verification-runs/20260923T1630-p3gr-independent-recheck/
?? docs/reviews/verification-runs/20260923T1719-p3h-platform-extraction/
?? docs/reviews/verification-runs/20260923T1726-p3h-independent-recheck/
?? docs/reviews/verification-runs/20260923T1745-p3hr-delivery/
?? docs/reviews/verification-runs/20260923T1756-p3hr-independent-recheck/
?? docs/reviews/verification-runs/20260923T1852-p3hr2-delivery/
?? docs/reviews/verification-runs/20260923T1858-p3hr2-independent-recheck/
?? docs/reviews/verification-runs/20260923T1910-p3i-delivery/
?? docs/reviews/verification-runs/20260923T2243-p3i-independent-recheck/
?? docs/reviews/verification-runs/20260923T2336-p3ir-delivery/
?? docs/reviews/verification-runs/20260924T0909-p3ir-independent-recheck/
?? docs/reviews/verification-runs/20260924T0950-u1-snooze-entry-fix/
?? docs/reviews/verification-runs/20260924T1011-u1-independent-recheck/
?? docs/reviews/verification-runs/20260924T1035-p3iq2-detail-status/
?? docs/reviews/verification-runs/20260924T1112-p3iq2-independent-recheck/
?? docs/reviews/verification-runs/20260924T1405-p4-device-delivery/
?? lib/app-action-feedback.js
?? lib/app-ai.js
?? lib/app-alerts.js
?? lib/app-backup.js
?? lib/app-capture.js
?? lib/app-content.js
?? lib/app-diagnostics.js
?? lib/app-events.js
?? lib/app-items.js
?? lib/app-model.js
?? lib/app-native-coordinator.js
?? lib/app-notices.js
?? lib/app-persistence.js
?? lib/app-platform.js
?? lib/app-review.js
?? lib/app-setup.js
?? lib/app-test-api.js
?? lib/app-transaction.js
?? lib/app-ui.js
?? lib/app-views.js
?? lib/date-utils.js
?? lib/ui-format.js
?? releases/Reminder-Release-1.0.apk
?? releases/Reminder-Release-1.1.apk
?? releases/candidates/
?? "releases/\345\256\211\345\277\203\346\224\266\344\273\266\347\256\261-Release-1.0.apk"
?? "releases/\345\256\211\345\277\203\346\224\266\344\273\266\347\256\261-Release-1.1.apk"
?? "releases/\345\256\211\345\277\203\346\224\266\344\273\266\347\256\261-release.apk"
?? scripts/idb-state-hash.py
?? scripts/idb-wal-inspect.py
?? scripts/verification/__pycache__/
?? scripts/verification/_p2f2_extract.py
?? scripts/verification/browser-alerts-check.py
?? scripts/verification/browser-capture-check.py
?? scripts/verification/browser-content-check.py
?? scripts/verification/browser-diagnostics-check.py
?? scripts/verification/browser-import-format-check.py
?? scripts/verification/browser-platform-check.py
?? scripts/verification/browser-recovery-check.py
?? scripts/verification/browser-review-check.py
?? scripts/verification/browser-setup-check.py
?? scripts/verification/browser-views-check.py
?? scripts/verification/core-inventory.js
?? scripts/verification/device-storage-hash.sh
?? scripts/verification/idb-wal-delta.py
?? scripts/verification/idb-wal-size.sh
?? scripts/verification/idb-write-caller.py
?? scripts/verification/idb-write-probe.py
?? scripts/verification/module-map-gen.js
?? scripts/verification/p2cr-coldstart-rounds.sh
?? scripts/verification/p2cr-failure-state-probe.py
?? scripts/verification/p2cr-idb-fault-inject.sh
?? scripts/verification/p2cr-kill-modes.sh
?? scripts/verification/p2e-mutation-tests.js
?? scripts/verification/p2f1-mutation-tests.js
?? scripts/verification/p2f2-mutation-tests.js
?? scripts/verification/p2g1-mutation-tests.js
?? scripts/verification/p2g2-mutation-tests.js
?? scripts/verification/p3a-model-tests.js
?? scripts/verification/p3b-persistence-tests.js
?? scripts/verification/p3c-transaction-tests.js
?? scripts/verification/p3d-items-tests.js
?? scripts/verification/p3e-coordinator-tests.js
?? scripts/verification/p3f-review-tests.js
?? scripts/verification/p3g-alerts-tests.js
?? scripts/verification/p3g-device-verify.py
?? scripts/verification/p3h-device-verify.py
?? scripts/verification/p3h-platform-tests.js
?? scripts/verification/p3i-device-verify.py
?? scripts/verification/p3i-modularization-tests.js
?? scripts/verification/parse-single-source.js
?? scripts/verification/replay-counterexamples.js
?? scripts/verification/ui-dom-parity.js
?? scripts/verification/ui-format-parity.js

=== RELEVANT FILES SHA-256 ===
51d0517c000faec9697744399710604fcdd5318d1e6bbcbb79232972efd30ece  app-core.js
3d4a03abaea02d4656d88c305627a3a90ea8e3115a5c5777f56c69079db7120a  sw.js
7f4f3db226bfe74af38744ea6b76140a9607c6e45e8674afe6e911253db1ba42  index.html
c3dcaaf7e8ce790d40c427a1ce9d5a6ca48b771e416f60f216636b8a980c9ad4  lib/app-views.js
dffc0c55a3b17f78d8441f944fc2578f976b16fe3213c05fe4771019934238bd  lib/app-events.js
97ed1941dcfc264f20435ebe19c959e73f7559634fc71bb275dcb4180017b247  lib/app-platform.js
2befd9c599ed14cca6b668ccefba51f5c9817624bbd4d6eb54e600c5fc89bca3  lib/app-notices.js
3e514b7fdde0a4f3028eb4da5a690bf2a1e507e7f2c97296945925d588471136  lib/app-alerts.js
3de9902b0cb97d3159b5c710a1698908211189c7de71861caf69637b0f30948f  lib/app-native-coordinator.js
e807599395caa4f0a69e13ab957a43bd6d377d5dbab682c32c121c4a7a4be519  lib/app-items.js
7ee77186881d8462450c8fe8a550840647ec9d7626c259fb9e29768290062d03  lib/delivery-evidence.js
723f218c68866309f364e1e71968eb3efc6ae8b9b85aea7e211c878bee6e031b  lib/native-reminders.js
9643ea2f938393897b0252025e9b5301a46093f40d553646a7e0248aaa042f9e  releases/candidates/20260924T1035-p3iq2-detail-status-candidate/app-debug.apk

=== DEVICE INFO ===
Device Serial: 10ACBF2D3D000RS
Android Release: 16
Model: V2238A
Manufacturer: vivo
Users:
Users:
	UserInfo{0:机主:4c13} running
	UserInfo{666:XSpace User:80001010} running
Package Path:
package:/data/app/~~b-v18SRL8oHobSrhFYAD1g==/space.alliswell.inbox-HFbFwxJqJEfPJU1Fd7ZHMw==/base.apk
On-device Base APK SHA-256:
c949ad2861bd47680a29384d4f4bdc8a69a594473a366936a9eb239ca8bac7a3  /data/app/~~b-v18SRL8oHobSrhFYAD1g==/space.alliswell.inbox-HFbFwxJqJEfPJU1Fd7ZHMw==/base.apk
