[2026-09-29 00:59:05] [1790614745174] [S4-1] === S4: 开启方向回归 [S4-1] start ===
[2026-09-29 00:59:05] [1790614745232] [S4-1] Setting 智能控制后台耗电 to establish pre-condition...
[2026-09-29 00:59:25] [1790614764466] [S4-1-prep] Tswitch=1790614764414 tapping 智能控制后台耗电 at (306, 743)
[2026-09-29 00:59:30] [1790614769571] [S4-1-prep] after mode: 智能控制后台耗电
[2026-09-29 00:59:36] [1790614776125] [S4-1] BACK #3: app resumed, t_resume=1790614776090, topResumedActivity=ActivityRecord{211475866 u0 space.alliswell.inbox/.MainActivity t162 d0}
[2026-09-29 00:59:41] [1790614780597] [S4-1] Pre-state: ignoring=False, homeEmpty=False
[2026-09-29 01:00:00] [1790614799828] [S4-1-toggle] Tswitch=1790614799751 tapping 允许后台耗电 at (258, 988)
[2026-09-29 01:00:05] [1790614804980] [S4-1-toggle] after mode: 允许后台耗电
[2026-09-29 01:00:15] [1790614814933] [S4-1] BACK #4: app resumed, t_resume=1790614814884, topResumedActivity=ActivityRecord{211475866 u0 space.alliswell.inbox/.MainActivity t162 d0}
[2026-09-29 01:00:15] [1790614814968] [S4-1] Tswitch=1790614799751, Tresume=1790614814884 (back x4)
[2026-09-29 01:00:31] [1790614830602] [S4-1] Total diagnose calls in window: 5
[2026-09-29 01:00:31] [1790614830662] [S4-1]   Call #1: t=1790614781376 (+-33.508s from resume) ignoring=False stack=    at window.Capacitor.Plugins.SystemBridge.diagnose (<anonymous>:7:18) |     at Object.getPermissionState (https://localhost/lib/native-reminders.js:793:32) |     at https://localhost/lib/app-native-coordinator.js:423:35
[2026-09-29 01:00:31] [1790614830715] [S4-1]   Call #2: t=1790614814809 (+-0.075s from resume) ignoring=True stack=    at window.Capacitor.Plugins.SystemBridge.diagnose (<anonymous>:7:18) |     at Object.getPermissionState (https://localhost/lib/native-reminders.js:793:32) |     at Object.onResume (https://localhost/lib/app-native-coordinator.js:566:42)
[2026-09-29 01:00:31] [1790614830758] [S4-1]   Call #3: t=1790614815005 (+0.121s from resume) ignoring=True stack=    at window.Capacitor.Plugins.SystemBridge.diagnose (<anonymous>:7:18) |     at getPermissionState (https://localhost/lib/native-reminders.js:793:32) |     at Object.reconcile (https://localhost/lib/native-reminders.js:1005:31)
[2026-09-29 01:00:31] [1790614830798] [S4-1]   Call #4: t=1790614816369 (+1.485s from resume) ignoring=True stack=    at window.Capacitor.Plugins.SystemBridge.diagnose (<anonymous>:7:18) |     at Object.getPermissionState (https://localhost/lib/native-reminders.js:793:32) |     at https://localhost/lib/app-native-coordinator.js:423:35
[2026-09-29 01:00:31] [1790614830841] [S4-1]   Call #5: t=1790614819869 (+4.985s from resume) ignoring=True stack=    at window.Capacitor.Plugins.SystemBridge.diagnose (<anonymous>:7:18) |     at Object.getPermissionState (https://localhost/lib/native-reminders.js:793:32) |     at https://localhost/lib/app-native-coordinator.js:423:35
[2026-09-29 01:00:31] [1790614830879] [S4-1] S4 Analysis: {"t_ref": 1790614814884, "after_calls": [{"t": 1790614815005, "endT": 1790614815012, "ignoring": true, "stack": "    at window.Capacitor.Plugins.SystemBridge.diagnose (<anonymous>:7:18) |     at getPermissionState (https://localhost/lib/native-reminders.js:793:32) |     at Object.reconcile (https://localhost/lib/native-reminders.js:1005:31)"}, {"t": 1790614816369, "endT": 1790614816384, "ignoring": true, "stack": "    at window.Capacitor.Plugins.SystemBridge.diagnose (<anonymous>:7:18) |     at Object.getPermissionState (https://localhost/lib/native-reminders.js:793:32) |     at https://localhost/lib/app-native-coordinator.js:423:35"}, {"t": 1790614819869, "endT": 1790614819884, "ignoring": true, "stack": "    at window.Capacitor.Plugins.SystemBridge.diagnose (<anonymous>:7:18) |     at Object.getPermissionState (https://localhost/lib/native-reminders.js:793:32) |     at https://localhost/lib/app-native-coordinator.js:423:35"}], "first_sample": {"t": 1790614814898, "homeEmpty": true, "homeText": "", "sheetOpen": false, "bgDone": true, "ignoring": true, "rr": {"c": 14, "last": 1790614743272}, "diagMon": {"callCount": 47, "lastCall": {"t": 1790614814809, "endT": 1790614814868, "ignoring": true, "stack": "    at window.Capacitor.Plugins.SystemBridge.diagnose (<anonymous>:7:18) |     at Object.getPermissionState (https://localhost/lib/native-reminders.js:793:32) |     at Object.onResume (https://localhost/lib/app-native-coordinator.js:566:42)"}}}, "first_ignoring_false_sample": null, "first_ignoring_true_sample": {"t": 1790614814898, "homeEmpty": true, "homeText": "", "sheetOpen": false, "bgDone": true, "ignoring": true, "rr": {"c": 14, "last": 1790614743272}, "diagMon": {"callCount": 47, "lastCall": {"t": 1790614814809, "endT": 1790614814868, "ignoring": true, "stack": "    at window.Capacitor.Plugins.SystemBridge.diagnose (<anonymous>:7:18) |     at Object.getPermissionState (https://localhost/lib/native-reminders.js:793:32) |     at Object.onResume (https://localhost/lib/app-native-coordinator.js:566:42)"}}}, "first_home_card_sample": null, "first_home_empty_sample": {"t": 1790614814898, "homeEmpty": true, "homeText": "", "sheetOpen": false, "bgDone": true, "ignoring": true, "rr": {"c": 14, "last": 1790614743272}, "diagMon": {"callCount": 47, "lastCall": {"t": 1790614814809, "endT": 1790614814868, "ignoring": true, "stack": "    at window.Capacitor.Plugins.SystemBridge.diagnose (<anonymous>:7:18) |     at Object.getPermissionState (https://localhost/lib/native-reminders.js:793:32) |     at Object.onResume (https://localhost/lib/app-native-coordinator.js:566:42)"}}}}
[2026-09-29 01:00:31] [1790614830934] [S4-1] === S4: 开启方向回归 [S4-1] end ===
[2026-09-29 01:00:48] [1790614848198] [S4-2] === S4: 开启方向回归 [S4-2] start ===
[2026-09-29 01:00:48] [1790614848267] [S4-2] Setting 智能控制后台耗电 to establish pre-condition...
[2026-09-29 01:01:08] [1790614867362] [S4-2-prep] Tswitch=1790614867310 tapping 智能控制后台耗电 at (306, 743)
[2026-09-29 01:01:13] [1790614872522] [S4-2-prep] after mode: 智能控制后台耗电
[2026-09-29 01:01:19] [1790614879229] [S4-2] BACK #3: app resumed, t_resume=1790614879189, topResumedActivity=ActivityRecord{211475866 u0 space.alliswell.inbox/.MainActivity t162 d0}
[2026-09-29 01:01:21] [1790614880734] [S4-3] === S4: 开启方向回归 [S4-3] start ===
[2026-09-29 01:01:23] [1790614882671] [S4-3] Pre-state: ignoring=False, homeEmpty=False
[2026-09-29 01:01:23] [1790614883170] [S4-2] Pre-state: ignoring=False, homeEmpty=False
[2026-09-29 01:01:42] [1790614901684] [S4-3-toggle] Tswitch=1790614901639 tapping 允许后台耗电 at (258, 988)
[2026-09-29 01:01:47] [1790614906813] [S4-3-toggle] after mode: 允许后台耗电
[2026-09-29 01:01:54] [1790614913460] [S4-3] BACK #3: app resumed, t_resume=1790614913406, topResumedActivity=ActivityRecord{211475866 u0 space.alliswell.inbox/.MainActivity t162 d0}
[2026-09-29 01:01:54] [1790614913494] [S4-3] Tswitch=1790614901639, Tresume=1790614913406 (back x3)
[2026-09-29 01:02:09] [1790614929219] [S4-3] Total diagnose calls in window: 5
[2026-09-29 01:02:09] [1790614929265] [S4-3]   Call #1: t=1790614884377 (+-29.029s from resume) ignoring=False stack=    at window.Capacitor.Plugins.SystemBridge.diagnose (<anonymous>:7:18) |     at Object.getPermissionState (https://localhost/lib/native-reminders.js:793:32) |     at https://localhost/lib/app-native-coordinator.js:423:35
[2026-09-29 01:02:09] [1790614929315] [S4-3]   Call #2: t=1790614913339 (+-0.067s from resume) ignoring=True stack=    at window.Capacitor.Plugins.SystemBridge.diagnose (<anonymous>:7:18) |     at Object.getPermissionState (https://localhost/lib/native-reminders.js:793:32) |     at Object.onResume (https://localhost/lib/app-native-coordinator.js:566:42)
[2026-09-29 01:02:10] [1790614929374] [S4-3]   Call #3: t=1790614913528 (+0.122s from resume) ignoring=True stack=    at window.Capacitor.Plugins.SystemBridge.diagnose (<anonymous>:7:18) |     at getPermissionState (https://localhost/lib/native-reminders.js:793:32) |     at Object.reconcile (https://localhost/lib/native-reminders.js:1005:31)
[2026-09-29 01:02:10] [1790614929425] [S4-3]   Call #4: t=1790614914920 (+1.514s from resume) ignoring=True stack=    at window.Capacitor.Plugins.SystemBridge.diagnose (<anonymous>:7:18) |     at Object.getPermissionState (https://localhost/lib/native-reminders.js:793:32) |     at https://localhost/lib/app-native-coordinator.js:423:35
[2026-09-29 01:02:10] [1790614929463] [S4-3]   Call #5: t=1790614918420 (+5.014s from resume) ignoring=True stack=    at window.Capacitor.Plugins.SystemBridge.diagnose (<anonymous>:7:18) |     at Object.getPermissionState (https://localhost/lib/native-reminders.js:793:32) |     at https://localhost/lib/app-native-coordinator.js:423:35
[2026-09-29 01:02:10] [1790614929509] [S4-3] S4 Analysis: {"t_ref": 1790614913406, "after_calls": [{"t": 1790614913528, "endT": 1790614913532, "ignoring": true, "stack": "    at window.Capacitor.Plugins.SystemBridge.diagnose (<anonymous>:7:18) |     at getPermissionState (https://localhost/lib/native-reminders.js:793:32) |     at Object.reconcile (https://localhost/lib/native-reminders.js:1005:31)"}, {"t": 1790614914920, "endT": 1790614914934, "ignoring": true, "stack": "    at window.Capacitor.Plugins.SystemBridge.diagnose (<anonymous>:7:18) |     at Object.getPermissionState (https://localhost/lib/native-reminders.js:793:32) |     at https://localhost/lib/app-native-coordinator.js:423:35"}, {"t": 1790614918420, "endT": 1790614918438, "ignoring": true, "stack": "    at window.Capacitor.Plugins.SystemBridge.diagnose (<anonymous>:7:18) |     at Object.getPermissionState (https://localhost/lib/native-reminders.js:793:32) |     at https://localhost/lib/app-native-coordinator.js:423:35"}], "first_sample": {"t": 1790614913428, "homeEmpty": true, "homeText": "", "sheetOpen": false, "bgDone": true, "ignoring": true, "rr": {"c": 14, "last": 1790614743272}, "diagMon": {"callCount": 56, "lastCall": {"t": 1790614913339, "endT": 1790614913418, "ignoring": true, "stack": "    at window.Capacitor.Plugins.SystemBridge.diagnose (<anonymous>:7:18) |     at Object.getPermissionState (https://localhost/lib/native-reminders.js:793:32) |     at Object.onResume (https://localhost/lib/app-native-coordinator.js:566:42)"}}}, "first_ignoring_false_sample": null, "first_ignoring_true_sample": {"t": 1790614913428, "homeEmpty": true, "homeText": "", "sheetOpen": false, "bgDone": true, "ignoring": true, "rr": {"c": 14, "last": 1790614743272}, "diagMon": {"callCount": 56, "lastCall": {"t": 1790614913339, "endT": 1790614913418, "ignoring": true, "stack": "    at window.Capacitor.Plugins.SystemBridge.diagnose (<anonymous>:7:18) |     at Object.getPermissionState (https://localhost/lib/native-reminders.js:793:32) |     at Object.onResume (https://localhost/lib/app-native-coordinator.js:566:42)"}}}, "first_home_card_sample": null, "first_home_empty_sample": {"t": 1790614913428, "homeEmpty": true, "homeText": "", "sheetOpen": false, "bgDone": true, "ignoring": true, "rr": {"c": 14, "last": 1790614743272}, "diagMon": {"callCount": 56, "lastCall": {"t": 1790614913339, "endT": 1790614913418, "ignoring": true, "stack": "    at window.Capacitor.Plugins.SystemBridge.diagnose (<anonymous>:7:18) |     at Object.getPermissionState (https://localhost/lib/native-reminders.js:793:32) |     at Object.onResume (https://localhost/lib/app-native-coordinator.js:566:42)"}}}}
[2026-09-29 01:02:10] [1790614929557] [S4-3] === S4: 开启方向回归 [S4-3] end ===
