
DevTools listening on ws://127.0.0.1:18772/devtools/browser/41d7d7be-2d6e-49fa-b0f8-e4232f16da81
Trying to load the allocator multiple times. This is *not* supported.
[17155:1573610:0921/135011.519557:ERROR:ui/display/mac/cv_display_link_mac.mm:195] CVDisplayLinkCreateWithCGDisplay failed. CVReturn: -6670
[17155:1573610:0921/135011.522769:ERROR:ui/display/mac/cv_display_link_mac.mm:195] CVDisplayLinkCreateWithCGDisplay failed. CVReturn: -6670
[17155:1573610:0921/135011.523319:ERROR:ui/display/mac/cv_display_link_mac.mm:195] CVDisplayLinkCreateWithCGDisplay failed. CVReturn: -6670
[17155:1573610:0921/135011.523368:ERROR:ui/display/mac/cv_display_link_mac.mm:195] CVDisplayLinkCreateWithCGDisplay failed. CVReturn: -6670
[17155:1573610:0921/135011.523408:ERROR:ui/display/mac/cv_display_link_mac.mm:195] CVDisplayLinkCreateWithCGDisplay failed. CVReturn: -6670
[17155:1573610:0921/135011.523450:ERROR:ui/display/mac/cv_display_link_mac.mm:195] CVDisplayLinkCreateWithCGDisplay failed. CVReturn: -6670
[17155:1573610:0921/135011.572728:ERROR:ui/display/mac/cv_display_link_mac.mm:195] CVDisplayLinkCreateWithCGDisplay failed. CVReturn: -6670
[17155:1573610:0921/135011.575305:ERROR:ui/display/mac/cv_display_link_mac.mm:195] CVDisplayLinkCreateWithCGDisplay failed. CVReturn: -6670
[17155:1573610:0921/135011.576628:ERROR:ui/display/mac/cv_display_link_mac.mm:195] CVDisplayLinkCreateWithCGDisplay failed. CVReturn: -6670
[17155:1573610:0921/135011.576712:ERROR:ui/display/mac/cv_display_link_mac.mm:195] CVDisplayLinkCreateWithCGDisplay failed. CVReturn: -6670
[17155:1573610:0921/135011.576791:ERROR:ui/display/mac/cv_display_link_mac.mm:195] CVDisplayLinkCreateWithCGDisplay failed. CVReturn: -6670
[17156:1573601:0921/135011.767177:ERROR:net/socket/ssl_client_socket_impl.cc:949] handshake failed; returned -1, SSL error code 1, net_error -100
[17156:1573601:0921/135011.770036:ERROR:net/socket/ssl_client_socket_impl.cc:949] handshake failed; returned -1, SSL error code 1, net_error -100
[17156:1573601:0921/135011.773893:ERROR:net/socket/ssl_client_socket_impl.cc:949] handshake failed; returned -1, SSL error code 1, net_error -100
[17156:1573601:0921/135011.776213:ERROR:net/socket/ssl_client_socket_impl.cc:949] handshake failed; returned -1, SSL error code 1, net_error -100
[17156:1573601:0921/135011.781129:ERROR:net/socket/ssl_client_socket_impl.cc:949] handshake failed; returned -1, SSL error code 1, net_error -100
[17156:1573601:0921/135011.848224:ERROR:net/socket/ssl_client_socket_impl.cc:949] handshake failed; returned -1, SSL error code 1, net_error -100
[17156:1573601:0921/135011.854129:ERROR:net/socket/ssl_client_socket_impl.cc:949] handshake failed; returned -1, SSL error code 1, net_error -100
[17156:1573601:0921/135012.010210:ERROR:net/socket/ssl_client_socket_impl.cc:949] handshake failed; returned -1, SSL error code 1, net_error -100
[17156:1573601:0921/135012.046396:ERROR:net/socket/ssl_client_socket_impl.cc:949] handshake failed; returned -1, SSL error code 1, net_error -100
[17156:1573601:0921/135012.125972:ERROR:net/socket/ssl_client_socket_impl.cc:949] handshake failed; returned -1, SSL error code 1, net_error -100
[17156:1573601:0921/135012.126110:ERROR:net/socket/ssl_client_socket_impl.cc:949] handshake failed; returned -1, SSL error code 1, net_error -100
[17156:1573601:0921/135012.126176:ERROR:net/socket/ssl_client_socket_impl.cc:949] handshake failed; returned -1, SSL error code 1, net_error -100
[17156:1573601:0921/135012.146708:ERROR:net/socket/ssl_client_socket_impl.cc:949] handshake failed; returned -1, SSL error code 1, net_error -100
[17156:1573601:0921/135012.162047:ERROR:net/socket/ssl_client_socket_impl.cc:949] handshake failed; returned -1, SSL error code 1, net_error -100
[17156:1573601:0921/135012.369150:ERROR:net/socket/ssl_client_socket_impl.cc:949] handshake failed; returned -1, SSL error code 1, net_error -100
[17156:1573601:0921/135012.659995:ERROR:net/socket/ssl_client_socket_impl.cc:949] handshake failed; returned -1, SSL error code 1, net_error -100
[17156:1573601:0921/135012.952442:ERROR:net/socket/ssl_client_socket_impl.cc:949] handshake failed; returned -1, SSL error code 1, net_error -100
[17156:1573601:0921/135013.258534:ERROR:net/socket/ssl_client_socket_impl.cc:949] handshake failed; returned -1, SSL error code 1, net_error -100
[17156:1573601:0921/135013.495161:ERROR:net/socket/ssl_client_socket_impl.cc:949] handshake failed; returned -1, SSL error code 1, net_error -100
[17156:1573601:0921/135013.542492:ERROR:net/socket/ssl_client_socket_impl.cc:949] handshake failed; returned -1, SSL error code 1, net_error -100
[17155:1573610:0921/135013.609501:ERROR:ui/display/mac/cv_display_link_mac.mm:195] CVDisplayLinkCreateWithCGDisplay failed. CVReturn: -6670
[17155:1573610:0921/135013.662553:ERROR:ui/display/mac/cv_display_link_mac.mm:195] CVDisplayLinkCreateWithCGDisplay failed. CVReturn: -6670
[17155:1573610:0921/135013.687906:ERROR:ui/display/mac/cv_display_link_mac.mm:195] CVDisplayLinkCreateWithCGDisplay failed. CVReturn: -6670
[17155:1573610:0921/135013.715370:ERROR:ui/display/mac/cv_display_link_mac.mm:195] CVDisplayLinkCreateWithCGDisplay failed. CVReturn: -6670
[17155:1573610:0921/135013.737859:ERROR:ui/display/mac/cv_display_link_mac.mm:195] CVDisplayLinkCreateWithCGDisplay failed. CVReturn: -6670
[17155:1573610:0921/135013.773711:ERROR:ui/display/mac/cv_display_link_mac.mm:195] CVDisplayLinkCreateWithCGDisplay failed. CVReturn: -6670
[17155:1573610:0921/135013.797279:ERROR:ui/display/mac/cv_display_link_mac.mm:195] CVDisplayLinkCreateWithCGDisplay failed. CVReturn: -6670
[17156:1573601:0921/135013.950424:ERROR:net/socket/ssl_client_socket_impl.cc:949] handshake failed; returned -1, SSL error code 1, net_error -100
[17156:1573601:0921/135014.212572:ERROR:net/socket/ssl_client_socket_impl.cc:949] handshake failed; returned -1, SSL error code 1, net_error -100
[17147:1573545:0921/135015.162171:ERROR:google_apis/gcm/engine/registration_request.cc:291] Registration response error message: DEPRECATED_ENDPOINT
[17147:1573558:0921/135015.875032:ERROR:base/process/process_mac.cc:53] task_policy_set TASK_CATEGORY_POLICY: (os/kern) invalid argument (4)
[17147:1573558:0921/135015.875090:ERROR:base/process/process_mac.cc:98] task_policy_set TASK_SUPPRESSION_POLICY: (os/kern) invalid argument (4)
[17155:1573610:0921/135015.940660:ERROR:ui/display/mac/cv_display_link_mac.mm:195] CVDisplayLinkCreateWithCGDisplay failed. CVReturn: -6670
[17155:1573610:0921/135015.941738:ERROR:ui/display/mac/cv_display_link_mac.mm:195] CVDisplayLinkCreateWithCGDisplay failed. CVReturn: -6670
[17155:1573610:0921/135015.942229:ERROR:ui/display/mac/cv_display_link_mac.mm:195] CVDisplayLinkCreateWithCGDisplay failed. CVReturn: -6670
[17155:1573610:0921/135015.942306:ERROR:ui/display/mac/cv_display_link_mac.mm:195] CVDisplayLinkCreateWithCGDisplay failed. CVReturn: -6670
[17155:1573610:0921/135015.942363:ERROR:ui/display/mac/cv_display_link_mac.mm:195] CVDisplayLinkCreateWithCGDisplay failed. CVReturn: -6670
[17155:1573610:0921/135016.880183:ERROR:ui/display/mac/cv_display_link_mac.mm:195] CVDisplayLinkCreateWithCGDisplay failed. CVReturn: -6670
[17147:1573558:0921/135018.338051:ERROR:base/process/process_mac.cc:53] task_policy_set TASK_CATEGORY_POLICY: (os/kern) invalid argument (4)
[17147:1573558:0921/135018.338128:ERROR:base/process/process_mac.cc:98] task_policy_set TASK_SUPPRESSION_POLICY: (os/kern) invalid argument (4)
[17155:1573610:0921/135018.402598:ERROR:ui/display/mac/cv_display_link_mac.mm:195] CVDisplayLinkCreateWithCGDisplay failed. CVReturn: -6670
[17155:1573610:0921/135018.403412:ERROR:ui/display/mac/cv_display_link_mac.mm:195] CVDisplayLinkCreateWithCGDisplay failed. CVReturn: -6670
[17155:1573610:0921/135018.403962:ERROR:ui/display/mac/cv_display_link_mac.mm:195] CVDisplayLinkCreateWithCGDisplay failed. CVReturn: -6670
[17155:1573610:0921/135018.404031:ERROR:ui/display/mac/cv_display_link_mac.mm:195] CVDisplayLinkCreateWithCGDisplay failed. CVReturn: -6670
[17155:1573610:0921/135018.404087:ERROR:ui/display/mac/cv_display_link_mac.mm:195] CVDisplayLinkCreateWithCGDisplay failed. CVReturn: -6670
[17156:1573601:0921/135018.711115:ERROR:net/socket/ssl_client_socket_impl.cc:949] handshake failed; returned -1, SSL error code 1, net_error -100
[17147:1573558:0921/135019.875591:ERROR:base/process/process_mac.cc:53] task_policy_set TASK_CATEGORY_POLICY: (os/kern) invalid argument (4)
[17147:1573558:0921/135019.875672:ERROR:base/process/process_mac.cc:98] task_policy_set TASK_SUPPRESSION_POLICY: (os/kern) invalid argument (4)
[17155:1573610:0921/135019.938564:ERROR:ui/display/mac/cv_display_link_mac.mm:195] CVDisplayLinkCreateWithCGDisplay failed. CVReturn: -6670
[17155:1573610:0921/135019.939464:ERROR:ui/display/mac/cv_display_link_mac.mm:195] CVDisplayLinkCreateWithCGDisplay failed. CVReturn: -6670
[17155:1573610:0921/135019.939962:ERROR:ui/display/mac/cv_display_link_mac.mm:195] CVDisplayLinkCreateWithCGDisplay failed. CVReturn: -6670
[17155:1573610:0921/135019.940024:ERROR:ui/display/mac/cv_display_link_mac.mm:195] CVDisplayLinkCreateWithCGDisplay failed. CVReturn: -6670
[17155:1573610:0921/135019.940072:ERROR:ui/display/mac/cv_display_link_mac.mm:195] CVDisplayLinkCreateWithCGDisplay failed. CVReturn: -6670
[17147:1573558:0921/135021.400228:ERROR:base/process/process_mac.cc:53] task_policy_set TASK_CATEGORY_POLICY: (os/kern) invalid argument (4)
[17147:1573558:0921/135021.400325:ERROR:base/process/process_mac.cc:98] task_policy_set TASK_SUPPRESSION_POLICY: (os/kern) invalid argument (4)
[17155:1573610:0921/135021.465235:ERROR:ui/display/mac/cv_display_link_mac.mm:195] CVDisplayLinkCreateWithCGDisplay failed. CVReturn: -6670
[17155:1573610:0921/135021.466041:ERROR:ui/display/mac/cv_display_link_mac.mm:195] CVDisplayLinkCreateWithCGDisplay failed. CVReturn: -6670
[17155:1573610:0921/135021.466574:ERROR:ui/display/mac/cv_display_link_mac.mm:195] CVDisplayLinkCreateWithCGDisplay failed. CVReturn: -6670
[17155:1573610:0921/135021.466664:ERROR:ui/display/mac/cv_display_link_mac.mm:195] CVDisplayLinkCreateWithCGDisplay failed. CVReturn: -6670
[17155:1573610:0921/135021.466730:ERROR:ui/display/mac/cv_display_link_mac.mm:195] CVDisplayLinkCreateWithCGDisplay failed. CVReturn: -6670
[17147:1573558:0921/135022.934043:ERROR:base/process/process_mac.cc:53] task_policy_set TASK_CATEGORY_POLICY: (os/kern) invalid argument (4)
[17147:1573558:0921/135022.934123:ERROR:base/process/process_mac.cc:98] task_policy_set TASK_SUPPRESSION_POLICY: (os/kern) invalid argument (4)
[17155:1573610:0921/135022.996191:ERROR:ui/display/mac/cv_display_link_mac.mm:195] CVDisplayLinkCreateWithCGDisplay failed. CVReturn: -6670
[17155:1573610:0921/135022.997047:ERROR:ui/display/mac/cv_display_link_mac.mm:195] CVDisplayLinkCreateWithCGDisplay failed. CVReturn: -6670
[17155:1573610:0921/135022.997496:ERROR:ui/display/mac/cv_display_link_mac.mm:195] CVDisplayLinkCreateWithCGDisplay failed. CVReturn: -6670
[17155:1573610:0921/135022.997563:ERROR:ui/display/mac/cv_display_link_mac.mm:195] CVDisplayLinkCreateWithCGDisplay failed. CVReturn: -6670
[17155:1573610:0921/135022.997625:ERROR:ui/display/mac/cv_display_link_mac.mm:195] CVDisplayLinkCreateWithCGDisplay failed. CVReturn: -6670
[17147:1573558:0921/135024.464618:ERROR:base/process/process_mac.cc:53] task_policy_set TASK_CATEGORY_POLICY: (os/kern) invalid argument (4)
[17147:1573558:0921/135024.464706:ERROR:base/process/process_mac.cc:98] task_policy_set TASK_SUPPRESSION_POLICY: (os/kern) invalid argument (4)
[17155:1573610:0921/135024.529186:ERROR:ui/display/mac/cv_display_link_mac.mm:195] CVDisplayLinkCreateWithCGDisplay failed. CVReturn: -6670
[17155:1573610:0921/135024.530024:ERROR:ui/display/mac/cv_display_link_mac.mm:195] CVDisplayLinkCreateWithCGDisplay failed. CVReturn: -6670
[17155:1573610:0921/135024.530481:ERROR:ui/display/mac/cv_display_link_mac.mm:195] CVDisplayLinkCreateWithCGDisplay failed. CVReturn: -6670
[17155:1573610:0921/135024.530541:ERROR:ui/display/mac/cv_display_link_mac.mm:195] CVDisplayLinkCreateWithCGDisplay failed. CVReturn: -6670
[17155:1573610:0921/135024.530589:ERROR:ui/display/mac/cv_display_link_mac.mm:195] CVDisplayLinkCreateWithCGDisplay failed. CVReturn: -6670
Created TensorFlow Lite XNNPACK delegate for CPU.
[17147:1573558:0921/135025.981871:ERROR:base/process/process_mac.cc:53] task_policy_set TASK_CATEGORY_POLICY: (os/kern) invalid argument (4)
[17147:1573558:0921/135025.981902:ERROR:base/process/process_mac.cc:98] task_policy_set TASK_SUPPRESSION_POLICY: (os/kern) invalid argument (4)
[17155:1573610:0921/135026.039921:ERROR:ui/display/mac/cv_display_link_mac.mm:195] CVDisplayLinkCreateWithCGDisplay failed. CVReturn: -6670
[17155:1573610:0921/135026.040825:ERROR:ui/display/mac/cv_display_link_mac.mm:195] CVDisplayLinkCreateWithCGDisplay failed. CVReturn: -6670
[17155:1573610:0921/135026.041475:ERROR:ui/display/mac/cv_display_link_mac.mm:195] CVDisplayLinkCreateWithCGDisplay failed. CVReturn: -6670
[17155:1573610:0921/135026.041570:ERROR:ui/display/mac/cv_display_link_mac.mm:195] CVDisplayLinkCreateWithCGDisplay failed. CVReturn: -6670
[17155:1573610:0921/135026.041624:ERROR:ui/display/mac/cv_display_link_mac.mm:195] CVDisplayLinkCreateWithCGDisplay failed. CVReturn: -6670
[17147:1573558:0921/135027.486993:ERROR:base/process/process_mac.cc:53] task_policy_set TASK_CATEGORY_POLICY: (os/kern) invalid argument (4)
[17147:1573558:0921/135027.487019:ERROR:base/process/process_mac.cc:98] task_policy_set TASK_SUPPRESSION_POLICY: (os/kern) invalid argument (4)
[17155:1573610:0921/135027.542354:ERROR:ui/display/mac/cv_display_link_mac.mm:195] CVDisplayLinkCreateWithCGDisplay failed. CVReturn: -6670
[17155:1573610:0921/135027.543648:ERROR:ui/display/mac/cv_display_link_mac.mm:195] CVDisplayLinkCreateWithCGDisplay failed. CVReturn: -6670
[17155:1573610:0921/135027.544215:ERROR:ui/display/mac/cv_display_link_mac.mm:195] CVDisplayLinkCreateWithCGDisplay failed. CVReturn: -6670
[17155:1573610:0921/135027.544333:ERROR:ui/display/mac/cv_display_link_mac.mm:195] CVDisplayLinkCreateWithCGDisplay failed. CVReturn: -6670
[17155:1573610:0921/135027.544396:ERROR:ui/display/mac/cv_display_link_mac.mm:195] CVDisplayLinkCreateWithCGDisplay failed. CVReturn: -6670
[17147:1573558:0921/135029.011088:ERROR:base/process/process_mac.cc:53] task_policy_set TASK_CATEGORY_POLICY: (os/kern) invalid argument (4)
[17147:1573558:0921/135029.011188:ERROR:base/process/process_mac.cc:98] task_policy_set TASK_SUPPRESSION_POLICY: (os/kern) invalid argument (4)
[17155:1573610:0921/135029.074063:ERROR:ui/display/mac/cv_display_link_mac.mm:195] CVDisplayLinkCreateWithCGDisplay failed. CVReturn: -6670
[17155:1573610:0921/135029.074918:ERROR:ui/display/mac/cv_display_link_mac.mm:195] CVDisplayLinkCreateWithCGDisplay failed. CVReturn: -6670
[17155:1573610:0921/135029.075397:ERROR:ui/display/mac/cv_display_link_mac.mm:195] CVDisplayLinkCreateWithCGDisplay failed. CVReturn: -6670
[17155:1573610:0921/135029.075473:ERROR:ui/display/mac/cv_display_link_mac.mm:195] CVDisplayLinkCreateWithCGDisplay failed. CVReturn: -6670
[17155:1573610:0921/135029.075532:ERROR:ui/display/mac/cv_display_link_mac.mm:195] CVDisplayLinkCreateWithCGDisplay failed. CVReturn: -6670
[17156:1573601:0921/135029.594560:ERROR:net/socket/ssl_client_socket_impl.cc:949] handshake failed; returned -1, SSL error code 1, net_error -100
[17156:1573601:0921/135030.045349:ERROR:net/socket/ssl_client_socket_impl.cc:949] handshake failed; returned -1, SSL error code 1, net_error -100
[17488:1575579:0921/135030.451553:VERBOSE1:chrome/updater/updater.cc:374] Version: 152.0.7933.0, opt, ARM_64, command line: /Users/qlyf/Library/Application Support/Google/GoogleUpdater/152.0.7933.0/GoogleUpdater.app/Contents/MacOS/GoogleUpdater --wake-all --enable-logging --vmodule=*/components/update_client/*=2,*/chrome/enterprise_companion/*=2,*/chrome/updater/*=2
[17488:1575579:0921/135030.452025:VERBOSE1:chrome/updater/updater.cc:377] OS version: 15.8.0, arch: arm64, System uptime (seconds): 42101, parent pid: 17147
[17488:1575579:0921/135030.453636:VERBOSE1:chrome/updater/updater.cc:382] Available disk space in install directory (/Users/qlyf/Library/Application Support/Google/GoogleUpdater): 77022535680B (71.733GiB) / 245107195904B (228.274GiB)
[17488:1575579:0921/135030.453649:VERBOSE1:chrome/updater/updater.cc:386] Available disk space in temporary directory (/var/folders/3z/wj46qg4j2pn2fwgtccdj093m0000gn/T/): 77022535680B (71.733GiB) / 245107195904B (228.274GiB)
[17488:1575579:0921/135030.453718:VERBOSE2:chrome/updater/event_history.cc:265] Emitted a UPDATER_PROCESS START event to the history log
[17490:1575583:0921/135030.460073:VERBOSE1:chrome/updater/updater.cc:374] Version: 152.0.7933.0, opt, ARM_64, command line: /Users/qlyf/Library/Application Support/Google/GoogleUpdater/152.0.7933.0/GoogleUpdater.app/Contents/MacOS/GoogleUpdater --crash-handler --database=/Users/qlyf/Library/Application Support/Google/GoogleUpdater/152.0.7933.0/Crashpad --url=https://clients2.google.com/cr/report --annotation=prod=Update4 --annotation=ver=152.0.7933.0 --handshake-fd=6 --enable-logging --vmodule=*/components/update_client/*=2,*/chrome/enterprise_companion/*=2,*/chrome/updater/*=2
[17490:1575583:0921/135030.460408:VERBOSE1:chrome/updater/updater.cc:377] OS version: 15.8.0, arch: arm64, System uptime (seconds): 42101, parent pid: 1
[17490:1575583:0921/135030.461670:VERBOSE1:chrome/updater/updater.cc:382] Available disk space in install directory (/Users/qlyf/Library/Application Support/Google/GoogleUpdater): 77022535680B (71.733GiB) / 245107195904B (228.274GiB)
[17490:1575583:0921/135030.461681:VERBOSE1:chrome/updater/updater.cc:386] Available disk space in temporary directory (/var/folders/3z/wj46qg4j2pn2fwgtccdj093m0000gn/T/): 77022535680B (71.733GiB) / 245107195904B (228.274GiB)
[17490:1575583:0921/135030.461732:VERBOSE2:chrome/updater/event_history.cc:265] Emitted a UPDATER_PROCESS START event to the history log
[17488:1575579:0921/135030.462025:VERBOSE1:chrome/updater/crash_reporter.cc:124] Crash handler launched and ready.
[17488:1575579:0921/135030.462469:VERBOSE1:chrome/updater/crash_client.cc:108] Found 0 completed crash reports
[17488:1575579:0921/135030.462513:VERBOSE1:chrome/updater/crash_client.cc:132] Found 0 pending crash reports
[17488:1575579:0921/135030.462562:ERROR:third_party/crashpad/crashpad/util/file/file_io_posix.cc:145] open /Users/qlyf/Library/Application Support/Google/RLZ/Crashpad/settings.dat: No such file or directory (2)
[17488:1575579:0921/135030.462571:ERROR:third_party/crashpad/crashpad/util/file/file_io_posix.cc:145] open /Users/qlyf/Library/Application Support/Google/Chrome for Testing/Crashpad/settings.dat: No such file or directory (2)
[17488:1575579:0921/135030.462722:VERBOSE1:chrome/updater/updater.cc:105] Crash reporting initialized.
[17488:1575591:0921/135030.462933:VERBOSE1:chrome/updater/app/app_wakeall.cc:58] Launching `/Users/qlyf/Library/Application Support/Google/GoogleUpdater/152.0.7933.0/GoogleUpdater.app/Contents/MacOS/GoogleUpdater --wake`
[17491:1575595:0921/135030.468103:VERBOSE1:chrome/updater/updater.cc:374] Version: 152.0.7933.0, opt, ARM_64, command line: /Users/qlyf/Library/Application Support/Google/GoogleUpdater/152.0.7933.0/GoogleUpdater.app/Contents/MacOS/GoogleUpdater --wake --enable-logging --vmodule=*/components/update_client/*=2,*/chrome/enterprise_companion/*=2,*/chrome/updater/*=2
[17491:1575595:0921/135030.468389:VERBOSE1:chrome/updater/updater.cc:377] OS version: 15.8.0, arch: arm64, System uptime (seconds): 42101, parent pid: 17488
[17491:1575595:0921/135030.469540:VERBOSE1:chrome/updater/updater.cc:382] Available disk space in install directory (/Users/qlyf/Library/Application Support/Google/GoogleUpdater): 77022535680B (71.733GiB) / 245107195904B (228.274GiB)
[17491:1575595:0921/135030.469550:VERBOSE1:chrome/updater/updater.cc:386] Available disk space in temporary directory (/var/folders/3z/wj46qg4j2pn2fwgtccdj093m0000gn/T/): 77022535680B (71.733GiB) / 245107195904B (228.274GiB)
[17491:1575595:0921/135030.469594:VERBOSE2:chrome/updater/event_history.cc:265] Emitted a UPDATER_PROCESS START event to the history log
[17493:1575599:0921/135030.474595:VERBOSE1:chrome/updater/updater.cc:374] Version: 152.0.7933.0, opt, ARM_64, command line: /Users/qlyf/Library/Application Support/Google/GoogleUpdater/152.0.7933.0/GoogleUpdater.app/Contents/MacOS/GoogleUpdater --crash-handler --database=/Users/qlyf/Library/Application Support/Google/GoogleUpdater/152.0.7933.0/Crashpad --url=https://clients2.google.com/cr/report --annotation=prod=Update4 --annotation=ver=152.0.7933.0 --handshake-fd=6 --enable-logging --vmodule=*/components/update_client/*=2,*/chrome/enterprise_companion/*=2,*/chrome/updater/*=2
[17493:1575599:0921/135030.474880:VERBOSE1:chrome/updater/updater.cc:377] OS version: 15.8.0, arch: arm64, System uptime (seconds): 42101, parent pid: 1
[17493:1575599:0921/135030.475982:VERBOSE1:chrome/updater/updater.cc:382] Available disk space in install directory (/Users/qlyf/Library/Application Support/Google/GoogleUpdater): 77022535680B (71.733GiB) / 245107195904B (228.274GiB)
[17493:1575599:0921/135030.475992:VERBOSE1:chrome/updater/updater.cc:386] Available disk space in temporary directory (/var/folders/3z/wj46qg4j2pn2fwgtccdj093m0000gn/T/): 77022535680B (71.733GiB) / 245107195904B (228.274GiB)
[17493:1575599:0921/135030.476048:VERBOSE2:chrome/updater/event_history.cc:265] Emitted a UPDATER_PROCESS START event to the history log
[17491:1575595:0921/135030.476336:VERBOSE1:chrome/updater/crash_reporter.cc:124] Crash handler launched and ready.
[17491:1575595:0921/135030.476736:VERBOSE1:chrome/updater/crash_client.cc:108] Found 0 completed crash reports
[17491:1575595:0921/135030.476784:VERBOSE1:chrome/updater/crash_client.cc:132] Found 0 pending crash reports
[17491:1575595:0921/135030.476831:ERROR:third_party/crashpad/crashpad/util/file/file_io_posix.cc:145] open /Users/qlyf/Library/Application Support/Google/RLZ/Crashpad/settings.dat: No such file or directory (2)
[17491:1575595:0921/135030.476840:ERROR:third_party/crashpad/crashpad/util/file/file_io_posix.cc:145] open /Users/qlyf/Library/Application Support/Google/Chrome for Testing/Crashpad/settings.dat: No such file or directory (2)
[17491:1575595:0921/135030.476964:VERBOSE1:chrome/updater/updater.cc:105] Crash reporting initialized.
[17491:1575595:0921/135030.477075:VERBOSE1:chrome/updater/ipc/update_service_internal_proxy_mojo.cc:61] Run
[17147:1573558:0921/135030.517283:ERROR:base/process/process_mac.cc:53] task_policy_set TASK_CATEGORY_POLICY: (os/kern) invalid argument (4)
[17147:1573558:0921/135030.517314:ERROR:base/process/process_mac.cc:98] task_policy_set TASK_SUPPRESSION_POLICY: (os/kern) invalid argument (4)
[17155:1573610:0921/135030.575289:ERROR:ui/display/mac/cv_display_link_mac.mm:195] CVDisplayLinkCreateWithCGDisplay failed. CVReturn: -6670
[17155:1573610:0921/135030.576485:ERROR:ui/display/mac/cv_display_link_mac.mm:195] CVDisplayLinkCreateWithCGDisplay failed. CVReturn: -6670
[17155:1573610:0921/135030.577065:ERROR:ui/display/mac/cv_display_link_mac.mm:195] CVDisplayLinkCreateWithCGDisplay failed. CVReturn: -6670
[17155:1573610:0921/135030.577195:ERROR:ui/display/mac/cv_display_link_mac.mm:195] CVDisplayLinkCreateWithCGDisplay failed. CVReturn: -6670
[17155:1573610:0921/135030.577318:ERROR:ui/display/mac/cv_display_link_mac.mm:195] CVDisplayLinkCreateWithCGDisplay failed. CVReturn: -6670
[17156:1573601:0921/135030.957870:ERROR:net/socket/ssl_client_socket_impl.cc:949] handshake failed; returned -1, SSL error code 1, net_error -100
[17156:1573601:0921/135031.017533:ERROR:net/socket/ssl_client_socket_impl.cc:949] handshake failed; returned -1, SSL error code 1, net_error -100
[17147:1573558:0921/135032.037247:ERROR:base/process/process_mac.cc:53] task_policy_set TASK_CATEGORY_POLICY: (os/kern) invalid argument (4)
[17147:1573558:0921/135032.037277:ERROR:base/process/process_mac.cc:98] task_policy_set TASK_SUPPRESSION_POLICY: (os/kern) invalid argument (4)
[17155:1573610:0921/135032.095567:ERROR:ui/display/mac/cv_display_link_mac.mm:195] CVDisplayLinkCreateWithCGDisplay failed. CVReturn: -6670
[17155:1573610:0921/135032.096549:ERROR:ui/display/mac/cv_display_link_mac.mm:195] CVDisplayLinkCreateWithCGDisplay failed. CVReturn: -6670
[17155:1573610:0921/135032.097089:ERROR:ui/display/mac/cv_display_link_mac.mm:195] CVDisplayLinkCreateWithCGDisplay failed. CVReturn: -6670
[17155:1573610:0921/135032.097153:ERROR:ui/display/mac/cv_display_link_mac.mm:195] CVDisplayLinkCreateWithCGDisplay failed. CVReturn: -6670
[17155:1573610:0921/135032.097215:ERROR:ui/display/mac/cv_display_link_mac.mm:195] CVDisplayLinkCreateWithCGDisplay failed. CVReturn: -6670
[17156:1573601:0921/135032.637098:ERROR:net/socket/ssl_client_socket_impl.cc:949] handshake failed; returned -1, SSL error code 1, net_error -100
[17156:1573601:0921/135033.097589:ERROR:net/socket/ssl_client_socket_impl.cc:949] handshake failed; returned -1, SSL error code 1, net_error -100
[17156:1573601:0921/135033.475755:ERROR:net/socket/ssl_client_socket_impl.cc:949] handshake failed; returned -1, SSL error code 1, net_error -100
[17147:1573558:0921/135033.560204:ERROR:base/process/process_mac.cc:53] task_policy_set TASK_CATEGORY_POLICY: (os/kern) invalid argument (4)
[17147:1573558:0921/135033.560258:ERROR:base/process/process_mac.cc:98] task_policy_set TASK_SUPPRESSION_POLICY: (os/kern) invalid argument (4)
[17491:1575595:0921/135045.747984:VERBOSE1:chrome/updater/app/app.cc:52] Shutdown: 0
[17491:1575595:0921/135045.748491:VERBOSE2:chrome/updater/event_history.cc:265] Emitted a UPDATER_PROCESS END event to the history log
[17491:1575595:0921/135045.748519:VERBOSE1:chrome/updater/updater.cc:419] UpdaterMain (--wake) returned 0.
[17488:1575591:0921/135045.904029:VERBOSE1:chrome/updater/app/app_wakeall.cc:68] `/Users/qlyf/Library/Application Support/Google/GoogleUpdater/152.0.7933.0/GoogleUpdater.app/Contents/MacOS/GoogleUpdater --wake` exited 0
[17488:1575579:0921/135045.904390:VERBOSE1:chrome/updater/app/app.cc:52] Shutdown: 0
[17488:1575579:0921/135045.905291:VERBOSE2:chrome/updater/event_history.cc:265] Emitted a UPDATER_PROCESS END event to the history log
[17488:1575579:0921/135045.905355:VERBOSE1:chrome/updater/updater.cc:419] UpdaterMain (--wake-all) returned 0.
[17493:1575599:0921/135055.763654:VERBOSE2:chrome/updater/event_history.cc:265] Emitted a UPDATER_PROCESS END event to the history log
[17493:1575599:0921/135055.763695:VERBOSE1:chrome/updater/updater.cc:419] UpdaterMain (--crash-handler) returned 0.
[17490:1575583:0921/135055.764655:VERBOSE2:chrome/updater/event_history.cc:265] Emitted a UPDATER_PROCESS END event to the history log
[17490:1575583:0921/135055.764688:VERBOSE1:chrome/updater/updater.cc:419] UpdaterMain (--crash-handler) returned 0.
