
DevTools listening on ws://127.0.0.1:18774/devtools/browser/a04d442b-6a48-43ea-9fe8-69aa9106a184
Trying to load the allocator multiple times. This is *not* supported.
[18681:1580295:0921/135345.992703:ERROR:ui/display/mac/cv_display_link_mac.mm:195] CVDisplayLinkCreateWithCGDisplay failed. CVReturn: -6670
[18681:1580295:0921/135345.996319:ERROR:ui/display/mac/cv_display_link_mac.mm:195] CVDisplayLinkCreateWithCGDisplay failed. CVReturn: -6670
[18681:1580295:0921/135345.996670:ERROR:ui/display/mac/cv_display_link_mac.mm:195] CVDisplayLinkCreateWithCGDisplay failed. CVReturn: -6670
[18681:1580295:0921/135345.996830:ERROR:ui/display/mac/cv_display_link_mac.mm:195] CVDisplayLinkCreateWithCGDisplay failed. CVReturn: -6670
[18681:1580295:0921/135346.000249:ERROR:ui/display/mac/cv_display_link_mac.mm:195] CVDisplayLinkCreateWithCGDisplay failed. CVReturn: -6670
[18681:1580295:0921/135346.000332:ERROR:ui/display/mac/cv_display_link_mac.mm:195] CVDisplayLinkCreateWithCGDisplay failed. CVReturn: -6670
[18681:1580295:0921/135346.046378:ERROR:ui/display/mac/cv_display_link_mac.mm:195] CVDisplayLinkCreateWithCGDisplay failed. CVReturn: -6670
[18681:1580295:0921/135346.047726:ERROR:ui/display/mac/cv_display_link_mac.mm:195] CVDisplayLinkCreateWithCGDisplay failed. CVReturn: -6670
[18681:1580295:0921/135346.048546:ERROR:ui/display/mac/cv_display_link_mac.mm:195] CVDisplayLinkCreateWithCGDisplay failed. CVReturn: -6670
[18681:1580295:0921/135346.048655:ERROR:ui/display/mac/cv_display_link_mac.mm:195] CVDisplayLinkCreateWithCGDisplay failed. CVReturn: -6670
[18681:1580295:0921/135346.048809:ERROR:ui/display/mac/cv_display_link_mac.mm:195] CVDisplayLinkCreateWithCGDisplay failed. CVReturn: -6670
[18682:1580290:0921/135346.244896:ERROR:net/socket/ssl_client_socket_impl.cc:949] handshake failed; returned -1, SSL error code 1, net_error -100
[18682:1580290:0921/135346.257233:ERROR:net/socket/ssl_client_socket_impl.cc:949] handshake failed; returned -1, SSL error code 1, net_error -100
[18682:1580290:0921/135346.297587:ERROR:net/socket/ssl_client_socket_impl.cc:949] handshake failed; returned -1, SSL error code 1, net_error -100
[18682:1580290:0921/135346.635194:ERROR:net/socket/ssl_client_socket_impl.cc:949] handshake failed; returned -1, SSL error code 1, net_error -100
[18682:1580290:0921/135346.665378:ERROR:net/socket/ssl_client_socket_impl.cc:949] handshake failed; returned -1, SSL error code 1, net_error -100
[18682:1580290:0921/135346.665495:ERROR:net/socket/ssl_client_socket_impl.cc:949] handshake failed; returned -1, SSL error code 1, net_error -100
[18682:1580290:0921/135346.940070:ERROR:net/socket/ssl_client_socket_impl.cc:949] handshake failed; returned -1, SSL error code 1, net_error -100
[18682:1580290:0921/135346.950834:ERROR:net/socket/ssl_client_socket_impl.cc:949] handshake failed; returned -1, SSL error code 1, net_error -100
[18682:1580290:0921/135346.975865:ERROR:net/socket/ssl_client_socket_impl.cc:949] handshake failed; returned -1, SSL error code 1, net_error -100
[18682:1580290:0921/135347.228085:ERROR:net/socket/ssl_client_socket_impl.cc:949] handshake failed; returned -1, SSL error code 1, net_error -100
[18682:1580290:0921/135347.384226:ERROR:net/socket/ssl_client_socket_impl.cc:949] handshake failed; returned -1, SSL error code 1, net_error -100
[18682:1580290:0921/135347.384769:ERROR:net/socket/ssl_client_socket_impl.cc:949] handshake failed; returned -1, SSL error code 1, net_error -100
[18682:1580290:0921/135347.548396:ERROR:net/socket/ssl_client_socket_impl.cc:949] handshake failed; returned -1, SSL error code 1, net_error -100
[18682:1580290:0921/135347.711258:ERROR:net/socket/ssl_client_socket_impl.cc:949] handshake failed; returned -1, SSL error code 1, net_error -100
[18682:1580290:0921/135347.711453:ERROR:net/socket/ssl_client_socket_impl.cc:949] handshake failed; returned -1, SSL error code 1, net_error -100
[18682:1580290:0921/135347.855221:ERROR:net/socket/ssl_client_socket_impl.cc:949] handshake failed; returned -1, SSL error code 1, net_error -100
[18681:1580295:0921/135348.082209:ERROR:ui/display/mac/cv_display_link_mac.mm:195] CVDisplayLinkCreateWithCGDisplay failed. CVReturn: -6670
[18681:1580295:0921/135348.131922:ERROR:ui/display/mac/cv_display_link_mac.mm:195] CVDisplayLinkCreateWithCGDisplay failed. CVReturn: -6670
[18682:1580290:0921/135348.154436:ERROR:net/socket/ssl_client_socket_impl.cc:949] handshake failed; returned -1, SSL error code 1, net_error -100
[18681:1580295:0921/135348.156311:ERROR:ui/display/mac/cv_display_link_mac.mm:195] CVDisplayLinkCreateWithCGDisplay failed. CVReturn: -6670
[18681:1580295:0921/135348.184582:ERROR:ui/display/mac/cv_display_link_mac.mm:195] CVDisplayLinkCreateWithCGDisplay failed. CVReturn: -6670
[18681:1580295:0921/135348.209685:ERROR:ui/display/mac/cv_display_link_mac.mm:195] CVDisplayLinkCreateWithCGDisplay failed. CVReturn: -6670
[18681:1580295:0921/135348.243983:ERROR:ui/display/mac/cv_display_link_mac.mm:195] CVDisplayLinkCreateWithCGDisplay failed. CVReturn: -6670
[18681:1580295:0921/135348.267302:ERROR:ui/display/mac/cv_display_link_mac.mm:195] CVDisplayLinkCreateWithCGDisplay failed. CVReturn: -6670
[18682:1580290:0921/135348.847022:ERROR:net/socket/ssl_client_socket_impl.cc:949] handshake failed; returned -1, SSL error code 1, net_error -100
[18682:1580290:0921/135349.134521:ERROR:net/socket/ssl_client_socket_impl.cc:949] handshake failed; returned -1, SSL error code 1, net_error -100
[18682:1580290:0921/135349.255231:ERROR:net/socket/ssl_client_socket_impl.cc:949] handshake failed; returned -1, SSL error code 1, net_error -100
[18682:1580290:0921/135349.255348:ERROR:net/socket/ssl_client_socket_impl.cc:949] handshake failed; returned -1, SSL error code 1, net_error -100
[18675:1580233:0921/135349.321138:ERROR:google_apis/gcm/engine/registration_request.cc:291] Registration response error message: DEPRECATED_ENDPOINT
[18682:1580290:0921/135349.533670:ERROR:net/socket/ssl_client_socket_impl.cc:949] handshake failed; returned -1, SSL error code 1, net_error -100
[18682:1580290:0921/135349.542756:ERROR:net/socket/ssl_client_socket_impl.cc:949] handshake failed; returned -1, SSL error code 1, net_error -100
[18675:1580233:0921/135349.543048:ERROR:google_apis/gcm/engine/connection_factory_impl.cc:435] Failed to connect to MCS endpoint with error -100
[18675:1580250:0921/135350.592379:ERROR:base/process/process_mac.cc:53] task_policy_set TASK_CATEGORY_POLICY: (os/kern) invalid argument (4)
[18675:1580250:0921/135350.593659:ERROR:base/process/process_mac.cc:98] task_policy_set TASK_SUPPRESSION_POLICY: (os/kern) invalid argument (4)
