
DevTools listening on ws://127.0.0.1:18782/devtools/browser/94df65fa-24d7-4cc2-aaaf-20f4637e89bc
Trying to load the allocator multiple times. This is *not* supported.
[86749:4289899:0922/202606.211693:ERROR:ui/display/mac/cv_display_link_mac.mm:195] CVDisplayLinkCreateWithCGDisplay failed. CVReturn: -6670
[86749:4289899:0922/202606.211979:ERROR:ui/display/mac/cv_display_link_mac.mm:195] CVDisplayLinkCreateWithCGDisplay failed. CVReturn: -6670
[86749:4289899:0922/202606.212039:ERROR:ui/display/mac/cv_display_link_mac.mm:195] CVDisplayLinkCreateWithCGDisplay failed. CVReturn: -6670
[86749:4289899:0922/202606.212087:ERROR:ui/display/mac/cv_display_link_mac.mm:195] CVDisplayLinkCreateWithCGDisplay failed. CVReturn: -6670
[86749:4289899:0922/202606.212127:ERROR:ui/display/mac/cv_display_link_mac.mm:195] CVDisplayLinkCreateWithCGDisplay failed. CVReturn: -6670
[86749:4289899:0922/202606.212164:ERROR:ui/display/mac/cv_display_link_mac.mm:195] CVDisplayLinkCreateWithCGDisplay failed. CVReturn: -6670
[86749:4289899:0922/202606.251513:ERROR:ui/display/mac/cv_display_link_mac.mm:195] CVDisplayLinkCreateWithCGDisplay failed. CVReturn: -6670
[86749:4289899:0922/202606.253282:ERROR:ui/display/mac/cv_display_link_mac.mm:195] CVDisplayLinkCreateWithCGDisplay failed. CVReturn: -6670
[86749:4289899:0922/202606.256116:ERROR:ui/display/mac/cv_display_link_mac.mm:195] CVDisplayLinkCreateWithCGDisplay failed. CVReturn: -6670
[86749:4289899:0922/202606.256228:ERROR:ui/display/mac/cv_display_link_mac.mm:195] CVDisplayLinkCreateWithCGDisplay failed. CVReturn: -6670
[86749:4289899:0922/202606.256345:ERROR:ui/display/mac/cv_display_link_mac.mm:195] CVDisplayLinkCreateWithCGDisplay failed. CVReturn: -6670
[86749:4289899:0922/202608.286252:ERROR:ui/display/mac/cv_display_link_mac.mm:195] CVDisplayLinkCreateWithCGDisplay failed. CVReturn: -6670
[86749:4289899:0922/202608.338211:ERROR:ui/display/mac/cv_display_link_mac.mm:195] CVDisplayLinkCreateWithCGDisplay failed. CVReturn: -6670
[86749:4289899:0922/202608.364261:ERROR:ui/display/mac/cv_display_link_mac.mm:195] CVDisplayLinkCreateWithCGDisplay failed. CVReturn: -6670
[86749:4289899:0922/202608.393678:ERROR:ui/display/mac/cv_display_link_mac.mm:195] CVDisplayLinkCreateWithCGDisplay failed. CVReturn: -6670
[86749:4289899:0922/202608.416960:ERROR:ui/display/mac/cv_display_link_mac.mm:195] CVDisplayLinkCreateWithCGDisplay failed. CVReturn: -6670
[86749:4289899:0922/202608.450844:ERROR:ui/display/mac/cv_display_link_mac.mm:195] CVDisplayLinkCreateWithCGDisplay failed. CVReturn: -6670
[86749:4289899:0922/202608.473708:ERROR:ui/display/mac/cv_display_link_mac.mm:195] CVDisplayLinkCreateWithCGDisplay failed. CVReturn: -6670
[86745:4289826:0922/202608.920752:ERROR:google_apis/gcm/engine/registration_request.cc:291] Registration response error message: DEPRECATED_ENDPOINT
[86749:4289899:0922/202609.032417:ERROR:ui/display/mac/cv_display_link_mac.mm:195] CVDisplayLinkCreateWithCGDisplay failed. CVReturn: -6670
[86745:4289838:0922/202610.254396:ERROR:base/process/process_mac.cc:53] task_policy_set TASK_CATEGORY_POLICY: (os/kern) invalid argument (4)
[86745:4289838:0922/202610.254482:ERROR:base/process/process_mac.cc:98] task_policy_set TASK_SUPPRESSION_POLICY: (os/kern) invalid argument (4)
[86749:4289899:0922/202610.318314:ERROR:ui/display/mac/cv_display_link_mac.mm:195] CVDisplayLinkCreateWithCGDisplay failed. CVReturn: -6670
[86749:4289899:0922/202610.319358:ERROR:ui/display/mac/cv_display_link_mac.mm:195] CVDisplayLinkCreateWithCGDisplay failed. CVReturn: -6670
[86749:4289899:0922/202610.319899:ERROR:ui/display/mac/cv_display_link_mac.mm:195] CVDisplayLinkCreateWithCGDisplay failed. CVReturn: -6670
[86749:4289899:0922/202610.319957:ERROR:ui/display/mac/cv_display_link_mac.mm:195] CVDisplayLinkCreateWithCGDisplay failed. CVReturn: -6670
[86749:4289899:0922/202610.320005:ERROR:ui/display/mac/cv_display_link_mac.mm:195] CVDisplayLinkCreateWithCGDisplay failed. CVReturn: -6670
[86750:4289890:0922/202612.642998:ERROR:net/socket/ssl_client_socket_impl.cc:949] handshake failed; returned -1, SSL error code 1, net_error -100
[86745:4289838:0922/202613.893152:ERROR:base/process/process_mac.cc:53] task_policy_set TASK_CATEGORY_POLICY: (os/kern) invalid argument (4)
[86745:4289838:0922/202613.893224:ERROR:base/process/process_mac.cc:98] task_policy_set TASK_SUPPRESSION_POLICY: (os/kern) invalid argument (4)
[86749:4289899:0922/202613.955573:ERROR:ui/display/mac/cv_display_link_mac.mm:195] CVDisplayLinkCreateWithCGDisplay failed. CVReturn: -6670
[86749:4289899:0922/202613.956550:ERROR:ui/display/mac/cv_display_link_mac.mm:195] CVDisplayLinkCreateWithCGDisplay failed. CVReturn: -6670
[86749:4289899:0922/202613.957014:ERROR:ui/display/mac/cv_display_link_mac.mm:195] CVDisplayLinkCreateWithCGDisplay failed. CVReturn: -6670
[86749:4289899:0922/202613.957072:ERROR:ui/display/mac/cv_display_link_mac.mm:195] CVDisplayLinkCreateWithCGDisplay failed. CVReturn: -6670
[86749:4289899:0922/202613.957129:ERROR:ui/display/mac/cv_display_link_mac.mm:195] CVDisplayLinkCreateWithCGDisplay failed. CVReturn: -6670
[86745:4289838:0922/202617.933701:ERROR:base/process/process_mac.cc:53] task_policy_set TASK_CATEGORY_POLICY: (os/kern) invalid argument (4)
[86745:4289838:0922/202617.934062:ERROR:base/process/process_mac.cc:98] task_policy_set TASK_SUPPRESSION_POLICY: (os/kern) invalid argument (4)
[86749:4289899:0922/202617.993275:ERROR:ui/display/mac/cv_display_link_mac.mm:195] CVDisplayLinkCreateWithCGDisplay failed. CVReturn: -6670
[86749:4289899:0922/202617.994638:ERROR:ui/display/mac/cv_display_link_mac.mm:195] CVDisplayLinkCreateWithCGDisplay failed. CVReturn: -6670
[86749:4289899:0922/202617.995569:ERROR:ui/display/mac/cv_display_link_mac.mm:195] CVDisplayLinkCreateWithCGDisplay failed. CVReturn: -6670
[86749:4289899:0922/202617.995646:ERROR:ui/display/mac/cv_display_link_mac.mm:195] CVDisplayLinkCreateWithCGDisplay failed. CVReturn: -6670
[86749:4289899:0922/202617.995787:ERROR:ui/display/mac/cv_display_link_mac.mm:195] CVDisplayLinkCreateWithCGDisplay failed. CVReturn: -6670
Created TensorFlow Lite XNNPACK delegate for CPU.
[86745:4289838:0922/202620.756414:ERROR:base/process/process_mac.cc:53] task_policy_set TASK_CATEGORY_POLICY: (os/kern) invalid argument (4)
[86745:4289838:0922/202620.756430:ERROR:base/process/process_mac.cc:98] task_policy_set TASK_SUPPRESSION_POLICY: (os/kern) invalid argument (4)
[86749:4289899:0922/202620.807453:ERROR:ui/display/mac/cv_display_link_mac.mm:195] CVDisplayLinkCreateWithCGDisplay failed. CVReturn: -6670
[86749:4289899:0922/202620.808310:ERROR:ui/display/mac/cv_display_link_mac.mm:195] CVDisplayLinkCreateWithCGDisplay failed. CVReturn: -6670
[86749:4289899:0922/202620.808813:ERROR:ui/display/mac/cv_display_link_mac.mm:195] CVDisplayLinkCreateWithCGDisplay failed. CVReturn: -6670
[86749:4289899:0922/202620.808876:ERROR:ui/display/mac/cv_display_link_mac.mm:195] CVDisplayLinkCreateWithCGDisplay failed. CVReturn: -6670
[86749:4289899:0922/202620.808983:ERROR:ui/display/mac/cv_display_link_mac.mm:195] CVDisplayLinkCreateWithCGDisplay failed. CVReturn: -6670
[86745:4289838:0922/202623.583298:ERROR:base/process/process_mac.cc:53] task_policy_set TASK_CATEGORY_POLICY: (os/kern) invalid argument (4)
[86745:4289838:0922/202623.583370:ERROR:base/process/process_mac.cc:98] task_policy_set TASK_SUPPRESSION_POLICY: (os/kern) invalid argument (4)
[86749:4289899:0922/202623.642181:ERROR:ui/display/mac/cv_display_link_mac.mm:195] CVDisplayLinkCreateWithCGDisplay failed. CVReturn: -6670
[86749:4289899:0922/202623.642969:ERROR:ui/display/mac/cv_display_link_mac.mm:195] CVDisplayLinkCreateWithCGDisplay failed. CVReturn: -6670
[86749:4289899:0922/202623.643468:ERROR:ui/display/mac/cv_display_link_mac.mm:195] CVDisplayLinkCreateWithCGDisplay failed. CVReturn: -6670
[86749:4289899:0922/202623.643526:ERROR:ui/display/mac/cv_display_link_mac.mm:195] CVDisplayLinkCreateWithCGDisplay failed. CVReturn: -6670
[86749:4289899:0922/202623.643631:ERROR:ui/display/mac/cv_display_link_mac.mm:195] CVDisplayLinkCreateWithCGDisplay failed. CVReturn: -6670
[86984:4291537:0922/202625.138555:VERBOSE1:chrome/updater/updater.cc:374] Version: 152.0.7933.0, opt, ARM_64, command line: /Users/qlyf/Library/Application Support/Google/GoogleUpdater/152.0.7933.0/GoogleUpdater.app/Contents/MacOS/GoogleUpdater --wake-all --enable-logging --vmodule=*/components/update_client/*=2,*/chrome/enterprise_companion/*=2,*/chrome/updater/*=2
[86984:4291537:0922/202625.138952:VERBOSE1:chrome/updater/updater.cc:377] OS version: 15.8.0, arch: arm64, System uptime (seconds): 70915, parent pid: 86745
[86984:4291537:0922/202625.140475:VERBOSE1:chrome/updater/updater.cc:382] Available disk space in install directory (/Users/qlyf/Library/Application Support/Google/GoogleUpdater): 89698058240B (83.538GiB) / 245107195904B (228.274GiB)
[86984:4291537:0922/202625.140488:VERBOSE1:chrome/updater/updater.cc:386] Available disk space in temporary directory (/var/folders/3z/wj46qg4j2pn2fwgtccdj093m0000gn/T/): 89698058240B (83.538GiB) / 245107195904B (228.274GiB)
[86984:4291537:0922/202625.140545:VERBOSE2:chrome/updater/event_history.cc:265] Emitted a UPDATER_PROCESS START event to the history log
[86986:4291541:0922/202625.146386:VERBOSE1:chrome/updater/updater.cc:374] Version: 152.0.7933.0, opt, ARM_64, command line: /Users/qlyf/Library/Application Support/Google/GoogleUpdater/152.0.7933.0/GoogleUpdater.app/Contents/MacOS/GoogleUpdater --crash-handler --database=/Users/qlyf/Library/Application Support/Google/GoogleUpdater/152.0.7933.0/Crashpad --url=https://clients2.google.com/cr/report --annotation=prod=Update4 --annotation=ver=152.0.7933.0 --handshake-fd=6 --enable-logging --vmodule=*/components/update_client/*=2,*/chrome/enterprise_companion/*=2,*/chrome/updater/*=2
[86986:4291541:0922/202625.146687:VERBOSE1:chrome/updater/updater.cc:377] OS version: 15.8.0, arch: arm64, System uptime (seconds): 70915, parent pid: 1
[86986:4291541:0922/202625.147863:VERBOSE1:chrome/updater/updater.cc:382] Available disk space in install directory (/Users/qlyf/Library/Application Support/Google/GoogleUpdater): 89698058240B (83.538GiB) / 245107195904B (228.274GiB)
[86986:4291541:0922/202625.147874:VERBOSE1:chrome/updater/updater.cc:386] Available disk space in temporary directory (/var/folders/3z/wj46qg4j2pn2fwgtccdj093m0000gn/T/): 89698058240B (83.538GiB) / 245107195904B (228.274GiB)
[86986:4291541:0922/202625.147923:VERBOSE2:chrome/updater/event_history.cc:265] Emitted a UPDATER_PROCESS START event to the history log
[86984:4291537:0922/202625.148220:VERBOSE1:chrome/updater/crash_reporter.cc:124] Crash handler launched and ready.
[86984:4291537:0922/202625.148778:VERBOSE1:chrome/updater/crash_client.cc:108] Found 1 completed crash reports
[86984:4291537:0922/202625.148786:VERBOSE1:chrome/updater/crash_client.cc:117] Crash since last run: ID "", created at 1790000679, 1 upload attempts, file path "/Users/qlyf/Library/Application Support/Google/GoogleUpdater/152.0.7933.0/Crashpad/completed/27b16e46-abf4-4919-a60b-0c7b04fcdd89.dmp", unique ID "27b16e46-abf4-4919-a60b-0c7b04fcdd89"; uploaded: no
[86984:4291537:0922/202625.148831:VERBOSE1:chrome/updater/crash_client.cc:132] Found 0 pending crash reports
[86984:4291537:0922/202625.148879:ERROR:third_party/crashpad/crashpad/util/file/file_io_posix.cc:145] open /Users/qlyf/Library/Application Support/Google/RLZ/Crashpad/settings.dat: No such file or directory (2)
[86984:4291537:0922/202625.148889:ERROR:third_party/crashpad/crashpad/util/file/file_io_posix.cc:145] open /Users/qlyf/Library/Application Support/Google/Chrome for Testing/Crashpad/settings.dat: No such file or directory (2)
[86984:4291537:0922/202625.149029:VERBOSE1:chrome/updater/updater.cc:105] Crash reporting initialized.
[86984:4291549:0922/202625.149219:VERBOSE1:chrome/updater/app/app_wakeall.cc:58] Launching `/Users/qlyf/Library/Application Support/Google/GoogleUpdater/152.0.7933.0/GoogleUpdater.app/Contents/MacOS/GoogleUpdater --wake`
[86987:4291553:0922/202625.154088:VERBOSE1:chrome/updater/updater.cc:374] Version: 152.0.7933.0, opt, ARM_64, command line: /Users/qlyf/Library/Application Support/Google/GoogleUpdater/152.0.7933.0/GoogleUpdater.app/Contents/MacOS/GoogleUpdater --wake --enable-logging --vmodule=*/components/update_client/*=2,*/chrome/enterprise_companion/*=2,*/chrome/updater/*=2
[86987:4291553:0922/202625.154405:VERBOSE1:chrome/updater/updater.cc:377] OS version: 15.8.0, arch: arm64, System uptime (seconds): 70915, parent pid: 86984
[86987:4291553:0922/202625.155526:VERBOSE1:chrome/updater/updater.cc:382] Available disk space in install directory (/Users/qlyf/Library/Application Support/Google/GoogleUpdater): 89698058240B (83.538GiB) / 245107195904B (228.274GiB)
[86987:4291553:0922/202625.155535:VERBOSE1:chrome/updater/updater.cc:386] Available disk space in temporary directory (/var/folders/3z/wj46qg4j2pn2fwgtccdj093m0000gn/T/): 89698058240B (83.538GiB) / 245107195904B (228.274GiB)
[86987:4291553:0922/202625.155576:VERBOSE2:chrome/updater/event_history.cc:265] Emitted a UPDATER_PROCESS START event to the history log
[86989:4291557:0922/202625.160218:VERBOSE1:chrome/updater/updater.cc:374] Version: 152.0.7933.0, opt, ARM_64, command line: /Users/qlyf/Library/Application Support/Google/GoogleUpdater/152.0.7933.0/GoogleUpdater.app/Contents/MacOS/GoogleUpdater --crash-handler --database=/Users/qlyf/Library/Application Support/Google/GoogleUpdater/152.0.7933.0/Crashpad --url=https://clients2.google.com/cr/report --annotation=prod=Update4 --annotation=ver=152.0.7933.0 --handshake-fd=6 --enable-logging --vmodule=*/components/update_client/*=2,*/chrome/enterprise_companion/*=2,*/chrome/updater/*=2
[86989:4291557:0922/202625.160479:VERBOSE1:chrome/updater/updater.cc:377] OS version: 15.8.0, arch: arm64, System uptime (seconds): 70915, parent pid: 1
[86989:4291557:0922/202625.161534:VERBOSE1:chrome/updater/updater.cc:382] Available disk space in install directory (/Users/qlyf/Library/Application Support/Google/GoogleUpdater): 89698058240B (83.538GiB) / 245107195904B (228.274GiB)
[86989:4291557:0922/202625.161542:VERBOSE1:chrome/updater/updater.cc:386] Available disk space in temporary directory (/var/folders/3z/wj46qg4j2pn2fwgtccdj093m0000gn/T/): 89698058240B (83.538GiB) / 245107195904B (228.274GiB)
[86989:4291557:0922/202625.161584:VERBOSE2:chrome/updater/event_history.cc:265] Emitted a UPDATER_PROCESS START event to the history log
[86987:4291553:0922/202625.161839:VERBOSE1:chrome/updater/crash_reporter.cc:124] Crash handler launched and ready.
[86987:4291553:0922/202625.162330:VERBOSE1:chrome/updater/crash_client.cc:108] Found 1 completed crash reports
[86987:4291553:0922/202625.162338:VERBOSE1:chrome/updater/crash_client.cc:117] Crash since last run: ID "", created at 1790000679, 1 upload attempts, file path "/Users/qlyf/Library/Application Support/Google/GoogleUpdater/152.0.7933.0/Crashpad/completed/27b16e46-abf4-4919-a60b-0c7b04fcdd89.dmp", unique ID "27b16e46-abf4-4919-a60b-0c7b04fcdd89"; uploaded: no
[86987:4291553:0922/202625.162376:VERBOSE1:chrome/updater/crash_client.cc:132] Found 0 pending crash reports
[86987:4291553:0922/202625.162415:ERROR:third_party/crashpad/crashpad/util/file/file_io_posix.cc:145] open /Users/qlyf/Library/Application Support/Google/RLZ/Crashpad/settings.dat: No such file or directory (2)
[86987:4291553:0922/202625.162422:ERROR:third_party/crashpad/crashpad/util/file/file_io_posix.cc:145] open /Users/qlyf/Library/Application Support/Google/Chrome for Testing/Crashpad/settings.dat: No such file or directory (2)
[86987:4291553:0922/202625.162543:VERBOSE1:chrome/updater/updater.cc:105] Crash reporting initialized.
[86987:4291553:0922/202625.162637:VERBOSE1:chrome/updater/ipc/update_service_internal_proxy_mojo.cc:61] Run
[86745:4289838:0922/202626.414142:ERROR:base/process/process_mac.cc:53] task_policy_set TASK_CATEGORY_POLICY: (os/kern) invalid argument (4)
[86745:4289838:0922/202626.414172:ERROR:base/process/process_mac.cc:98] task_policy_set TASK_SUPPRESSION_POLICY: (os/kern) invalid argument (4)
[86749:4289899:0922/202626.468356:ERROR:ui/display/mac/cv_display_link_mac.mm:195] CVDisplayLinkCreateWithCGDisplay failed. CVReturn: -6670
[86749:4289899:0922/202626.469215:ERROR:ui/display/mac/cv_display_link_mac.mm:195] CVDisplayLinkCreateWithCGDisplay failed. CVReturn: -6670
[86749:4289899:0922/202626.469690:ERROR:ui/display/mac/cv_display_link_mac.mm:195] CVDisplayLinkCreateWithCGDisplay failed. CVReturn: -6670
[86749:4289899:0922/202626.469761:ERROR:ui/display/mac/cv_display_link_mac.mm:195] CVDisplayLinkCreateWithCGDisplay failed. CVReturn: -6670
[86749:4289899:0922/202626.469817:ERROR:ui/display/mac/cv_display_link_mac.mm:195] CVDisplayLinkCreateWithCGDisplay failed. CVReturn: -6670
[86745:4289838:0922/202629.245589:ERROR:base/process/process_mac.cc:53] task_policy_set TASK_CATEGORY_POLICY: (os/kern) invalid argument (4)
[86745:4289838:0922/202629.245657:ERROR:base/process/process_mac.cc:98] task_policy_set TASK_SUPPRESSION_POLICY: (os/kern) invalid argument (4)
[86749:4289899:0922/202629.306654:ERROR:ui/display/mac/cv_display_link_mac.mm:195] CVDisplayLinkCreateWithCGDisplay failed. CVReturn: -6670
[86749:4289899:0922/202629.308327:ERROR:ui/display/mac/cv_display_link_mac.mm:195] CVDisplayLinkCreateWithCGDisplay failed. CVReturn: -6670
[86749:4289899:0922/202629.309168:ERROR:ui/display/mac/cv_display_link_mac.mm:195] CVDisplayLinkCreateWithCGDisplay failed. CVReturn: -6670
[86749:4289899:0922/202629.309223:ERROR:ui/display/mac/cv_display_link_mac.mm:195] CVDisplayLinkCreateWithCGDisplay failed. CVReturn: -6670
[86749:4289899:0922/202629.309283:ERROR:ui/display/mac/cv_display_link_mac.mm:195] CVDisplayLinkCreateWithCGDisplay failed. CVReturn: -6670
[86745:4289838:0922/202632.084257:ERROR:base/process/process_mac.cc:53] task_policy_set TASK_CATEGORY_POLICY: (os/kern) invalid argument (4)
[86745:4289838:0922/202632.084326:ERROR:base/process/process_mac.cc:98] task_policy_set TASK_SUPPRESSION_POLICY: (os/kern) invalid argument (4)
[86749:4289899:0922/202632.146613:ERROR:ui/display/mac/cv_display_link_mac.mm:195] CVDisplayLinkCreateWithCGDisplay failed. CVReturn: -6670
[86749:4289899:0922/202632.147644:ERROR:ui/display/mac/cv_display_link_mac.mm:195] CVDisplayLinkCreateWithCGDisplay failed. CVReturn: -6670
[86749:4289899:0922/202632.148181:ERROR:ui/display/mac/cv_display_link_mac.mm:195] CVDisplayLinkCreateWithCGDisplay failed. CVReturn: -6670
[86749:4289899:0922/202632.148252:ERROR:ui/display/mac/cv_display_link_mac.mm:195] CVDisplayLinkCreateWithCGDisplay failed. CVReturn: -6670
[86749:4289899:0922/202632.148310:ERROR:ui/display/mac/cv_display_link_mac.mm:195] CVDisplayLinkCreateWithCGDisplay failed. CVReturn: -6670
[86745:4289826:0922/202632.710802:ERROR:google_apis/gcm/engine/registration_request.cc:291] Registration response error message: DEPRECATED_ENDPOINT
[86745:4289838:0922/202634.918639:ERROR:base/process/process_mac.cc:53] task_policy_set TASK_CATEGORY_POLICY: (os/kern) invalid argument (4)
[86745:4289838:0922/202634.918685:ERROR:base/process/process_mac.cc:98] task_policy_set TASK_SUPPRESSION_POLICY: (os/kern) invalid argument (4)
[86749:4289899:0922/202634.970868:ERROR:ui/display/mac/cv_display_link_mac.mm:195] CVDisplayLinkCreateWithCGDisplay failed. CVReturn: -6670
[86749:4289899:0922/202634.972106:ERROR:ui/display/mac/cv_display_link_mac.mm:195] CVDisplayLinkCreateWithCGDisplay failed. CVReturn: -6670
[86749:4289899:0922/202634.973226:ERROR:ui/display/mac/cv_display_link_mac.mm:195] CVDisplayLinkCreateWithCGDisplay failed. CVReturn: -6670
[86749:4289899:0922/202634.973338:ERROR:ui/display/mac/cv_display_link_mac.mm:195] CVDisplayLinkCreateWithCGDisplay failed. CVReturn: -6670
[86749:4289899:0922/202634.973415:ERROR:ui/display/mac/cv_display_link_mac.mm:195] CVDisplayLinkCreateWithCGDisplay failed. CVReturn: -6670
[86745:4289838:0922/202637.737541:ERROR:base/process/process_mac.cc:53] task_policy_set TASK_CATEGORY_POLICY: (os/kern) invalid argument (4)
[86745:4289838:0922/202637.737574:ERROR:base/process/process_mac.cc:98] task_policy_set TASK_SUPPRESSION_POLICY: (os/kern) invalid argument (4)
[86749:4289899:0922/202637.790346:ERROR:ui/display/mac/cv_display_link_mac.mm:195] CVDisplayLinkCreateWithCGDisplay failed. CVReturn: -6670
[86749:4289899:0922/202637.791767:ERROR:ui/display/mac/cv_display_link_mac.mm:195] CVDisplayLinkCreateWithCGDisplay failed. CVReturn: -6670
[86749:4289899:0922/202637.792483:ERROR:ui/display/mac/cv_display_link_mac.mm:195] CVDisplayLinkCreateWithCGDisplay failed. CVReturn: -6670
[86749:4289899:0922/202637.792615:ERROR:ui/display/mac/cv_display_link_mac.mm:195] CVDisplayLinkCreateWithCGDisplay failed. CVReturn: -6670
[86749:4289899:0922/202637.792678:ERROR:ui/display/mac/cv_display_link_mac.mm:195] CVDisplayLinkCreateWithCGDisplay failed. CVReturn: -6670
[86987:4291553:0922/202641.229057:VERBOSE1:chrome/updater/app/app.cc:52] Shutdown: 0
[86987:4291553:0922/202641.229519:VERBOSE2:chrome/updater/event_history.cc:265] Emitted a UPDATER_PROCESS END event to the history log
[86987:4291553:0922/202641.229545:VERBOSE1:chrome/updater/updater.cc:419] UpdaterMain (--wake) returned 0.
[86984:4291549:0922/202641.401371:VERBOSE1:chrome/updater/app/app_wakeall.cc:68] `/Users/qlyf/Library/Application Support/Google/GoogleUpdater/152.0.7933.0/GoogleUpdater.app/Contents/MacOS/GoogleUpdater --wake` exited 0
[86984:4291537:0922/202641.401689:VERBOSE1:chrome/updater/app/app.cc:52] Shutdown: 0
[86984:4291537:0922/202641.402569:VERBOSE2:chrome/updater/event_history.cc:265] Emitted a UPDATER_PROCESS END event to the history log
[86984:4291537:0922/202641.402618:VERBOSE1:chrome/updater/updater.cc:419] UpdaterMain (--wake-all) returned 0.
[86745:4289838:0922/202644.622052:ERROR:base/process/process_mac.cc:53] task_policy_set TASK_CATEGORY_POLICY: (os/kern) invalid argument (4)
[86745:4289838:0922/202644.622214:ERROR:base/process/process_mac.cc:98] task_policy_set TASK_SUPPRESSION_POLICY: (os/kern) invalid argument (4)
[86989:4291557:0922/202651.244678:VERBOSE2:chrome/updater/event_history.cc:265] Emitted a UPDATER_PROCESS END event to the history log
[86989:4291557:0922/202651.244748:VERBOSE1:chrome/updater/updater.cc:419] UpdaterMain (--crash-handler) returned 0.
[86986:4291541:0922/202651.246462:VERBOSE2:chrome/updater/event_history.cc:265] Emitted a UPDATER_PROCESS END event to the history log
[86986:4291541:0922/202651.246514:VERBOSE1:chrome/updater/updater.cc:419] UpdaterMain (--crash-handler) returned 0.
