[OK] app-core.js: 263192 bytes, sha256: 4ee18ef5c24ba4c0cbfdd251c44d7b42ffe396c3eb429e33e0bf7ed5cf731ebd
[OK] icon-192.png: 1028 bytes, sha256: 48e5078385c990aa02f164874609dccb1108a54cdb8fb8882bdbfb3caaf38411
[OK] icon-512.png: 3690 bytes, sha256: a558b0502031e078b7a3087779f2777dffe5f5f7f8ccb3869783cc28f776f3af
[OK] icon.svg: 297 bytes, sha256: fb09a46eae6dcd7c165811710d8fb91ae47f4273bb7228711076ea016ce8ddbb
[OK] index.html: 81884 bytes, sha256: 994837548fce7d992d46b393a64274dda6c061baa72d8e1cdfb2f1cdc74962a8
[OK] lib/app-ai.js: 22419 bytes, sha256: e55a286009b102129e2efe3e1bdc0a9dc8b9fbb2f1bd4884b02b56d8e20862d9
[OK] lib/app-backup.js: 52540 bytes, sha256: 6871da9c87c906b943762a75c73573cbf9b9c13c84c40e8860652f3a3c8104e0
[OK] lib/app-capture.js: 30952 bytes, sha256: cbf3285f427c8aec7394b8305255a545e84c4ec8152faf0d1d8c6ce35da57a4b
[OK] lib/app-content.js: 10478 bytes, sha256: 82be748ea5719244cb725602a78599c1daff9a7fc349128d3e64eb7d76ab4289
[OK] lib/app-diagnostics.js: 37774 bytes, sha256: 36f91c1b7612628e6b7fab7c6d99560afd132f72ecc6c3df4622ad5df3c78b54
[OK] lib/app-items.js: 32526 bytes, sha256: e807599395caa4f0a69e13ab957a43bd6d377d5dbab682c32c121c4a7a4be519
[OK] lib/app-model.js: 4997 bytes, sha256: 0219c576a82d4df6fefe4dca62561c491f1b36c97d59de426afff7ccad41f94e
[OK] lib/app-persistence.js: 10454 bytes, sha256: d31a3112044af28c5efe14f770ccec99e9a5a3ce18172d81d79376ce3d6aab50
[OK] lib/app-setup.js: 22670 bytes, sha256: e7b000620da77777f0bd1cc5537d1f4a87aee0efc7aed6566d9248077a8ce112
[OK] lib/app-transaction.js: 14662 bytes, sha256: e6df807a8330c618ce5d9e4b7a4087bfe7f07fbab1b32a8693a49908b71dea48
[OK] lib/app-ui.js: 8394 bytes, sha256: 84e3e97663c2a7525ff25432f335a5a422791c83e26f81014b34443d63b632e4
[OK] lib/app-views.js: 37091 bytes, sha256: 2ef2c72b6319feb3414fd07914804296d4f9fa7888a834b3d95f1a98b2fafa37
[OK] lib/date-utils.js: 7506 bytes, sha256: 7328f1e6ec1634a523deb21ba96ff9f9bf50f6b2ebe827b3a1e7765394cdb46c
[OK] lib/delivery-evidence.js: 15664 bytes, sha256: 7ee77186881d8462450c8fe8a550840647ec9d7626c259fb9e29768290062d03
[OK] lib/export-format.js: 20728 bytes, sha256: 37e60a07624c2dda1f1afadec8c1b2d61fe5b4a5a34b4c9c82f2c10ed0270423
[OK] lib/feedback.js: 16445 bytes, sha256: bfe41dd392d5ff27d8c92b41154fc7e4e5a125eaaa1c8fae6ae3298186669eb3
[OK] lib/import-extract.js: 25093 bytes, sha256: edd959660e9fb9525ba7c290cde3019a81d53f1873c0ce31af24da30e1714bfa
[OK] lib/import-map.js: 10218 bytes, sha256: 51fe5528bb7189400946685ab0b9e9819f71eae8096166920deb048a4a0529d9
[OK] lib/native-reminders.js: 61466 bytes, sha256: 723f218c68866309f364e1e71968eb3efc6ae8b9b85aea7e211c878bee6e031b
[OK] lib/parse-cn.js: 22716 bytes, sha256: 80c6e4db43ebe018c2fc90fbe1e8b1cc126be801aec5ae790490cb5fe53a9f9d
[OK] lib/reminder.js: 5598 bytes, sha256: 886ab9eb1a438b34122b71a461ed89a4a5b37fa85dedf8ee7afa558ee58f62fd
[OK] lib/repeat.js: 5918 bytes, sha256: d48b8d67336976c4d514101b9990c904d8a00a9aa1ecabf3fe6abace86afd83a
[OK] lib/storage.js: 5880 bytes, sha256: b710ec23d819dfdc7eeeafa4688e44d69a11062a18c35b931c2240177721478a
[OK] lib/ui-format.js: 9232 bytes, sha256: 3dcccc41863aef136abe513527d79955c5b80be9d997f5ff90d68f0fd5850c9f
[OK] manifest.json: 1232 bytes, sha256: 660c2314cc921232ed9f9c3f7271839f57109e6640e1a9b0cf2a7259ca42e2f1
[OK] sw.js: 7279 bytes, sha256: acd6b79d712dcc7ba24c7f993029da48bbec42319d5b059580644d381bd46890

Result: 31 resources checked, allMatched = true
