设备验证开始 → docs/reviews/verification-runs/20260920T154419Z-grilling-main-device/device-verify

=== A 连接建立 ===
A-01   [PASS] adb 可用
A-02   [PASS] 设备发现
A-03   [PASS] 调试授权
A-04   [PASS] 连接稳定性（连续 3 次取样）
A-05   [PASS] 设备身份与传输通道

=== B 基础通信 ===
B-01   [PASS] 命令通道往返
B-02   [PASS] 设备时钟一致性
B-03   [PASS] 文件通道一致性（64KB 往返）
B-04   [PASS] 二进制通道（exec-out 截屏）
B-05   [PASS] 端口转发通道
B-06   [PASS] 日志通道（logcat 回读）
B-07   [PASS] 包管理通道（pm path）

=== C 核心功能模块 ===
F-01   [PASS] 设备能力（屏幕/电量/存储）
F-02   [PASS] 应用安装与版本
F-03   [WARN] 关键权限授予状态
              dumpsys 未显式记录：SCHEDULE_EXACT_ALARM、USE_EXACT_ALARM、SYSTEM_ALERT_WINDOW（多为未声明或改由 appops/替代权限承载，非失败项）
F-04   [PASS] 后台策略（appops / 电池白名单）
F-05   [WARN] 通知渠道（2/3）
              渠道未全部建立（首次启动后才会创建）
F-06   [PASS] 闹钟排程（dumpsys alarm）
              检测到 3 处 frozen 标记 —— 按已知结论：进程被冻结时任何投递都进不去
F-07   [PASS] 进程与冻结态
F-08   [PASS] 原生排程台账（shared_prefs）
F-09   [PASS] Web 运行时 ready()
F-10   [PASS] 业务逻辑真机回归
F-11   [PASS] 通知排程往返（写入类）
F-12   [PASS] 存储持久化往返（写入类）

=== D 收尾复核 ===
D-01   [PASS] 结束时链路仍在线
D-02   [PASS] 全程链路掉线次数

=== 汇总 ===
PASS 24 / FAIL 0 / WARN 2 / SKIP 0
  F-03  WARN   关键权限授予状态
         dumpsys 未显式记录：SCHEDULE_EXACT_ALARM、USE_EXACT_ALARM、SYSTEM_ALERT_WINDOW（多为未声明或改由 appops/替代权限承载，非失败项）
  F-05  WARN   通知渠道（2/3）
         渠道未全部建立（首次启动后才会创建）

结论：PASS_WITH_WARN
报告：docs/reviews/verification-runs/20260920T154419Z-grilling-main-device/device-verify/report.md
机器可读：docs/reviews/verification-runs/20260920T154419Z-grilling-main-device/device-verify/report.json
